Archive member included to satisfy reference by file (symbol)

c:/program files (x86)/arm gnu toolchain arm-none-eabi/11.2 2022.02/bin/../lib/gcc/arm-none-eabi/11.2.1/thumb/v7e-m+fp/hard\libc_nano.a(lib_a-exit.o)
                              c:/program files (x86)/arm gnu toolchain arm-none-eabi/11.2 2022.02/bin/../lib/gcc/arm-none-eabi/11.2.1/thumb/v7e-m+fp/hard/crt0.o (exit)
c:/program files (x86)/arm gnu toolchain arm-none-eabi/11.2 2022.02/bin/../lib/gcc/arm-none-eabi/11.2.1/thumb/v7e-m+fp/hard\libc_nano.a(lib_a-impure.o)
                              c:/program files (x86)/arm gnu toolchain arm-none-eabi/11.2 2022.02/bin/../lib/gcc/arm-none-eabi/11.2.1/thumb/v7e-m+fp/hard\libc_nano.a(lib_a-exit.o) (_global_impure_ptr)
c:/program files (x86)/arm gnu toolchain arm-none-eabi/11.2 2022.02/bin/../lib/gcc/arm-none-eabi/11.2.1/thumb/v7e-m+fp/hard\libc_nano.a(lib_a-init.o)
                              c:/program files (x86)/arm gnu toolchain arm-none-eabi/11.2 2022.02/bin/../lib/gcc/arm-none-eabi/11.2.1/thumb/v7e-m+fp/hard/crt0.o (__libc_init_array)
c:/program files (x86)/arm gnu toolchain arm-none-eabi/11.2 2022.02/bin/../lib/gcc/arm-none-eabi/11.2.1/thumb/v7e-m+fp/hard\libc_nano.a(lib_a-memcpy-stub.o)
                              build/uart_fifo.o (memcpy)
c:/program files (x86)/arm gnu toolchain arm-none-eabi/11.2 2022.02/bin/../lib/gcc/arm-none-eabi/11.2.1/thumb/v7e-m+fp/hard\libc_nano.a(lib_a-memset.o)
                              c:/program files (x86)/arm gnu toolchain arm-none-eabi/11.2 2022.02/bin/../lib/gcc/arm-none-eabi/11.2.1/thumb/v7e-m+fp/hard/crt0.o (memset)
c:/program files (x86)/arm gnu toolchain arm-none-eabi/11.2 2022.02/bin/../lib/gcc/arm-none-eabi/11.2.1/thumb/v7e-m+fp/hard\libc_nano.a(lib_a-sprintf.o)
                              build/ifr-scope_device.o (sprintf)
c:/program files (x86)/arm gnu toolchain arm-none-eabi/11.2 2022.02/bin/../lib/gcc/arm-none-eabi/11.2.1/thumb/v7e-m+fp/hard\libc_nano.a(lib_a-strcmp.o)
                              build/ifr-scope_device.o (strcmp)
c:/program files (x86)/arm gnu toolchain arm-none-eabi/11.2 2022.02/bin/../lib/gcc/arm-none-eabi/11.2.1/thumb/v7e-m+fp/hard\libc_nano.a(lib_a-strlen.o)
                              build/ifr-scope_device.o (strlen)
c:/program files (x86)/arm gnu toolchain arm-none-eabi/11.2 2022.02/bin/../lib/gcc/arm-none-eabi/11.2.1/thumb/v7e-m+fp/hard\libc_nano.a(lib_a-strstr.o)
                              build/ifr-scope_device.o (strstr)
c:/program files (x86)/arm gnu toolchain arm-none-eabi/11.2 2022.02/bin/../lib/gcc/arm-none-eabi/11.2.1/thumb/v7e-m+fp/hard\libc_nano.a(lib_a-nano-svfprintf.o)
                              c:/program files (x86)/arm gnu toolchain arm-none-eabi/11.2 2022.02/bin/../lib/gcc/arm-none-eabi/11.2.1/thumb/v7e-m+fp/hard\libc_nano.a(lib_a-sprintf.o) (_svfprintf_r)
c:/program files (x86)/arm gnu toolchain arm-none-eabi/11.2 2022.02/bin/../lib/gcc/arm-none-eabi/11.2.1/thumb/v7e-m+fp/hard\libc_nano.a(lib_a-nano-vfprintf_i.o)
                              c:/program files (x86)/arm gnu toolchain arm-none-eabi/11.2 2022.02/bin/../lib/gcc/arm-none-eabi/11.2.1/thumb/v7e-m+fp/hard\libc_nano.a(lib_a-nano-svfprintf.o) (_printf_i)
c:/program files (x86)/arm gnu toolchain arm-none-eabi/11.2 2022.02/bin/../lib/gcc/arm-none-eabi/11.2.1/thumb/v7e-m+fp/hard\libc_nano.a(lib_a-memchr.o)
                              c:/program files (x86)/arm gnu toolchain arm-none-eabi/11.2 2022.02/bin/../lib/gcc/arm-none-eabi/11.2.1/thumb/v7e-m+fp/hard\libc_nano.a(lib_a-nano-svfprintf.o) (memchr)
c:/program files (x86)/arm gnu toolchain arm-none-eabi/11.2 2022.02/bin/../lib/gcc/arm-none-eabi/11.2.1/thumb/v7e-m+fp/hard\libc_nano.a(lib_a-memmove.o)
                              c:/program files (x86)/arm gnu toolchain arm-none-eabi/11.2 2022.02/bin/../lib/gcc/arm-none-eabi/11.2.1/thumb/v7e-m+fp/hard\libc_nano.a(lib_a-nano-svfprintf.o) (memmove)
c:/program files (x86)/arm gnu toolchain arm-none-eabi/11.2 2022.02/bin/../lib/gcc/arm-none-eabi/11.2.1/thumb/v7e-m+fp/hard\libc_nano.a(lib_a-nano-freer.o)
                              c:/program files (x86)/arm gnu toolchain arm-none-eabi/11.2 2022.02/bin/../lib/gcc/arm-none-eabi/11.2.1/thumb/v7e-m+fp/hard\libc_nano.a(lib_a-nano-svfprintf.o) (_free_r)
c:/program files (x86)/arm gnu toolchain arm-none-eabi/11.2 2022.02/bin/../lib/gcc/arm-none-eabi/11.2.1/thumb/v7e-m+fp/hard\libc_nano.a(lib_a-nano-mallocr.o)
                              c:/program files (x86)/arm gnu toolchain arm-none-eabi/11.2 2022.02/bin/../lib/gcc/arm-none-eabi/11.2.1/thumb/v7e-m+fp/hard\libc_nano.a(lib_a-nano-svfprintf.o) (_malloc_r)
c:/program files (x86)/arm gnu toolchain arm-none-eabi/11.2 2022.02/bin/../lib/gcc/arm-none-eabi/11.2.1/thumb/v7e-m+fp/hard\libc_nano.a(lib_a-nano-reallocr.o)
                              c:/program files (x86)/arm gnu toolchain arm-none-eabi/11.2 2022.02/bin/../lib/gcc/arm-none-eabi/11.2.1/thumb/v7e-m+fp/hard\libc_nano.a(lib_a-nano-svfprintf.o) (_realloc_r)
[...]
Memory Configuration

Name             Origin             Length             Attributes
RAM              0x20000000         0x00020000         xrw
CCMRAM           0x10000000         0x00010000         xrw
FLASH            0x08000000         0x00100000         xr
*default*        0x00000000         0xffffffff

Linker script and memory map

LOAD c:/program files (x86)/arm gnu toolchain arm-none-eabi/11.2 2022.02/bin/../lib/gcc/arm-none-eabi/11.2.1/thumb/v7e-m+fp/hard/crti.o
LOAD c:/program files (x86)/arm gnu toolchain arm-none-eabi/11.2 2022.02/bin/../lib/gcc/arm-none-eabi/11.2.1/thumb/v7e-m+fp/hard/crtbegin.o
LOAD c:/program files (x86)/arm gnu toolchain arm-none-eabi/11.2 2022.02/bin/../lib/gcc/arm-none-eabi/11.2.1/thumb/v7e-m+fp/hard/crt0.o
LOAD build/gpio.o
LOAD build/adc.o
LOAD build/dma.o
LOAD build/tim.o
LOAD build/usart.o
LOAD build/stm32f4xx_it.o
LOAD build/stm32f4xx_hal_msp.o
LOAD build/stm32f4xx_hal_adc.o
LOAD build/stm32f4xx_hal_adc_ex.o
LOAD build/stm32f4xx_ll_adc.o
LOAD build/stm32f4xx_hal_rcc.o
LOAD build/stm32f4xx_hal_rcc_ex.o
LOAD build/stm32f4xx_hal_flash.o
LOAD build/stm32f4xx_hal_flash_ex.o
LOAD build/stm32f4xx_hal_flash_ramfunc.o
LOAD build/stm32f4xx_hal_gpio.o
LOAD build/stm32f4xx_hal_dma_ex.o
LOAD build/stm32f4xx_hal_dma.o
LOAD build/stm32f4xx_hal_pwr.o
LOAD build/stm32f4xx_hal_pwr_ex.o
LOAD build/stm32f4xx_hal_cortex.o
LOAD build/stm32f4xx_hal.o
LOAD build/stm32f4xx_hal_exti.o
LOAD build/stm32f4xx_hal_tim.o
LOAD build/stm32f4xx_hal_tim_ex.o
LOAD build/stm32f4xx_hal_uart.o
LOAD build/system_stm32f4xx.o
LOAD build/uart_fifo.o
LOAD build/ifr-scope_device.o
LOAD build/ws2812.o
LOAD build/Follow_Balance.o
LOAD build/StackLiteDualDrive_DataLinkInput.o
LOAD build/StackLiteDualDrive_DataLinkOutput.o
LOAD build/StackLiteDualDrive_Input.o
LOAD build/StackLiteDualDrive_Output.o
LOAD build/main.o
LOAD build/rtGetInf.o
LOAD build/rtGetNaN.o
LOAD build/rt_nonfinite.o
LOAD build/startup_stm32f405xx.o
LOAD c:/program files (x86)/arm gnu toolchain arm-none-eabi/11.2 2022.02/bin/../lib/gcc/arm-none-eabi/11.2.1/thumb/v7e-m+fp/hard\libc_nano.a
LOAD c:/program files (x86)/arm gnu toolchain arm-none-eabi/11.2 2022.02/bin/../lib/gcc/arm-none-eabi/11.2.1/thumb/v7e-m+fp/hard\libm.a
LOAD c:/program files (x86)/arm gnu toolchain arm-none-eabi/11.2 2022.02/bin/../lib/gcc/arm-none-eabi/11.2.1/thumb/v7e-m+fp/hard\libnosys.a
START GROUP
LOAD c:/program files (x86)/arm gnu toolchain arm-none-eabi/11.2 2022.02/bin/../lib/gcc/arm-none-eabi/11.2.1/thumb/v7e-m+fp/hard\libgcc.a
LOAD c:/program files (x86)/arm gnu toolchain arm-none-eabi/11.2 2022.02/bin/../lib/gcc/arm-none-eabi/11.2.1/thumb/v7e-m+fp/hard\libc_nano.a
END GROUP
START GROUP
LOAD c:/program files (x86)/arm gnu toolchain arm-none-eabi/11.2 2022.02/bin/../lib/gcc/arm-none-eabi/11.2.1/thumb/v7e-m+fp/hard\libgcc.a
LOAD c:/program files (x86)/arm gnu toolchain arm-none-eabi/11.2 2022.02/bin/../lib/gcc/arm-none-eabi/11.2.1/thumb/v7e-m+fp/hard\libc_nano.a
END GROUP
LOAD c:/program files (x86)/arm gnu toolchain arm-none-eabi/11.2 2022.02/bin/../lib/gcc/arm-none-eabi/11.2.1/thumb/v7e-m+fp/hard/crtend.o
LOAD c:/program files (x86)/arm gnu toolchain arm-none-eabi/11.2 2022.02/bin/../lib/gcc/arm-none-eabi/11.2.1/thumb/v7e-m+fp/hard/crtn.o
                0x20020000                _estack = (ORIGIN (RAM) + LENGTH (RAM))
                0x00000200                _Min_Heap_Size = 0x200
                0x00000400                _Min_Stack_Size = 0x400

.isr_vector     0x08000000      0x188
                0x08000000                . = ALIGN (0x4)
 *(.isr_vector)
 .isr_vector    0x08000000      0x188 build/startup_stm32f405xx.o
                0x08000000                g_pfnVectors
                0x08000188                . = ALIGN (0x4)

.text           0x08000190     0x7e18
                0x08000190                . = ALIGN (0x4)
 *(.text)
 .text          0x08000190       0x14 c:/program files (x86)/arm gnu toolchain arm-none-eabi/11.2 2022.02/bin/../lib/gcc/arm-none-eabi/11.2.1/thumb/v7e-m+fp/hard\libc_nano.a(lib_a-strcmp.o)
                0x08000190                strcmp
 .text          0x080001a4       0x10 c:/program files (x86)/arm gnu toolchain arm-none-eabi/11.2 2022.02/bin/../lib/gcc/arm-none-eabi/11.2.1/thumb/v7e-m+fp/hard\libc_nano.a(lib_a-strlen.o)
                0x080001a4                strlen
 *fill*         0x080001b4        0xc 
 .text          0x080001c0       0xa0 c:/program files (x86)/arm gnu toolchain arm-none-eabi/11.2 2022.02/bin/../lib/gcc/arm-none-eabi/11.2.1/thumb/v7e-m+fp/hard\libc_nano.a(lib_a-memchr.o)
                0x080001c0                memchr
 .text          0x08000260      0x378 c:/program files (x86)/arm gnu toolchain arm-none-eabi/11.2 2022.02/bin/../lib/gcc/arm-none-eabi/11.2.1/thumb/v7e-m+fp/hard\libgcc.a(_arm_addsubdf3.o)
                0x08000260                __aeabi_drsub
                0x08000268                __aeabi_dsub
                0x08000268                __subdf3
                0x0800026c                __aeabi_dadd
                0x0800026c                __adddf3
                0x080004e4                __floatunsidf
                0x080004e4                __aeabi_ui2d
                0x08000504                __floatsidf
                0x08000504                __aeabi_i2d
                0x08000528                __aeabi_f2d
                0x08000528                __extendsfdf2
                0x0800056c                __floatundidf
                0x0800056c                __aeabi_ul2d
                0x0800057c                __floatdidf
                0x0800057c                __aeabi_l2d
 .text          0x080005d8      0x424 c:/program files (x86)/arm gnu toolchain arm-none-eabi/11.2 2022.02/bin/../lib/gcc/arm-none-eabi/11.2.1/thumb/v7e-m+fp/hard\libgcc.a(_arm_muldivdf3.o)
                0x080005d8                __aeabi_dmul
                0x080005d8                __muldf3
                0x0800082c                __divdf3
                0x0800082c                __aeabi_ddiv
 .text          0x080009fc      0x110 c:/program files (x86)/arm gnu toolchain arm-none-eabi/11.2 2022.02/bin/../lib/gcc/arm-none-eabi/11.2.1/thumb/v7e-m+fp/hard\libgcc.a(_arm_cmpdf2.o)
                0x080009fc                __gtdf2
                0x080009fc                __gedf2
                0x08000a04                __ltdf2
                0x08000a04                __ledf2
                0x08000a0c                __nedf2
                0x08000a0c                __eqdf2
                0x08000a0c                __cmpdf2
                0x08000a88                __aeabi_cdrcmple
                0x08000a98                __aeabi_cdcmpeq
                0x08000a98                __aeabi_cdcmple
                0x08000aa8                __aeabi_dcmpeq
                0x08000abc                __aeabi_dcmplt
                0x08000ad0                __aeabi_dcmple
                0x08000ae4                __aeabi_dcmpge
                0x08000af8                __aeabi_dcmpgt
 .text          0x08000b0c       0x2c c:/program files (x86)/arm gnu toolchain arm-none-eabi/11.2 2022.02/bin/../lib/gcc/arm-none-eabi/11.2.1/thumb/v7e-m+fp/hard\libgcc.a(_arm_unorddf2.o)
                0x08000b0c                __unorddf2
                0x08000b0c                __aeabi_dcmpun
 .text          0x08000b38       0x50 c:/program files (x86)/arm gnu toolchain arm-none-eabi/11.2 2022.02/bin/../lib/gcc/arm-none-eabi/11.2.1/thumb/v7e-m+fp/hard\libgcc.a(_arm_fixdfsi.o)
                0x08000b38                __aeabi_d2iz
                0x08000b38                __fixdfsi
 .text          0x08000b88       0x40 c:/program files (x86)/arm gnu toolchain arm-none-eabi/11.2 2022.02/bin/../lib/gcc/arm-none-eabi/11.2.1/thumb/v7e-m+fp/hard\libgcc.a(_arm_fixunsdfsi.o)
                0x08000b88                __aeabi_d2uiz
                0x08000b88                __fixunsdfsi
 .text          0x08000bc8       0xa0 c:/program files (x86)/arm gnu toolchain arm-none-eabi/11.2 2022.02/bin/../lib/gcc/arm-none-eabi/11.2.1/thumb/v7e-m+fp/hard\libgcc.a(_arm_truncdfsf2.o)
                0x08000bc8                __truncdfsf2
                0x08000bc8                __aeabi_d2f
 .text          0x08000c68       0x30 c:/program files (x86)/arm gnu toolchain arm-none-eabi/11.2 2022.02/bin/../lib/gcc/arm-none-eabi/11.2.1/thumb/v7e-m+fp/hard\libgcc.a(_aeabi_uldivmod.o)
                0x08000c68                __aeabi_uldivmod
 .text          0x08000c98        0x4 c:/program files (x86)/arm gnu toolchain arm-none-eabi/11.2 2022.02/bin/../lib/gcc/arm-none-eabi/11.2.1/thumb/v7e-m+fp/hard\libgcc.a(_dvmd_tls.o)
                0x08000c98                __aeabi_idiv0
                0x08000c98                __aeabi_ldiv0
 *(.text*)
 .text.deregister_tm_clones
                0x08000c9c       0x1c c:/program files (x86)/arm gnu toolchain arm-none-eabi/11.2 2022.02/bin/../lib/gcc/arm-none-eabi/11.2.1/thumb/v7e-m+fp/hard/crtbegin.o
 .text.register_tm_clones
                0x08000cb8       0x24 c:/program files (x86)/arm gnu toolchain arm-none-eabi/11.2 2022.02/bin/../lib/gcc/arm-none-eabi/11.2.1/thumb/v7e-m+fp/hard/crtbegin.o
 .text.__do_global_dtors_aux
                0x08000cdc       0x28 c:/program files (x86)/arm gnu toolchain arm-none-eabi/11.2 2022.02/bin/../lib/gcc/arm-none-eabi/11.2.1/thumb/v7e-m+fp/hard/crtbegin.o
 .text.frame_dummy
                0x08000d04       0x24 c:/program files (x86)/arm gnu toolchain arm-none-eabi/11.2 2022.02/bin/../lib/gcc/arm-none-eabi/11.2.1/thumb/v7e-m+fp/hard/crtbegin.o
 .text.MX_GPIO_Init
                0x08000d28       0xb8 build/gpio.o
                0x08000d28                MX_GPIO_Init
 .text.MX_ADC1_Init
                0x08000de0       0x74 build/adc.o
                0x08000de0                MX_ADC1_Init
 .text.MX_ADC2_Init
                0x08000e54       0x74 build/adc.o
                0x08000e54                MX_ADC2_Init
 .text.HAL_ADC_MspInit
                0x08000ec8      0x138 build/adc.o
                0x08000ec8                HAL_ADC_MspInit
 .text.HAL_ADC_MspDeInit
                0x08001000       0x5c build/adc.o
                0x08001000                HAL_ADC_MspDeInit
 .text.HAL_ADC_ConvCpltCallback
                0x0800105c      0x118 build/adc.o
                0x0800105c                HAL_ADC_ConvCpltCallback
 .text.USER_ADC_Zero_calibration
                0x08001174       0x78 build/adc.o
                0x08001174                USER_ADC_Zero_calibration
 .text.MX_DMA_Init
                0x080011ec       0xc8 build/dma.o
                0x080011ec                MX_DMA_Init
 .text.MX_TIM2_Init
                0x080012b4       0x64 build/tim.o
                0x080012b4                MX_TIM2_Init
 .text.MX_TIM5_Init
                0x08001318       0x64 build/tim.o
                0x08001318                MX_TIM5_Init
 .text.MX_TIM7_Init
                0x0800137c       0x50 build/tim.o
                0x0800137c                MX_TIM7_Init
 .text.HAL_TIM_Encoder_MspInit
                0x080013cc       0xe0 build/tim.o
                0x080013cc                HAL_TIM_Encoder_MspInit
 .text.HAL_TIM_Base_MspInit
                0x080014ac      0x13c build/tim.o
                0x080014ac                HAL_TIM_Base_MspInit
 .text.HAL_TIM_MspPostInit
                0x080015e8       0xcc build/tim.o
                0x080015e8                HAL_TIM_MspPostInit
 .text.MX_TIM3_Init
                0x080016b4       0xc4 build/tim.o
                0x080016b4                MX_TIM3_Init
 .text.MX_TIM4_Init
                0x08001778       0xc0 build/tim.o
                0x08001778                MX_TIM4_Init
 .text.MX_TIM8_Init
                0x08001838      0x100 build/tim.o
                0x08001838                MX_TIM8_Init
 .text.HAL_TIM_Base_MspDeInit
                0x08001938       0x7c build/tim.o
                0x08001938                HAL_TIM_Base_MspDeInit
 .text.HAL_TIM_PeriodElapsedCallback
                0x080019b4       0x18 build/tim.o
                0x080019b4                HAL_TIM_PeriodElapsedCallback
 .text.HAL_TIM_PWM_PulseFinishedCallback
                0x080019cc       0x1e build/tim.o
                0x080019cc                HAL_TIM_PWM_PulseFinishedCallback
 .text.crc16_update
                0x080019ea       0x46 build/usart.o
 .text.MX_UART4_Init
                0x08001a30       0x34 build/usart.o
                0x08001a30                MX_UART4_Init
 .text.MX_UART5_Init
                0x08001a64       0x34 build/usart.o
                0x08001a64                MX_UART5_Init
 .text.MX_USART1_UART_Init
                0x08001a98       0x34 build/usart.o
                0x08001a98                MX_USART1_UART_Init
 .text.MX_USART3_UART_Init
                0x08001acc       0x34 build/usart.o
                0x08001acc                MX_USART3_UART_Init
 .text.HAL_UART_MspInit
                0x08001b00      0x304 build/usart.o
                0x08001b00                HAL_UART_MspInit
 .text.HAL_UART_MspDeInit
                0x08001e04       0xd8 build/usart.o
                0x08001e04                HAL_UART_MspDeInit
 .text.HAL_UART_DMA_StopRx
                0x08001edc       0x9a build/usart.o
                0x08001edc                HAL_UART_DMA_StopRx
 *fill*         0x08001f76        0x2 
 .text.HI226_Decode
                0x08001f78       0xdc build/usart.o
                0x08001f78                HI226_Decode
 .text.RPi_DataDecode
                0x08002054       0x38 build/usart.o
                0x08002054                RPi_DataDecode
 .text.RPi_DataSend
                0x0800208c       0x40 build/usart.o
                0x0800208c                RPi_DataSend
 .text.USER_UART_RxIdleCallback
                0x080020cc      0x194 build/usart.o
                0x080020cc                USER_UART_RxIdleCallback
 .text.HAL_UART_RxCpltCallback
                0x08002260       0x8c build/usart.o
                0x08002260                HAL_UART_RxCpltCallback
 .text.NMI_Handler
                0x080022ec        0x2 build/stm32f4xx_it.o
                0x080022ec                NMI_Handler
 .text.HardFault_Handler
                0x080022ee        0x2 build/stm32f4xx_it.o
                0x080022ee                HardFault_Handler
 .text.MemManage_Handler
                0x080022f0        0x2 build/stm32f4xx_it.o
                0x080022f0                MemManage_Handler
 .text.BusFault_Handler
                0x080022f2        0x2 build/stm32f4xx_it.o
                0x080022f2                BusFault_Handler
 .text.UsageFault_Handler
                0x080022f4        0x2 build/stm32f4xx_it.o
                0x080022f4                UsageFault_Handler
 .text.SVC_Handler
                0x080022f6        0x2 build/stm32f4xx_it.o
                0x080022f6                SVC_Handler
 .text.DebugMon_Handler
                0x080022f8        0x2 build/stm32f4xx_it.o
                0x080022f8                DebugMon_Handler
 .text.PendSV_Handler
                0x080022fa        0x2 build/stm32f4xx_it.o
                0x080022fa                PendSV_Handler
 .text.SysTick_Handler
                0x080022fc        0x8 build/stm32f4xx_it.o
                0x080022fc                SysTick_Handler
 .text.DMA1_Stream0_IRQHandler
                0x08002304       0x10 build/stm32f4xx_it.o
                0x08002304                DMA1_Stream0_IRQHandler
 .text.DMA1_Stream1_IRQHandler
                0x08002314       0x10 build/stm32f4xx_it.o
                0x08002314                DMA1_Stream1_IRQHandler
 .text.DMA1_Stream2_IRQHandler
                0x08002324       0x10 build/stm32f4xx_it.o
                0x08002324                DMA1_Stream2_IRQHandler
 .text.DMA1_Stream3_IRQHandler
                0x08002334       0x10 build/stm32f4xx_it.o
                0x08002334                DMA1_Stream3_IRQHandler
 .text.DMA1_Stream4_IRQHandler
                0x08002344       0x10 build/stm32f4xx_it.o
                0x08002344                DMA1_Stream4_IRQHandler
 .text.USART1_IRQHandler
                0x08002354       0x18 build/stm32f4xx_it.o
                0x08002354                USART1_IRQHandler
 .text.USART3_IRQHandler
                0x0800236c       0x18 build/stm32f4xx_it.o
                0x0800236c                USART3_IRQHandler
 .text.UART4_IRQHandler
                0x08002384       0x18 build/stm32f4xx_it.o
                0x08002384                UART4_IRQHandler
 .text.TIM7_IRQHandler
                0x0800239c       0x10 build/stm32f4xx_it.o
                0x0800239c                TIM7_IRQHandler
 .text.DMA2_Stream0_IRQHandler
                0x080023ac       0x10 build/stm32f4xx_it.o
                0x080023ac                DMA2_Stream0_IRQHandler
 .text.DMA2_Stream2_IRQHandler
                0x080023bc       0x10 build/stm32f4xx_it.o
                0x080023bc                DMA2_Stream2_IRQHandler
 .text.DMA2_Stream5_IRQHandler
                0x080023cc       0x10 build/stm32f4xx_it.o
                0x080023cc                DMA2_Stream5_IRQHandler
 .text.DMA2_Stream7_IRQHandler
                0x080023dc       0x10 build/stm32f4xx_it.o
                0x080023dc                DMA2_Stream7_IRQHandler
 .text.HAL_MspInit
                0x080023ec       0x38 build/stm32f4xx_hal_msp.o
                0x080023ec                HAL_MspInit
 .text.ADC_Init
                0x08002424      0x134 build/stm32f4xx_hal_adc.o
 .text.HAL_ADC_Init
                0x08002558       0x56 build/stm32f4xx_hal_adc.o
                0x08002558                HAL_ADC_Init
 *fill*         0x080025ae        0x2 
 .text.HAL_ADC_Start_DMA
                0x080025b0      0x19c build/stm32f4xx_hal_adc.o
                0x080025b0                HAL_ADC_Start_DMA
 .text.HAL_ADC_ConvHalfCpltCallback
                0x0800274c        0x2 build/stm32f4xx_hal_adc.o
                0x0800274c                HAL_ADC_ConvHalfCpltCallback
 .text.ADC_DMAHalfConvCplt
                0x0800274e        0xa build/stm32f4xx_hal_adc.o
 .text.HAL_ADC_ErrorCallback
                0x08002758        0x2 build/stm32f4xx_hal_adc.o
                0x08002758                HAL_ADC_ErrorCallback
 .text.ADC_DMAError
                0x0800275a       0x16 build/stm32f4xx_hal_adc.o
 .text.ADC_DMAConvCplt
                0x08002770       0x72 build/stm32f4xx_hal_adc.o
 *fill*         0x080027e2        0x2 
 .text.HAL_ADC_ConfigChannel
                0x080027e4      0x194 build/stm32f4xx_hal_adc.o
                0x080027e4                HAL_ADC_ConfigChannel
 .text.HAL_RCC_OscConfig
                0x08002978      0x3f8 build/stm32f4xx_hal_rcc.o
                0x08002978                HAL_RCC_OscConfig
 .text.HAL_RCC_GetSysClockFreq
                0x08002d70       0xdc build/stm32f4xx_hal_rcc.o
                0x08002d70                HAL_RCC_GetSysClockFreq
 .text.HAL_RCC_ClockConfig
                0x08002e4c      0x160 build/stm32f4xx_hal_rcc.o
                0x08002e4c                HAL_RCC_ClockConfig
 .text.HAL_RCC_GetHCLKFreq
                0x08002fac        0xc build/stm32f4xx_hal_rcc.o
                0x08002fac                HAL_RCC_GetHCLKFreq
 .text.HAL_RCC_GetPCLK1Freq
                0x08002fb8       0x20 build/stm32f4xx_hal_rcc.o
                0x08002fb8                HAL_RCC_GetPCLK1Freq
 .text.HAL_RCC_GetPCLK2Freq
                0x08002fd8       0x20 build/stm32f4xx_hal_rcc.o
                0x08002fd8                HAL_RCC_GetPCLK2Freq
 .text.HAL_GPIO_Init
                0x08002ff8      0x1ec build/stm32f4xx_hal_gpio.o
                0x08002ff8                HAL_GPIO_Init
 .text.HAL_GPIO_DeInit
                0x080031e4      0x134 build/stm32f4xx_hal_gpio.o
                0x080031e4                HAL_GPIO_DeInit
 .text.HAL_GPIO_WritePin
                0x08003318        0xc build/stm32f4xx_hal_gpio.o
                0x08003318                HAL_GPIO_WritePin
 .text.DMA_SetConfig
                0x08003324       0x2c build/stm32f4xx_hal_dma.o
 .text.DMA_CalcBaseAndBitshift
                0x08003350       0x44 build/stm32f4xx_hal_dma.o
 .text.DMA_CheckFifoParam
                0x08003394       0x8e build/stm32f4xx_hal_dma.o
 *fill*         0x08003422        0x2 
 .text.HAL_DMA_Init
                0x08003424       0xcc build/stm32f4xx_hal_dma.o
                0x08003424                HAL_DMA_Init
 .text.HAL_DMA_DeInit
                0x080034f0       0x64 build/stm32f4xx_hal_dma.o
                0x080034f0                HAL_DMA_DeInit
 .text.HAL_DMA_Start_IT
                0x08003554       0x6a build/stm32f4xx_hal_dma.o
                0x08003554                HAL_DMA_Start_IT
 .text.HAL_DMA_Abort
                0x080035be       0x94 build/stm32f4xx_hal_dma.o
                0x080035be                HAL_DMA_Abort
 .text.HAL_DMA_Abort_IT
                0x08003652       0x26 build/stm32f4xx_hal_dma.o
                0x08003652                HAL_DMA_Abort_IT
 .text.HAL_DMA_IRQHandler
                0x08003678      0x1dc build/stm32f4xx_hal_dma.o
                0x08003678                HAL_DMA_IRQHandler
 .text.HAL_NVIC_SetPriorityGrouping
                0x08003854       0x24 build/stm32f4xx_hal_cortex.o
                0x08003854                HAL_NVIC_SetPriorityGrouping
 .text.HAL_NVIC_SetPriority
                0x08003878       0x70 build/stm32f4xx_hal_cortex.o
                0x08003878                HAL_NVIC_SetPriority
 .text.HAL_NVIC_EnableIRQ
                0x080038e8       0x1c build/stm32f4xx_hal_cortex.o
                0x080038e8                HAL_NVIC_EnableIRQ
 .text.HAL_NVIC_DisableIRQ
                0x08003904       0x24 build/stm32f4xx_hal_cortex.o
                0x08003904                HAL_NVIC_DisableIRQ
 .text.HAL_SYSTICK_Config
                0x08003928       0x28 build/stm32f4xx_hal_cortex.o
                0x08003928                HAL_SYSTICK_Config
 .text.HAL_InitTick
                0x08003950       0x4c build/stm32f4xx_hal.o
                0x08003950                HAL_InitTick
 .text.HAL_Init
                0x0800399c       0x34 build/stm32f4xx_hal.o
                0x0800399c                HAL_Init
 .text.HAL_IncTick
                0x080039d0       0x18 build/stm32f4xx_hal.o
                0x080039d0                HAL_IncTick
 .text.HAL_GetTick
                0x080039e8        0xc build/stm32f4xx_hal.o
                0x080039e8                HAL_GetTick
 .text.HAL_Delay
                0x080039f4       0x28 build/stm32f4xx_hal.o
                0x080039f4                HAL_Delay
 .text.TIM_OC1_SetConfig
                0x08003a1c       0x70 build/stm32f4xx_hal_tim.o
 .text.TIM_OC3_SetConfig
                0x08003a8c       0x70 build/stm32f4xx_hal_tim.o
 .text.TIM_OC4_SetConfig
                0x08003afc       0x50 build/stm32f4xx_hal_tim.o
 .text.TIM_TI1_ConfigInputStage
                0x08003b4c       0x26 build/stm32f4xx_hal_tim.o
 .text.TIM_TI2_ConfigInputStage
                0x08003b72       0x28 build/stm32f4xx_hal_tim.o
 .text.TIM_ITRx_SetConfig
                0x08003b9a       0x10 build/stm32f4xx_hal_tim.o
 *fill*         0x08003baa        0x2 
 .text.HAL_TIM_Base_Start_IT
                0x08003bac       0x88 build/stm32f4xx_hal_tim.o
                0x08003bac                HAL_TIM_Base_Start_IT
 .text.HAL_TIM_PWM_MspInit
                0x08003c34        0x2 build/stm32f4xx_hal_tim.o
                0x08003c34                HAL_TIM_PWM_MspInit
 .text.HAL_TIM_OC_DelayElapsedCallback
                0x08003c36        0x2 build/stm32f4xx_hal_tim.o
                0x08003c36                HAL_TIM_OC_DelayElapsedCallback
 .text.HAL_TIM_IC_CaptureCallback
                0x08003c38        0x2 build/stm32f4xx_hal_tim.o
                0x08003c38                HAL_TIM_IC_CaptureCallback
 .text.TIM_DMADelayPulseCplt
                0x08003c3a       0x70 build/stm32f4xx_hal_tim.o
 .text.HAL_TIM_PWM_PulseFinishedHalfCpltCallback
                0x08003caa        0x2 build/stm32f4xx_hal_tim.o
                0x08003caa                HAL_TIM_PWM_PulseFinishedHalfCpltCallback
 .text.TIM_DMADelayPulseHalfCplt
                0x08003cac       0x3e build/stm32f4xx_hal_tim.o
                0x08003cac                TIM_DMADelayPulseHalfCplt
 .text.HAL_TIM_TriggerCallback
                0x08003cea        0x2 build/stm32f4xx_hal_tim.o
                0x08003cea                HAL_TIM_TriggerCallback
 .text.HAL_TIM_IRQHandler
                0x08003cec      0x17a build/stm32f4xx_hal_tim.o
                0x08003cec                HAL_TIM_IRQHandler
 .text.HAL_TIM_ErrorCallback
                0x08003e66        0x2 build/stm32f4xx_hal_tim.o
                0x08003e66                HAL_TIM_ErrorCallback
 .text.TIM_DMAError
                0x08003e68       0x5c build/stm32f4xx_hal_tim.o
                0x08003e68                TIM_DMAError
 .text.TIM_Base_SetConfig
                0x08003ec4       0xc8 build/stm32f4xx_hal_tim.o
                0x08003ec4                TIM_Base_SetConfig
 .text.HAL_TIM_Base_Init
                0x08003f8c       0x58 build/stm32f4xx_hal_tim.o
                0x08003f8c                HAL_TIM_Base_Init
 .text.HAL_TIM_PWM_Init
                0x08003fe4       0x58 build/stm32f4xx_hal_tim.o
                0x08003fe4                HAL_TIM_PWM_Init
 .text.HAL_TIM_Encoder_Init
                0x0800403c       0xb0 build/stm32f4xx_hal_tim.o
                0x0800403c                HAL_TIM_Encoder_Init
 .text.TIM_OC2_SetConfig
                0x080040ec       0x70 build/stm32f4xx_hal_tim.o
                0x080040ec                TIM_OC2_SetConfig
 .text.HAL_TIM_PWM_ConfigChannel
                0x0800415c       0xdc build/stm32f4xx_hal_tim.o
                0x0800415c                HAL_TIM_PWM_ConfigChannel
 .text.TIM_ETR_SetConfig
                0x08004238       0x1a build/stm32f4xx_hal_tim.o
                0x08004238                TIM_ETR_SetConfig
 .text.HAL_TIM_ConfigClockSource
                0x08004252       0xfe build/stm32f4xx_hal_tim.o
                0x08004252                HAL_TIM_ConfigClockSource
 .text.TIM_CCxChannelCmd
                0x08004350       0x1e build/stm32f4xx_hal_tim.o
                0x08004350                TIM_CCxChannelCmd
 *fill*         0x0800436e        0x2 
 .text.HAL_TIM_PWM_Start
                0x08004370      0x104 build/stm32f4xx_hal_tim.o
                0x08004370                HAL_TIM_PWM_Start
 .text.HAL_TIM_PWM_Start_DMA
                0x08004474      0x26c build/stm32f4xx_hal_tim.o
                0x08004474                HAL_TIM_PWM_Start_DMA
 .text.HAL_TIM_PWM_Stop_DMA
                0x080046e0       0xf4 build/stm32f4xx_hal_tim.o
                0x080046e0                HAL_TIM_PWM_Stop_DMA
 .text.HAL_TIM_Encoder_Start
                0x080047d4       0xcc build/stm32f4xx_hal_tim.o
                0x080047d4                HAL_TIM_Encoder_Start
 .text.HAL_TIMEx_MasterConfigSynchronization
                0x080048a0       0x8c build/stm32f4xx_hal_tim_ex.o
                0x080048a0                HAL_TIMEx_MasterConfigSynchronization
 .text.HAL_TIMEx_ConfigBreakDeadTime
                0x0800492c       0x52 build/stm32f4xx_hal_tim_ex.o
                0x0800492c                HAL_TIMEx_ConfigBreakDeadTime
 .text.HAL_TIMEx_CommutCallback
                0x0800497e        0x2 build/stm32f4xx_hal_tim_ex.o
                0x0800497e                HAL_TIMEx_CommutCallback
 .text.HAL_TIMEx_BreakCallback
                0x08004980        0x2 build/stm32f4xx_hal_tim_ex.o
                0x08004980                HAL_TIMEx_BreakCallback
 .text.UART_EndTxTransfer
                0x08004982       0x20 build/stm32f4xx_hal_uart.o
 .text.UART_EndRxTransfer
                0x080049a2       0x5c build/stm32f4xx_hal_uart.o
 .text.UART_Transmit_IT
                0x080049fe       0x60 build/stm32f4xx_hal_uart.o
 *fill*         0x08004a5e        0x2 
 .text.UART_SetConfig
                0x08004a60      0x110 build/stm32f4xx_hal_uart.o
 .text.HAL_UART_Init
                0x08004b70       0x5e build/stm32f4xx_hal_uart.o
                0x08004b70                HAL_UART_Init
 *fill*         0x08004bce        0x2 
 .text.HAL_UART_Transmit_DMA
                0x08004bd0       0x9c build/stm32f4xx_hal_uart.o
                0x08004bd0                HAL_UART_Transmit_DMA
 .text.HAL_UART_TxCpltCallback
                0x08004c6c        0x2 build/stm32f4xx_hal_uart.o
                0x08004c6c                HAL_UART_TxCpltCallback
 .text.UART_DMATransmitCplt
                0x08004c6e       0x4c build/stm32f4xx_hal_uart.o
 .text.UART_EndTransmit_IT
                0x08004cba       0x1a build/stm32f4xx_hal_uart.o
 .text.HAL_UART_TxHalfCpltCallback
                0x08004cd4        0x2 build/stm32f4xx_hal_uart.o
                0x08004cd4                HAL_UART_TxHalfCpltCallback
 .text.UART_DMATxHalfCplt
                0x08004cd6        0xa build/stm32f4xx_hal_uart.o
 .text.HAL_UART_RxHalfCpltCallback
                0x08004ce0        0x2 build/stm32f4xx_hal_uart.o
                0x08004ce0                HAL_UART_RxHalfCpltCallback
 .text.HAL_UART_ErrorCallback
                0x08004ce2        0x2 build/stm32f4xx_hal_uart.o
                0x08004ce2                HAL_UART_ErrorCallback
 .text.UART_DMAError
                0x08004ce4       0x58 build/stm32f4xx_hal_uart.o
 .text.UART_DMAAbortOnError
                0x08004d3c       0x10 build/stm32f4xx_hal_uart.o
 .text.HAL_UARTEx_RxEventCallback
                0x08004d4c        0x2 build/stm32f4xx_hal_uart.o
                0x08004d4c                HAL_UARTEx_RxEventCallback
 .text.UART_Receive_IT
                0x08004d4e       0xe2 build/stm32f4xx_hal_uart.o
 .text.HAL_UART_IRQHandler
                0x08004e30      0x280 build/stm32f4xx_hal_uart.o
                0x08004e30                HAL_UART_IRQHandler
 .text.UART_DMARxHalfCplt
                0x080050b0       0x1a build/stm32f4xx_hal_uart.o
 .text.UART_DMAReceiveCplt
                0x080050ca       0x96 build/stm32f4xx_hal_uart.o
 .text.HAL_UART_GetState
                0x08005160        0xc build/stm32f4xx_hal_uart.o
                0x08005160                HAL_UART_GetState
 .text.UART_Start_Receive_DMA
                0x0800516c       0xa8 build/stm32f4xx_hal_uart.o
                0x0800516c                UART_Start_Receive_DMA
 .text.HAL_UART_Receive_DMA
                0x08005214       0x38 build/stm32f4xx_hal_uart.o
                0x08005214                HAL_UART_Receive_DMA
 .text.SystemInit
                0x0800524c       0x14 build/system_stm32f4xx.o
                0x0800524c                SystemInit
 .text.DeleteAllQueue
                0x08005260        0xc build/uart_fifo.o
                0x08005260                DeleteAllQueue
 .text.GetQueueReadCount
                0x0800526c       0x3a build/uart_fifo.o
                0x0800526c                GetQueueReadCount
 .text.RemoveQueue
                0x080052a6       0x60 build/uart_fifo.o
                0x080052a6                RemoveQueue
 .text.RemoveAQueue
                0x08005306       0x2a build/uart_fifo.o
                0x08005306                RemoveAQueue
 .text.QueryAQueue
                0x08005330       0x1e build/uart_fifo.o
                0x08005330                QueryAQueue
 .text.DeleteQueue
                0x0800534e       0x38 build/uart_fifo.o
                0x0800534e                DeleteQueue
 .text.GetQueueWriteCount
                0x08005386       0x3a build/uart_fifo.o
                0x08005386                GetQueueWriteCount
 .text.InsertQueue
                0x080053c0       0x5e build/uart_fifo.o
                0x080053c0                InsertQueue
 .text.Compare_QueryQueue
                0x0800541e       0x40 build/ifr-scope_device.o
                0x0800541e                Compare_QueryQueue
 .text.Get_Str_IndexOfQueue
                0x0800545e       0x6c build/ifr-scope_device.o
                0x0800545e                Get_Str_IndexOfQueue
 *fill*         0x080054ca        0x2 
 .text.Find_IFR_Head
                0x080054cc       0x34 build/ifr-scope_device.o
                0x080054cc                Find_IFR_Head
 .text.IFR_Scope_Main
                0x08005500      0x238 build/ifr-scope_device.o
                0x08005500                IFR_Scope_Main
 .text.UpdateOneColorToAllBit
                0x08005738       0x68 build/ws2812.o
                0x08005738                UpdateOneColorToAllBit
 .text.UpdateOneColorsToDesignatedBit
                0x080057a0       0x74 build/ws2812.o
                0x080057a0                UpdateOneColorsToDesignatedBit
 .text.shift_by_byte
                0x08005814       0x3c build/ws2812.o
                0x08005814                shift_by_byte
 .text.OneColorRamp
                0x08005850       0x3e build/ws2812.o
                0x08005850                OneColorRamp
 *fill*         0x0800588e        0x2 
 .text.normal_LightingEffects
                0x08005890       0xa4 build/ws2812.o
                0x08005890                normal_LightingEffects
 .text.connecting_LightingEffects
                0x08005934       0xd8 build/ws2812.o
                0x08005934                connecting_LightingEffects
 .text.connected_LightingEffects
                0x08005a0c       0xa0 build/ws2812.o
                0x08005a0c                connected_LightingEffects
 *fill*         0x08005aac        0x4 
 .text.Follow_Balance_step
                0x08005ab0      0xf54 build/Follow_Balance.o
                0x08005ab0                Follow_Balance_step
 .text.Follow_Balance_initialize
                0x08006a04        0xa build/Follow_Balance.o
                0x08006a04                Follow_Balance_initialize
 *fill*         0x08006a0e        0x2 
 .text.timer_5ms_callback
                0x08006a10       0xe0 build/main.o
                0x08006a10                timer_5ms_callback
 .text.Deinit_ALL
                0x08006af0       0x84 build/main.o
                0x08006af0                Deinit_ALL
 .text.Error_Handler
                0x08006b74        0x4 build/main.o
                0x08006b74                Error_Handler
 .text.SystemClock_Config
                0x08006b78       0xa8 build/main.o
                0x08006b78                SystemClock_Config
 .text.main     0x08006c20      0x204 build/main.o
                0x08006c20                main
 *fill*         0x08006e24        0x4 
 .text.rtGetInf
                0x08006e28       0x10 build/rtGetInf.o
                0x08006e28                rtGetInf
 .text.rtGetInfF
                0x08006e38        0xc build/rtGetInf.o
                0x08006e38                rtGetInfF
 *fill*         0x08006e44        0x4 
 .text.rtGetMinusInf
                0x08006e48       0x10 build/rtGetInf.o
                0x08006e48                rtGetMinusInf
 .text.rtGetMinusInfF
                0x08006e58        0xc build/rtGetInf.o
                0x08006e58                rtGetMinusInfF
 *fill*         0x08006e64        0x4 
 .text.rtGetNaN
                0x08006e68       0x10 build/rtGetNaN.o
                0x08006e68                rtGetNaN
 .text.rtGetNaNF
                0x08006e78        0xc build/rtGetNaN.o
                0x08006e78                rtGetNaNF
 .text.rt_InitInfAndNaN
                0x08006e84       0x58 build/rt_nonfinite.o
                0x08006e84                rt_InitInfAndNaN
 .text.rtIsInf  0x08006edc       0x3c build/rt_nonfinite.o
                0x08006edc                rtIsInf
 .text.rtIsNaN  0x08006f18       0x28 build/rt_nonfinite.o
                0x08006f18                rtIsNaN
 .text.Reset_Handler
                0x08006f40       0x50 build/startup_stm32f405xx.o
                0x08006f40                Reset_Handler
 .text.Default_Handler
                0x08006f90        0x2 build/startup_stm32f405xx.o
                0x08006f90                RTC_Alarm_IRQHandler
                0x08006f90                HASH_RNG_IRQHandler
                0x08006f90                EXTI2_IRQHandler
                0x08006f90                TIM8_CC_IRQHandler
                0x08006f90                TIM1_CC_IRQHandler
                0x08006f90                DMA1_Stream5_IRQHandler
                0x08006f90                PVD_IRQHandler
                0x08006f90                SDIO_IRQHandler
                0x08006f90                TAMP_STAMP_IRQHandler
                0x08006f90                CAN2_RX1_IRQHandler
                0x08006f90                EXTI3_IRQHandler
                0x08006f90                TIM8_TRG_COM_TIM14_IRQHandler
                0x08006f90                TIM1_UP_TIM10_IRQHandler
                0x08006f90                TIM8_UP_TIM13_IRQHandler
                0x08006f90                I2C3_ER_IRQHandler
                0x08006f90                EXTI0_IRQHandler
                0x08006f90                I2C2_EV_IRQHandler
                0x08006f90                CAN1_RX0_IRQHandler
                0x08006f90                FPU_IRQHandler
                0x08006f90                OTG_HS_WKUP_IRQHandler
                0x08006f90                CAN2_SCE_IRQHandler
                0x08006f90                SPI1_IRQHandler
                0x08006f90                TIM6_DAC_IRQHandler
                0x08006f90                TIM1_BRK_TIM9_IRQHandler
                0x08006f90                CAN2_RX0_IRQHandler
                0x08006f90                DMA2_Stream3_IRQHandler
                0x08006f90                USART6_IRQHandler
                0x08006f90                CAN1_RX1_IRQHandler
                0x08006f90                UART5_IRQHandler
                0x08006f90                TIM4_IRQHandler
                0x08006f90                I2C1_EV_IRQHandler
                0x08006f90                DMA1_Stream6_IRQHandler
                0x08006f90                TIM3_IRQHandler
                0x08006f90                RCC_IRQHandler
                0x08006f90                TIM8_BRK_TIM12_IRQHandler
                0x08006f90                Default_Handler
                0x08006f90                EXTI15_10_IRQHandler
                0x08006f90                ADC_IRQHandler
                0x08006f90                DMA1_Stream7_IRQHandler
                0x08006f90                CAN2_TX_IRQHandler
                0x08006f90                TIM5_IRQHandler
                0x08006f90                I2C3_EV_IRQHandler
                0x08006f90                EXTI9_5_IRQHandler
                0x08006f90                RTC_WKUP_IRQHandler
                0x08006f90                SPI2_IRQHandler
                0x08006f90                OTG_HS_EP1_IN_IRQHandler
                0x08006f90                CAN1_TX_IRQHandler
                0x08006f90                EXTI4_IRQHandler
                0x08006f90                FSMC_IRQHandler
                0x08006f90                OTG_HS_EP1_OUT_IRQHandler
                0x08006f90                WWDG_IRQHandler
                0x08006f90                TIM2_IRQHandler
                0x08006f90                OTG_FS_WKUP_IRQHandler
                0x08006f90                TIM1_TRG_COM_TIM11_IRQHandler
                0x08006f90                OTG_HS_IRQHandler
                0x08006f90                EXTI1_IRQHandler
                0x08006f90                USART2_IRQHandler
                0x08006f90                I2C2_ER_IRQHandler
                0x08006f90                DMA2_Stream1_IRQHandler
                0x08006f90                CAN1_SCE_IRQHandler
                0x08006f90                FLASH_IRQHandler
                0x08006f90                DMA2_Stream4_IRQHandler
                0x08006f90                OTG_FS_IRQHandler
                0x08006f90                SPI3_IRQHandler
                0x08006f90                I2C1_ER_IRQHandler
                0x08006f90                DMA2_Stream6_IRQHandler
 *fill*         0x08006f92        0x2 
 .text.__libc_init_array
                0x08006f94       0x48 c:/program files (x86)/arm gnu toolchain arm-none-eabi/11.2 2022.02/bin/../lib/gcc/arm-none-eabi/11.2.1/thumb/v7e-m+fp/hard\libc_nano.a(lib_a-init.o)
                0x08006f94                __libc_init_array
 .text.memcpy   0x08006fdc       0x1c c:/program files (x86)/arm gnu toolchain arm-none-eabi/11.2 2022.02/bin/../lib/gcc/arm-none-eabi/11.2.1/thumb/v7e-m+fp/hard\libc_nano.a(lib_a-memcpy-stub.o)
                0x08006fdc                memcpy
 .text.memset   0x08006ff8       0x10 c:/program files (x86)/arm gnu toolchain arm-none-eabi/11.2 2022.02/bin/../lib/gcc/arm-none-eabi/11.2.1/thumb/v7e-m+fp/hard\libc_nano.a(lib_a-memset.o)
                0x08006ff8                memset
 .text.sprintf  0x08007008       0x40 c:/program files (x86)/arm gnu toolchain arm-none-eabi/11.2 2022.02/bin/../lib/gcc/arm-none-eabi/11.2.1/thumb/v7e-m+fp/hard\libc_nano.a(lib_a-sprintf.o)
                0x08007008                siprintf
                0x08007008                sprintf
 .text.__ssputs_r
                0x08007048       0xb4 c:/program files (x86)/arm gnu toolchain arm-none-eabi/11.2 2022.02/bin/../lib/gcc/arm-none-eabi/11.2.1/thumb/v7e-m+fp/hard\libc_nano.a(lib_a-nano-svfprintf.o)
                0x08007048                __ssputs_r
 .text._svfprintf_r
                0x080070fc      0x1fc c:/program files (x86)/arm gnu toolchain arm-none-eabi/11.2 2022.02/bin/../lib/gcc/arm-none-eabi/11.2.1/thumb/v7e-m+fp/hard\libc_nano.a(lib_a-nano-svfprintf.o)
                0x080070fc                _svfiprintf_r
                0x080070fc                _svfprintf_r
 .text._printf_common
                0x080072f8       0xda c:/program files (x86)/arm gnu toolchain arm-none-eabi/11.2 2022.02/bin/../lib/gcc/arm-none-eabi/11.2.1/thumb/v7e-m+fp/hard\libc_nano.a(lib_a-nano-vfprintf_i.o)
                0x080072f8                _printf_common
 *fill*         0x080073d2        0x2 
 .text._printf_i
                0x080073d4      0x244 c:/program files (x86)/arm gnu toolchain arm-none-eabi/11.2 2022.02/bin/../lib/gcc/arm-none-eabi/11.2.1/thumb/v7e-m+fp/hard\libc_nano.a(lib_a-nano-vfprintf_i.o)
                0x080073d4                _printf_i
 .text.memmove  0x08007618       0x34 c:/program files (x86)/arm gnu toolchain arm-none-eabi/11.2 2022.02/bin/../lib/gcc/arm-none-eabi/11.2.1/thumb/v7e-m+fp/hard\libc_nano.a(lib_a-memmove.o)
                0x08007618                memmove
 .text._free_r  0x0800764c       0x98 c:/program files (x86)/arm gnu toolchain arm-none-eabi/11.2 2022.02/bin/../lib/gcc/arm-none-eabi/11.2.1/thumb/v7e-m+fp/hard\libc_nano.a(lib_a-nano-freer.o)
                0x0800764c                _free_r
 .text.sbrk_aligned
                0x080076e4       0x40 c:/program files (x86)/arm gnu toolchain arm-none-eabi/11.2 2022.02/bin/../lib/gcc/arm-none-eabi/11.2.1/thumb/v7e-m+fp/hard\libc_nano.a(lib_a-nano-mallocr.o)
 .text._malloc_r
                0x08007724       0xe8 c:/program files (x86)/arm gnu toolchain arm-none-eabi/11.2 2022.02/bin/../lib/gcc/arm-none-eabi/11.2.1/thumb/v7e-m+fp/hard\libc_nano.a(lib_a-nano-mallocr.o)
                0x08007724                _malloc_r
 .text._realloc_r
                0x0800780c       0x5e c:/program files (x86)/arm gnu toolchain arm-none-eabi/11.2 2022.02/bin/../lib/gcc/arm-none-eabi/11.2.1/thumb/v7e-m+fp/hard\libc_nano.a(lib_a-nano-reallocr.o)
                0x0800780c                _realloc_r
 *fill*         0x0800786a        0x2 
 .text._sbrk_r  0x0800786c       0x20 c:/program files (x86)/arm gnu toolchain arm-none-eabi/11.2 2022.02/bin/../lib/gcc/arm-none-eabi/11.2.1/thumb/v7e-m+fp/hard\libc_nano.a(lib_a-sbrkr.o)
                0x0800786c                _sbrk_r
 .text.__malloc_lock
                0x0800788c        0x2 c:/program files (x86)/arm gnu toolchain arm-none-eabi/11.2 2022.02/bin/../lib/gcc/arm-none-eabi/11.2.1/thumb/v7e-m+fp/hard\libc_nano.a(lib_a-mlock.o)
                0x0800788c                __malloc_lock
 .text.__malloc_unlock
                0x0800788e        0x2 c:/program files (x86)/arm gnu toolchain arm-none-eabi/11.2 2022.02/bin/../lib/gcc/arm-none-eabi/11.2.1/thumb/v7e-m+fp/hard\libc_nano.a(lib_a-mlock.o)
                0x0800788e                __malloc_unlock
 .text._malloc_usable_size_r
                0x08007890       0x10 c:/program files (x86)/arm gnu toolchain arm-none-eabi/11.2 2022.02/bin/../lib/gcc/arm-none-eabi/11.2.1/thumb/v7e-m+fp/hard\libc_nano.a(lib_a-nano-msizer.o)
                0x08007890                _malloc_usable_size_r
 .text.floor    0x080078a0      0x118 c:/program files (x86)/arm gnu toolchain arm-none-eabi/11.2 2022.02/bin/../lib/gcc/arm-none-eabi/11.2.1/thumb/v7e-m+fp/hard\libm.a(lib_a-s_floor.o)
                0x080078a0                floor
 .text.fmod     0x080079b8       0x6c c:/program files (x86)/arm gnu toolchain arm-none-eabi/11.2 2022.02/bin/../lib/gcc/arm-none-eabi/11.2.1/thumb/v7e-m+fp/hard\libm.a(lib_a-w_fmod.o)
                0x080079b8                fmod
 .text.__ieee754_fmod
                0x08007a24      0x27c c:/program files (x86)/arm gnu toolchain arm-none-eabi/11.2 2022.02/bin/../lib/gcc/arm-none-eabi/11.2.1/thumb/v7e-m+fp/hard\libm.a(lib_a-e_fmod.o)
                0x08007a24                __ieee754_fmod
 .text._sbrk    0x08007ca0       0x1c c:/program files (x86)/arm gnu toolchain arm-none-eabi/11.2 2022.02/bin/../lib/gcc/arm-none-eabi/11.2.1/thumb/v7e-m+fp/hard\libnosys.a(sbrk.o)
                0x08007ca0                _sbrk
 .text.__udivmoddi4
                0x08007cbc      0x2c8 c:/program files (x86)/arm gnu toolchain arm-none-eabi/11.2 2022.02/bin/../lib/gcc/arm-none-eabi/11.2.1/thumb/v7e-m+fp/hard\libgcc.a(_udivmoddi4.o)
                0x08007cbc                __udivmoddi4
 .text.__errno  0x08007f84        0xc c:/program files (x86)/arm gnu toolchain arm-none-eabi/11.2 2022.02/bin/../lib/gcc/arm-none-eabi/11.2.1/thumb/v7e-m+fp/hard\libc_nano.a(lib_a-errno.o)
                0x08007f84                __errno
 *(.glue_7)
 .glue_7        0x08007f90        0x0 linker stubs
 *(.glue_7t)
 .glue_7t       0x08007f90        0x0 linker stubs
 *(.eh_frame)
 .eh_frame      0x08007f90        0x0 c:/program files (x86)/arm gnu toolchain arm-none-eabi/11.2 2022.02/bin/../lib/gcc/arm-none-eabi/11.2.1/thumb/v7e-m+fp/hard/crtbegin.o
 *(.init)
 .init          0x08007f90        0x4 c:/program files (x86)/arm gnu toolchain arm-none-eabi/11.2 2022.02/bin/../lib/gcc/arm-none-eabi/11.2.1/thumb/v7e-m+fp/hard/crti.o
                0x08007f90                _init
 .init          0x08007f94        0x8 c:/program files (x86)/arm gnu toolchain arm-none-eabi/11.2 2022.02/bin/../lib/gcc/arm-none-eabi/11.2.1/thumb/v7e-m+fp/hard/crtn.o
 *(.fini)
 .fini          0x08007f9c        0x4 c:/program files (x86)/arm gnu toolchain arm-none-eabi/11.2 2022.02/bin/../lib/gcc/arm-none-eabi/11.2.1/thumb/v7e-m+fp/hard/crti.o
                0x08007f9c                _fini
 .fini          0x08007fa0        0x8 c:/program files (x86)/arm gnu toolchain arm-none-eabi/11.2 2022.02/bin/../lib/gcc/arm-none-eabi/11.2.1/thumb/v7e-m+fp/hard/crtn.o
                0x08007fa8                . = ALIGN (0x4)
                0x08007fa8                _etext = .

.vfp11_veneer   0x08007fa8        0x0
 .vfp11_veneer  0x08007fa8        0x0 linker stubs

.v4_bx          0x08007fa8        0x0
 .v4_bx         0x08007fa8        0x0 linker stubs

.iplt           0x08007fa8        0x0
 .iplt          0x08007fa8        0x0 c:/program files (x86)/arm gnu toolchain arm-none-eabi/11.2 2022.02/bin/../lib/gcc/arm-none-eabi/11.2.1/thumb/v7e-m+fp/hard/crtbegin.o

.rodata         0x08007fa8       0xb8
                0x08007fa8                . = ALIGN (0x4)
 *(.rodata)
 *(.rodata*)
 .rodata.flagBitshiftOffset.0
                0x08007fa8        0x8 build/stm32f4xx_hal_dma.o
 .rodata.AHBPrescTable
                0x08007fb0       0x10 build/system_stm32f4xx.o
                0x08007fb0                AHBPrescTable
 .rodata.APBPrescTable
                0x08007fc0        0x8 build/system_stm32f4xx.o
                0x08007fc0                APBPrescTable
 .rodata.IFR_Scope_Main.str1.4
                0x08007fc8        0x7 build/ifr-scope_device.o
 *fill*         0x08007fcf        0x1 
 .rodata.WFDBG_DATA_MASK
                0x08007fd0        0x6 build/ifr-scope_device.o
                0x08007fd0                WFDBG_DATA_MASK
 *fill*         0x08007fd6        0x2 
 .rodata.WFDBG_HANDSHAKE_Fail
                0x08007fd8        0xc build/ifr-scope_device.o
                0x08007fd8                WFDBG_HANDSHAKE_Fail
 .rodata.WFDBG_HANDSHAKE_KEY
                0x08007fe4        0x5 build/ifr-scope_device.o
                0x08007fe4                WFDBG_HANDSHAKE_KEY
 *fill*         0x08007fe9        0x3 
 .rodata.WFDBG_HANDSHAKE_OK
                0x08007fec        0xc build/ifr-scope_device.o
                0x08007fec                WFDBG_HANDSHAKE_OK
 .rodata.WFDBG_HEAD
                0x08007ff8        0x6 build/ifr-scope_device.o
                0x08007ff8                WFDBG_HEAD
 *fill*         0x08007ffe        0x2 
 .rodata.WFDBG_REP_DCY1
                0x08008000        0xb build/ifr-scope_device.o
                0x08008000                WFDBG_REP_DCY1
 *fill*         0x0800800b        0x1 
 .rodata.WFDBG_REP_DCY2
                0x0800800c        0xc build/ifr-scope_device.o
                0x0800800c                WFDBG_REP_DCY2
 .rodata.WS2812BitDef
                0x08008018        0x2 build/ws2812.o
                0x08008018                WS2812BitDef
 .rodata.Follow_Balance_U8GND
                0x0800801a        0x1 build/Follow_Balance.o
                0x0800801a                Follow_Balance_U8GND
 .rodata._svfprintf_r.str1.1
                0x0800801b       0x11 c:/program files (x86)/arm gnu toolchain arm-none-eabi/11.2 2022.02/bin/../lib/gcc/arm-none-eabi/11.2.1/thumb/v7e-m+fp/hard\libc_nano.a(lib_a-nano-svfprintf.o)
 .rodata._printf_i.str1.1
                0x0800802c       0x22 c:/program files (x86)/arm gnu toolchain arm-none-eabi/11.2 2022.02/bin/../lib/gcc/arm-none-eabi/11.2.1/thumb/v7e-m+fp/hard\libc_nano.a(lib_a-nano-vfprintf_i.o)
 *fill*         0x0800804e        0x2 
 .rodata.Zero   0x08008050       0x10 c:/program files (x86)/arm gnu toolchain arm-none-eabi/11.2 2022.02/bin/../lib/gcc/arm-none-eabi/11.2.1/thumb/v7e-m+fp/hard\libm.a(lib_a-e_fmod.o)
                0x08008060                . = ALIGN (0x4)

.ARM.extab
 *(.ARM.extab* .gnu.linkonce.armextab.*)

.ARM            0x08008060        0x8
                0x08008060                __exidx_start = .
 *(.ARM.exidx*)
 .ARM.exidx.text.__udivmoddi4
                0x08008060        0x8 c:/program files (x86)/arm gnu toolchain arm-none-eabi/11.2 2022.02/bin/../lib/gcc/arm-none-eabi/11.2.1/thumb/v7e-m+fp/hard\libgcc.a(_udivmoddi4.o)
                0x08008068                __exidx_end = .

.rel.dyn        0x08008068        0x0
 .rel.iplt      0x08008068        0x0 c:/program files (x86)/arm gnu toolchain arm-none-eabi/11.2 2022.02/bin/../lib/gcc/arm-none-eabi/11.2.1/thumb/v7e-m+fp/hard/crtbegin.o

.preinit_array  0x08008068        0x0
                0x08008068                PROVIDE (__preinit_array_start = .)
 *(.preinit_array*)
                0x08008068                PROVIDE (__preinit_array_end = .)

.init_array     0x08008068        0x4
                0x08008068                PROVIDE (__init_array_start = .)
 *(SORT_BY_NAME(.init_array.*))
 *(.init_array*)
 .init_array    0x08008068        0x4 c:/program files (x86)/arm gnu toolchain arm-none-eabi/11.2 2022.02/bin/../lib/gcc/arm-none-eabi/11.2.1/thumb/v7e-m+fp/hard/crtbegin.o
                0x0800806c                PROVIDE (__init_array_end = .)

.fini_array     0x0800806c        0x4
                [!provide]                PROVIDE (__fini_array_start = .)
 *(SORT_BY_NAME(.fini_array.*))
 *(.fini_array*)
 .fini_array    0x0800806c        0x4 c:/program files (x86)/arm gnu toolchain arm-none-eabi/11.2 2022.02/bin/../lib/gcc/arm-none-eabi/11.2.1/thumb/v7e-m+fp/hard/crtbegin.o
                [!provide]                PROVIDE (__fini_array_end = .)
                0x08008070                _sidata = LOADADDR (.data)

.data           0x20000000       0xe8 load address 0x08008070
                0x20000000                . = ALIGN (0x4)
                0x20000000                _sdata = .
 *(.data)
 *(.data*)
 .data.uwTickFreq
                0x20000000        0x1 build/stm32f4xx_hal.o
                0x20000000                uwTickFreq
 *fill*         0x20000001        0x3 
 .data.uwTickPrio
                0x20000004        0x4 build/stm32f4xx_hal.o
                0x20000004                uwTickPrio
 .data.SystemCoreClock
                0x20000008        0x4 build/system_stm32f4xx.o
                0x20000008                SystemCoreClock
 .data.DataLink_UpFrameData
                0x2000000c       0x5e build/ifr-scope_device.o
                0x2000000c                DataLink_UpFrameData
 *fill*         0x2000006a        0x2 
 .data.WFDBG_HANDSHAKE
                0x2000006c        0x6 build/ifr-scope_device.o
                0x2000006c                WFDBG_HANDSHAKE
 *fill*         0x20000072        0x2 
 .data.WFDBG_REP_DESCRI
                0x20000074        0xf build/ifr-scope_device.o
                0x20000074                WFDBG_REP_DESCRI
 *fill*         0x20000083        0x1 
 .data._impure_ptr
                0x20000084        0x4 c:/program files (x86)/arm gnu toolchain arm-none-eabi/11.2 2022.02/bin/../lib/gcc/arm-none-eabi/11.2.1/thumb/v7e-m+fp/hard\libc_nano.a(lib_a-impure.o)
                0x20000084                _impure_ptr
 .data.impure_data
                0x20000088       0x60 c:/program files (x86)/arm gnu toolchain arm-none-eabi/11.2 2022.02/bin/../lib/gcc/arm-none-eabi/11.2.1/thumb/v7e-m+fp/hard\libc_nano.a(lib_a-impure.o)
                0x200000e8                . = ALIGN (0x4)
                0x200000e8                _edata = .
                0x08008158                _siccmram = LOADADDR (.ccmram)

.tm_clone_table
                0x200000e8        0x0 load address 0x08008158
 .tm_clone_table
                0x200000e8        0x0 c:/program files (x86)/arm gnu toolchain arm-none-eabi/11.2 2022.02/bin/../lib/gcc/arm-none-eabi/11.2.1/thumb/v7e-m+fp/hard/crtbegin.o
 .tm_clone_table
                0x200000e8        0x0 c:/program files (x86)/arm gnu toolchain arm-none-eabi/11.2 2022.02/bin/../lib/gcc/arm-none-eabi/11.2.1/thumb/v7e-m+fp/hard/crtend.o

.igot.plt       0x200000e8        0x0 load address 0x08008158
 .igot.plt      0x200000e8        0x0 c:/program files (x86)/arm gnu toolchain arm-none-eabi/11.2 2022.02/bin/../lib/gcc/arm-none-eabi/11.2.1/thumb/v7e-m+fp/hard/crtbegin.o

.ccmram         0x10000000        0x0 load address 0x08008158
                0x10000000                . = ALIGN (0x4)
                0x10000000                _sccmram = .
 *(.ccmram)
 *(.ccmram*)
                0x10000000                . = ALIGN (0x4)
                0x10000000                _eccmram = .
                0x10000000                . = ALIGN (0x4)

.bss            0x200000e8     0x1744
                0x200000e8                _sbss = .
                0x200000e8                __bss_start__ = _sbss
 *(.bss)
 *(.bss*)
 .bss.completed.1
                0x200000e8        0x1 c:/program files (x86)/arm gnu toolchain arm-none-eabi/11.2 2022.02/bin/../lib/gcc/arm-none-eabi/11.2.1/thumb/v7e-m+fp/hard/crtbegin.o
 *fill*         0x200000e9        0x3 
 .bss.object.0  0x200000ec       0x18 c:/program files (x86)/arm gnu toolchain arm-none-eabi/11.2 2022.02/bin/../lib/gcc/arm-none-eabi/11.2.1/thumb/v7e-m+fp/hard/crtbegin.o
 .bss.adc_rawvalue
                0x20000104       0x14 build/adc.o
                0x20000104                adc_rawvalue
 .bss.adc_zerooffset
                0x20000118        0x4 build/adc.o
                0x20000118                adc_zerooffset
 .bss.hadc1     0x2000011c       0x48 build/adc.o
                0x2000011c                hadc1
 .bss.hadc2     0x20000164       0x48 build/adc.o
                0x20000164                hadc2
 .bss.hdma_adc1
                0x200001ac       0x60 build/adc.o
                0x200001ac                hdma_adc1
 .bss.hdma_adc2
                0x2000020c       0x60 build/adc.o
                0x2000020c                hdma_adc2
 .bss.simulinkRunFlag
                0x2000026c        0x8 build/adc.o
                0x2000026c                simulinkRunFlag
 .bss.tim3cnt   0x20000274        0x2 build/adc.o
                0x20000274                tim3cnt
 .bss.tim8cnt   0x20000276        0x2 build/adc.o
                0x20000276                tim8cnt
 .bss.hdma_tim4_ch1
                0x20000278       0x60 build/tim.o
                0x20000278                hdma_tim4_ch1
 .bss.hdma_tim4_ch2
                0x200002d8       0x60 build/tim.o
                0x200002d8                hdma_tim4_ch2
 .bss.htim2     0x20000338       0x48 build/tim.o
                0x20000338                htim2
 .bss.htim3     0x20000380       0x48 build/tim.o
                0x20000380                htim3
 .bss.htim4     0x200003c8       0x48 build/tim.o
                0x200003c8                htim4
 .bss.htim5     0x20000410       0x48 build/tim.o
                0x20000410                htim5
 .bss.htim7     0x20000458       0x48 build/tim.o
                0x20000458                htim7
 .bss.htim8     0x200004a0       0x48 build/tim.o
                0x200004a0                htim8
 .bss.DMA_NDTR  0x200004e8        0x2 build/usart.o
                0x200004e8                DMA_NDTR
 *fill*         0x200004ea        0x2 
 .bss.HI226_Angle
                0x200004ec        0x6 build/usart.o
                0x200004ec                HI226_Angle
 *fill*         0x200004f2        0x2 
 .bss.HI226_AngleV
                0x200004f4        0x6 build/usart.o
                0x200004f4                HI226_AngleV
 .bss.HI226_Calccrc
                0x200004fa        0x2 build/usart.o
                0x200004fa                HI226_Calccrc
 .bss.HI226_ErrorCount
                0x200004fc        0x2 build/usart.o
                0x200004fc                HI226_ErrorCount
 .bss.HI226_FreqCount
                0x200004fe        0x2 build/usart.o
                0x200004fe                HI226_FreqCount
 .bss.HI226_Recvcrc
                0x20000500        0x2 build/usart.o
                0x20000500                HI226_Recvcrc
 .bss.HI226_len
                0x20000502        0x2 build/usart.o
                0x20000502                HI226_len
 .bss.RPi_Revdata
                0x20000504       0x10 build/usart.o
                0x20000504                RPi_Revdata
 .bss.RPi_SendBuffer
                0x20000514       0x15 build/usart.o
                0x20000514                RPi_SendBuffer
 *fill*         0x20000529        0x3 
 .bss.RPi_SendData
                0x2000052c       0x10 build/usart.o
                0x2000052c                RPi_SendData
 .bss.UART1_DMA_NDTR
                0x2000053c        0x2 build/usart.o
                0x2000053c                UART1_DMA_NDTR
 *fill*         0x2000053e        0x2 
 .bss.USART1_Software_FIFO
                0x20000540      0x108 build/usart.o
                0x20000540                USART1_Software_FIFO
 .bss.Uart1DMAData
                0x20000648       0x68 build/usart.o
                0x20000648                Uart1DMAData
 .bss.hdma_uart4_rx
                0x200006b0       0x60 build/usart.o
                0x200006b0                hdma_uart4_rx
 .bss.hdma_uart4_tx
                0x20000710       0x60 build/usart.o
                0x20000710                hdma_uart4_tx
 .bss.hdma_usart1_rx
                0x20000770       0x60 build/usart.o
                0x20000770                hdma_usart1_rx
 .bss.hdma_usart1_tx
                0x200007d0       0x60 build/usart.o
                0x200007d0                hdma_usart1_tx
 .bss.hdma_usart3_rx
                0x20000830       0x60 build/usart.o
                0x20000830                hdma_usart3_rx
 .bss.huart1    0x20000890       0x44 build/usart.o
                0x20000890                huart1
 .bss.huart3    0x200008d4       0x44 build/usart.o
                0x200008d4                huart3
 .bss.huart4    0x20000918       0x44 build/usart.o
                0x20000918                huart4
 .bss.huart5    0x2000095c       0x44 build/usart.o
                0x2000095c                huart5
 .bss.uart1rev_errorconut
                0x200009a0        0x4 build/usart.o
                0x200009a0                uart1rev_errorconut
 .bss.uart3rx_bufnum
                0x200009a4        0x2 build/usart.o
                0x200009a4                uart3rx_bufnum
 .bss.uart4rx_bufnum
                0x200009a6        0x2 build/usart.o
                0x200009a6                uart4rx_bufnum
 .bss.uwTick    0x200009a8        0x4 build/stm32f4xx_hal.o
                0x200009a8                uwTick
 .bss.DataLink_RevData
                0x200009ac       0x28 build/ifr-scope_device.o
                0x200009ac                DataLink_RevData
 .bss.IFRScopeRunState
                0x200009d4        0x1 build/ifr-scope_device.o
                0x200009d4                IFRScopeRunState
 *fill*         0x200009d5        0x3 
 .bss.WFDBG_REPDCY
                0x200009d8       0x28 build/ifr-scope_device.o
                0x200009d8                WFDBG_REPDCY
 .bss.error_uart1tx
                0x20000a00        0x4 build/ifr-scope_device.o
                0x20000a00                error_uart1tx
 .bss.last_revtime
                0x20000a04        0x4 build/ifr-scope_device.o
                0x20000a04                last_revtime
 .bss.led_Designated
                0x20000a08       0x1e build/ws2812.o
                0x20000a08                led_Designated
 *fill*         0x20000a26        0x2 
 .bss.sendcolors
                0x20000a28        0x3 build/ws2812.o
 *fill*         0x20000a2b        0x1 
 .bss.tarcolors
                0x20000a2c        0x3 build/ws2812.o
 *fill*         0x20000a2f        0x1 
 .bss.Follow_Balance_B
                0x20000a30       0x88 build/Follow_Balance.o
                0x20000a30                Follow_Balance_B
 .bss.Follow_Balance_DW
                0x20000ab8      0x128 build/Follow_Balance.o
                0x20000ab8                Follow_Balance_DW
 .bss.HI226_Freq
                0x20000be0        0x2 build/main.o
                0x20000be0                HI226_Freq
 *fill*         0x20000be2        0x2 
 .bss.Uart3DMABuffer
                0x20000be4       0x32 build/main.o
                0x20000be4                Uart3DMABuffer
 *fill*         0x20000c16        0x2 
 .bss.Uart4DMABuffer
                0x20000c18       0x32 build/main.o
                0x20000c18                Uart4DMABuffer
 *fill*         0x20000c4a        0x2 
 .bss.adc1_DMAData
                0x20000c4c       0x14 build/main.o
                0x20000c4c                adc1_DMAData
 .bss.adc2_DMAData
                0x20000c60       0x14 build/main.o
                0x20000c60                adc2_DMAData
 .bss.adcrunfreq
                0x20000c74        0x8 build/main.o
                0x20000c74                adcrunfreq
 .bss.motor1_PwmData
                0x20000c7c        0x2 build/main.o
                0x20000c7c                motor1_PwmData
 *fill*         0x20000c7e        0x2 
 .bss.motor1_speed
                0x20000c80        0x4 build/main.o
                0x20000c80                motor1_speed
 .bss.motor2_PwmData
                0x20000c84        0x2 build/main.o
                0x20000c84                motor2_PwmData
 *fill*         0x20000c86        0x2 
 .bss.motor2_speed
                0x20000c88        0x4 build/main.o
                0x20000c88                motor2_speed
 .bss.pwm4_1_DMAData
                0x20000c8c      0x5a2 build/main.o
                0x20000c8c                pwm4_1_DMAData
 *fill*         0x2000122e        0x2 
 .bss.pwm4_2_DMAData
                0x20001230      0x5a2 build/main.o
                0x20001230                pwm4_2_DMAData
 *fill*         0x200017d2        0x2 
 .bss.simulinkOverrunCount
                0x200017d4        0x4 build/main.o
                0x200017d4                simulinkOverrunCount
 .bss.time2_enc
                0x200017d8        0x8 build/main.o
                0x200017d8                time2_enc
 .bss.time5_enc
                0x200017e0        0x8 build/main.o
                0x200017e0                time5_enc
 .bss.time_5ms_count
                0x200017e8        0x4 build/main.o
                0x200017e8                time_5ms_count
 .bss.ws2812_data
                0x200017ec        0x3 build/main.o
                0x200017ec                ws2812_data
 *fill*         0x200017ef        0x1 
 .bss.rtInf     0x200017f0        0x8 build/rt_nonfinite.o
                0x200017f0                rtInf
 .bss.rtInfF    0x200017f8        0x4 build/rt_nonfinite.o
                0x200017f8                rtInfF
 *fill*         0x200017fc        0x4 
 .bss.rtMinusInf
                0x20001800        0x8 build/rt_nonfinite.o
                0x20001800                rtMinusInf
 .bss.rtMinusInfF
                0x20001808        0x4 build/rt_nonfinite.o
                0x20001808                rtMinusInfF
 *fill*         0x2000180c        0x4 
 .bss.rtNaN     0x20001810        0x8 build/rt_nonfinite.o
                0x20001810                rtNaN
 .bss.rtNaNF    0x20001818        0x4 build/rt_nonfinite.o
                0x20001818                rtNaNF
 .bss.__malloc_free_list
                0x2000181c        0x4 c:/program files (x86)/arm gnu toolchain arm-none-eabi/11.2 2022.02/bin/../lib/gcc/arm-none-eabi/11.2.1/thumb/v7e-m+fp/hard\libc_nano.a(lib_a-nano-mallocr.o)
                0x2000181c                __malloc_free_list
 .bss.__malloc_sbrk_start
                0x20001820        0x4 c:/program files (x86)/arm gnu toolchain arm-none-eabi/11.2 2022.02/bin/../lib/gcc/arm-none-eabi/11.2.1/thumb/v7e-m+fp/hard\libc_nano.a(lib_a-nano-mallocr.o)
                0x20001820                __malloc_sbrk_start
 .bss.errno     0x20001824        0x4 c:/program files (x86)/arm gnu toolchain arm-none-eabi/11.2 2022.02/bin/../lib/gcc/arm-none-eabi/11.2.1/thumb/v7e-m+fp/hard\libc_nano.a(lib_a-reent.o)
                0x20001824                errno
 .bss.heap_end.0
                0x20001828        0x4 c:/program files (x86)/arm gnu toolchain arm-none-eabi/11.2 2022.02/bin/../lib/gcc/arm-none-eabi/11.2.1/thumb/v7e-m+fp/hard\libnosys.a(sbrk.o)
 *(COMMON)
                0x2000182c                . = ALIGN (0x4)
                0x2000182c                _ebss = .
                0x2000182c                __bss_end__ = _ebss

._user_heap_stack
                0x2000182c      0x604
                0x20001830                . = ALIGN (0x8)
 *fill*         0x2000182c        0x4 
                0x20001830                PROVIDE (end = .)
                [!provide]                PROVIDE (_end = .)
                0x20001a30                . = (. + _Min_Heap_Size)
 *fill*         0x20001830      0x200 
                0x20001e30                . = (. + _Min_Stack_Size)
 *fill*         0x20001a30      0x400 
                0x20001e30                . = ALIGN (0x8)

/DISCARD/
 libc.a(*)
 libm.a(*)
 libgcc.a(*)

.ARM.attributes
                0x00000000       0x30
 *(.ARM.attributes)
 .ARM.attributes
                0x00000000       0x1e c:/program files (x86)/arm gnu toolchain arm-none-eabi/11.2 2022.02/bin/../lib/gcc/arm-none-eabi/11.2.1/thumb/v7e-m+fp/hard/crti.o
 .ARM.attributes
                0x0000001e       0x34 c:/program files (x86)/arm gnu toolchain arm-none-eabi/11.2 2022.02/bin/../lib/gcc/arm-none-eabi/11.2.1/thumb/v7e-m+fp/hard/crtbegin.o
 .ARM.attributes
                0x00000052       0x34 build/gpio.o
 .ARM.attributes
                0x00000086       0x34 build/adc.o
 .ARM.attributes
                0x000000ba       0x34 build/dma.o
 .ARM.attributes
                0x000000ee       0x34 build/tim.o
 .ARM.attributes
                0x00000122       0x34 build/usart.o
 .ARM.attributes
                0x00000156       0x34 build/stm32f4xx_it.o
 .ARM.attributes
                0x0000018a       0x34 build/stm32f4xx_hal_msp.o
 .ARM.attributes
                0x000001be       0x34 build/stm32f4xx_hal_adc.o
 .ARM.attributes
                0x000001f2       0x34 build/stm32f4xx_hal_rcc.o
 .ARM.attributes
                0x00000226       0x34 build/stm32f4xx_hal_gpio.o
 .ARM.attributes
                0x0000025a       0x34 build/stm32f4xx_hal_dma.o
 .ARM.attributes
                0x0000028e       0x34 build/stm32f4xx_hal_cortex.o
 .ARM.attributes
                0x000002c2       0x34 build/stm32f4xx_hal.o
 .ARM.attributes
                0x000002f6       0x34 build/stm32f4xx_hal_tim.o
 .ARM.attributes
                0x0000032a       0x34 build/stm32f4xx_hal_tim_ex.o
 .ARM.attributes
                0x0000035e       0x34 build/stm32f4xx_hal_uart.o
 .ARM.attributes
                0x00000392       0x34 build/system_stm32f4xx.o
 .ARM.attributes
                0x000003c6       0x34 build/uart_fifo.o
 .ARM.attributes
                0x000003fa       0x34 build/ifr-scope_device.o
 .ARM.attributes
                0x0000042e       0x34 build/ws2812.o
 .ARM.attributes
                0x00000462       0x34 build/Follow_Balance.o
 .ARM.attributes
                0x00000496       0x34 build/main.o
 .ARM.attributes
                0x000004ca       0x34 build/rtGetInf.o
 .ARM.attributes
                0x000004fe       0x34 build/rtGetNaN.o
 .ARM.attributes
                0x00000532       0x34 build/rt_nonfinite.o
 .ARM.attributes
                0x00000566       0x21 build/startup_stm32f405xx.o
 .ARM.attributes
                0x00000587       0x34 c:/program files (x86)/arm gnu toolchain arm-none-eabi/11.2 2022.02/bin/../lib/gcc/arm-none-eabi/11.2.1/thumb/v7e-m+fp/hard\libc_nano.a(lib_a-impure.o)
 .ARM.attributes
                0x000005bb       0x34 c:/program files (x86)/arm gnu toolchain arm-none-eabi/11.2 2022.02/bin/../lib/gcc/arm-none-eabi/11.2.1/thumb/v7e-m+fp/hard\libc_nano.a(lib_a-init.o)
 .ARM.attributes
                0x000005ef       0x34 c:/program files (x86)/arm gnu toolchain arm-none-eabi/11.2 2022.02/bin/../lib/gcc/arm-none-eabi/11.2.1/thumb/v7e-m+fp/hard\libc_nano.a(lib_a-memcpy-stub.o)
 .ARM.attributes
                0x00000623       0x34 c:/program files (x86)/arm gnu toolchain arm-none-eabi/11.2 2022.02/bin/../lib/gcc/arm-none-eabi/11.2.1/thumb/v7e-m+fp/hard\libc_nano.a(lib_a-memset.o)
 .ARM.attributes
                0x00000657       0x34 c:/program files (x86)/arm gnu toolchain arm-none-eabi/11.2 2022.02/bin/../lib/gcc/arm-none-eabi/11.2.1/thumb/v7e-m+fp/hard\libc_nano.a(lib_a-sprintf.o)
 .ARM.attributes
                0x0000068b       0x1c c:/program files (x86)/arm gnu toolchain arm-none-eabi/11.2 2022.02/bin/../lib/gcc/arm-none-eabi/11.2.1/thumb/v7e-m+fp/hard\libc_nano.a(lib_a-strcmp.o)
 .ARM.attributes
                0x000006a7       0x17 c:/program files (x86)/arm gnu toolchain arm-none-eabi/11.2 2022.02/bin/../lib/gcc/arm-none-eabi/11.2.1/thumb/v7e-m+fp/hard\libc_nano.a(lib_a-strlen.o)
 .ARM.attributes
                0x000006be       0x34 c:/program files (x86)/arm gnu toolchain arm-none-eabi/11.2 2022.02/bin/../lib/gcc/arm-none-eabi/11.2.1/thumb/v7e-m+fp/hard\libc_nano.a(lib_a-nano-svfprintf.o)
 .ARM.attributes
                0x000006f2       0x34 c:/program files (x86)/arm gnu toolchain arm-none-eabi/11.2 2022.02/bin/../lib/gcc/arm-none-eabi/11.2.1/thumb/v7e-m+fp/hard\libc_nano.a(lib_a-nano-vfprintf_i.o)
 .ARM.attributes
                0x00000726       0x1c c:/program files (x86)/arm gnu toolchain arm-none-eabi/11.2 2022.02/bin/../lib/gcc/arm-none-eabi/11.2.1/thumb/v7e-m+fp/hard\libc_nano.a(lib_a-memchr.o)
 .ARM.attributes
                0x00000742       0x34 c:/program files (x86)/arm gnu toolchain arm-none-eabi/11.2 2022.02/bin/../lib/gcc/arm-none-eabi/11.2.1/thumb/v7e-m+fp/hard\libc_nano.a(lib_a-memmove.o)
 .ARM.attributes
                0x00000776       0x34 c:/program files (x86)/arm gnu toolchain arm-none-eabi/11.2 2022.02/bin/../lib/gcc/arm-none-eabi/11.2.1/thumb/v7e-m+fp/hard\libc_nano.a(lib_a-nano-freer.o)
 .ARM.attributes
                0x000007aa       0x34 c:/program files (x86)/arm gnu toolchain arm-none-eabi/11.2 2022.02/bin/../lib/gcc/arm-none-eabi/11.2.1/thumb/v7e-m+fp/hard\libc_nano.a(lib_a-nano-mallocr.o)
 .ARM.attributes
                0x000007de       0x34 c:/program files (x86)/arm gnu toolchain arm-none-eabi/11.2 2022.02/bin/../lib/gcc/arm-none-eabi/11.2.1/thumb/v7e-m+fp/hard\libc_nano.a(lib_a-nano-reallocr.o)
 .ARM.attributes
                0x00000812       0x34 c:/program files (x86)/arm gnu toolchain arm-none-eabi/11.2 2022.02/bin/../lib/gcc/arm-none-eabi/11.2.1/thumb/v7e-m+fp/hard\libc_nano.a(lib_a-sbrkr.o)
 .ARM.attributes
                0x00000846       0x34 c:/program files (x86)/arm gnu toolchain arm-none-eabi/11.2 2022.02/bin/../lib/gcc/arm-none-eabi/11.2.1/thumb/v7e-m+fp/hard\libc_nano.a(lib_a-mlock.o)
 .ARM.attributes
                0x0000087a       0x34 c:/program files (x86)/arm gnu toolchain arm-none-eabi/11.2 2022.02/bin/../lib/gcc/arm-none-eabi/11.2.1/thumb/v7e-m+fp/hard\libc_nano.a(lib_a-nano-msizer.o)
 .ARM.attributes
                0x000008ae       0x34 c:/program files (x86)/arm gnu toolchain arm-none-eabi/11.2 2022.02/bin/../lib/gcc/arm-none-eabi/11.2.1/thumb/v7e-m+fp/hard\libc_nano.a(lib_a-reent.o)
 .ARM.attributes
                0x000008e2       0x34 c:/program files (x86)/arm gnu toolchain arm-none-eabi/11.2 2022.02/bin/../lib/gcc/arm-none-eabi/11.2.1/thumb/v7e-m+fp/hard\libm.a(lib_a-s_floor.o)
 .ARM.attributes
                0x00000916       0x34 c:/program files (x86)/arm gnu toolchain arm-none-eabi/11.2 2022.02/bin/../lib/gcc/arm-none-eabi/11.2.1/thumb/v7e-m+fp/hard\libm.a(lib_a-w_fmod.o)
 .ARM.attributes
                0x0000094a       0x34 c:/program files (x86)/arm gnu toolchain arm-none-eabi/11.2 2022.02/bin/../lib/gcc/arm-none-eabi/11.2.1/thumb/v7e-m+fp/hard\libm.a(lib_a-e_fmod.o)
 .ARM.attributes
                0x0000097e       0x34 c:/program files (x86)/arm gnu toolchain arm-none-eabi/11.2 2022.02/bin/../lib/gcc/arm-none-eabi/11.2.1/thumb/v7e-m+fp/hard\libnosys.a(sbrk.o)
 .ARM.attributes
                0x000009b2       0x1e c:/program files (x86)/arm gnu toolchain arm-none-eabi/11.2 2022.02/bin/../lib/gcc/arm-none-eabi/11.2.1/thumb/v7e-m+fp/hard\libgcc.a(_arm_addsubdf3.o)
 .ARM.attributes
                0x000009d0       0x1e c:/program files (x86)/arm gnu toolchain arm-none-eabi/11.2 2022.02/bin/../lib/gcc/arm-none-eabi/11.2.1/thumb/v7e-m+fp/hard\libgcc.a(_arm_muldivdf3.o)
 .ARM.attributes
                0x000009ee       0x1e c:/program files (x86)/arm gnu toolchain arm-none-eabi/11.2 2022.02/bin/../lib/gcc/arm-none-eabi/11.2.1/thumb/v7e-m+fp/hard\libgcc.a(_arm_cmpdf2.o)
 .ARM.attributes
                0x00000a0c       0x1e c:/program files (x86)/arm gnu toolchain arm-none-eabi/11.2 2022.02/bin/../lib/gcc/arm-none-eabi/11.2.1/thumb/v7e-m+fp/hard\libgcc.a(_arm_unorddf2.o)
 .ARM.attributes
                0x00000a2a       0x1e c:/program files (x86)/arm gnu toolchain arm-none-eabi/11.2 2022.02/bin/../lib/gcc/arm-none-eabi/11.2.1/thumb/v7e-m+fp/hard\libgcc.a(_arm_fixdfsi.o)
 .ARM.attributes
                0x00000a48       0x1e c:/program files (x86)/arm gnu toolchain arm-none-eabi/11.2 2022.02/bin/../lib/gcc/arm-none-eabi/11.2.1/thumb/v7e-m+fp/hard\libgcc.a(_arm_fixunsdfsi.o)
 .ARM.attributes
                0x00000a66       0x1e c:/program files (x86)/arm gnu toolchain arm-none-eabi/11.2 2022.02/bin/../lib/gcc/arm-none-eabi/11.2.1/thumb/v7e-m+fp/hard\libgcc.a(_arm_truncdfsf2.o)
 .ARM.attributes
                0x00000a84       0x1e c:/program files (x86)/arm gnu toolchain arm-none-eabi/11.2 2022.02/bin/../lib/gcc/arm-none-eabi/11.2.1/thumb/v7e-m+fp/hard\libgcc.a(_aeabi_uldivmod.o)
 .ARM.attributes
                0x00000aa2       0x34 c:/program files (x86)/arm gnu toolchain arm-none-eabi/11.2 2022.02/bin/../lib/gcc/arm-none-eabi/11.2.1/thumb/v7e-m+fp/hard\libgcc.a(_udivmoddi4.o)
 .ARM.attributes
                0x00000ad6       0x1e c:/program files (x86)/arm gnu toolchain arm-none-eabi/11.2 2022.02/bin/../lib/gcc/arm-none-eabi/11.2.1/thumb/v7e-m+fp/hard\libgcc.a(_dvmd_tls.o)
 .ARM.attributes
                0x00000af4       0x34 c:/program files (x86)/arm gnu toolchain arm-none-eabi/11.2 2022.02/bin/../lib/gcc/arm-none-eabi/11.2.1/thumb/v7e-m+fp/hard\libc_nano.a(lib_a-errno.o)
 .ARM.attributes
                0x00000b28       0x34 c:/program files (x86)/arm gnu toolchain arm-none-eabi/11.2 2022.02/bin/../lib/gcc/arm-none-eabi/11.2.1/thumb/v7e-m+fp/hard/crtend.o
 .ARM.attributes
                0x00000b5c       0x1e c:/program files (x86)/arm gnu toolchain arm-none-eabi/11.2 2022.02/bin/../lib/gcc/arm-none-eabi/11.2.1/thumb/v7e-m+fp/hard/crtn.o
OUTPUT(build/Follow_Balance.elf elf32-littlearm)
LOAD linker stubs
LOAD c:/program files (x86)/arm gnu toolchain arm-none-eabi/11.2 2022.02/bin/../lib/gcc/arm-none-eabi/11.2.1/thumb/v7e-m+fp/hard\libc.a
LOAD c:/program files (x86)/arm gnu toolchain arm-none-eabi/11.2 2022.02/bin/../lib/gcc/arm-none-eabi/11.2.1/thumb/v7e-m+fp/hard\libm.a
LOAD c:/program files (x86)/arm gnu toolchain arm-none-eabi/11.2 2022.02/bin/../lib/gcc/arm-none-eabi/11.2.1/thumb/v7e-m+fp/hard\libgcc.a

.comment        0x00000000       0x57
 .comment       0x00000000       0x57 c:/program files (x86)/arm gnu toolchain arm-none-eabi/11.2 2022.02/bin/../lib/gcc/arm-none-eabi/11.2.1/thumb/v7e-m+fp/hard/crtbegin.o
                                 0x58 (size before relaxing)
 .comment       0x00000057       0x58 build/gpio.o
 .comment       0x00000057       0x58 build/adc.o
 .comment       0x00000057       0x58 build/dma.o
 .comment       0x00000057       0x58 build/tim.o
 .comment       0x00000057       0x58 build/usart.o
 .comment       0x00000057       0x58 build/stm32f4xx_it.o
 .comment       0x00000057       0x58 build/stm32f4xx_hal_msp.o
 .comment       0x00000057       0x58 build/stm32f4xx_hal_adc.o
 .comment       0x00000057       0x58 build/stm32f4xx_hal_rcc.o
 .comment       0x00000057       0x58 build/stm32f4xx_hal_gpio.o
 .comment       0x00000057       0x58 build/stm32f4xx_hal_dma.o
 .comment       0x00000057       0x58 build/stm32f4xx_hal_cortex.o
 .comment       0x00000057       0x58 build/stm32f4xx_hal.o
 .comment       0x00000057       0x58 build/stm32f4xx_hal_tim.o
 .comment       0x00000057       0x58 build/stm32f4xx_hal_tim_ex.o
 .comment       0x00000057       0x58 build/stm32f4xx_hal_uart.o
 .comment       0x00000057       0x58 build/system_stm32f4xx.o
 .comment       0x00000057       0x58 build/uart_fifo.o
 .comment       0x00000057       0x58 build/ifr-scope_device.o
 .comment       0x00000057       0x58 build/ws2812.o
 .comment       0x00000057       0x58 build/Follow_Balance.o
 .comment       0x00000057       0x58 build/main.o
 .comment       0x00000057       0x58 build/rtGetInf.o
 .comment       0x00000057       0x58 build/rtGetNaN.o
 .comment       0x00000057       0x58 build/rt_nonfinite.o
 .comment       0x00000057       0x58 c:/program files (x86)/arm gnu toolchain arm-none-eabi/11.2 2022.02/bin/../lib/gcc/arm-none-eabi/11.2.1/thumb/v7e-m+fp/hard\libc_nano.a(lib_a-impure.o)
 .comment       0x00000057       0x58 c:/program files (x86)/arm gnu toolchain arm-none-eabi/11.2 2022.02/bin/../lib/gcc/arm-none-eabi/11.2.1/thumb/v7e-m+fp/hard\libc_nano.a(lib_a-init.o)
 .comment       0x00000057       0x58 c:/program files (x86)/arm gnu toolchain arm-none-eabi/11.2 2022.02/bin/../lib/gcc/arm-none-eabi/11.2.1/thumb/v7e-m+fp/hard\libc_nano.a(lib_a-memcpy-stub.o)
 .comment       0x00000057       0x58 c:/program files (x86)/arm gnu toolchain arm-none-eabi/11.2 2022.02/bin/../lib/gcc/arm-none-eabi/11.2.1/thumb/v7e-m+fp/hard\libc_nano.a(lib_a-memset.o)
 .comment       0x00000057       0x58 c:/program files (x86)/arm gnu toolchain arm-none-eabi/11.2 2022.02/bin/../lib/gcc/arm-none-eabi/11.2.1/thumb/v7e-m+fp/hard\libc_nano.a(lib_a-sprintf.o)
 .comment       0x00000057       0x58 c:/program files (x86)/arm gnu toolchain arm-none-eabi/11.2 2022.02/bin/../lib/gcc/arm-none-eabi/11.2.1/thumb/v7e-m+fp/hard\libc_nano.a(lib_a-nano-svfprintf.o)
 .comment       0x00000057       0x58 c:/program files (x86)/arm gnu toolchain arm-none-eabi/11.2 2022.02/bin/../lib/gcc/arm-none-eabi/11.2.1/thumb/v7e-m+fp/hard\libc_nano.a(lib_a-nano-vfprintf_i.o)
 .comment       0x00000057       0x58 c:/program files (x86)/arm gnu toolchain arm-none-eabi/11.2 2022.02/bin/../lib/gcc/arm-none-eabi/11.2.1/thumb/v7e-m+fp/hard\libc_nano.a(lib_a-memmove.o)
 .comment       0x00000057       0x58 c:/program files (x86)/arm gnu toolchain arm-none-eabi/11.2 2022.02/bin/../lib/gcc/arm-none-eabi/11.2.1/thumb/v7e-m+fp/hard\libc_nano.a(lib_a-nano-freer.o)
 .comment       0x00000057       0x58 c:/program files (x86)/arm gnu toolchain arm-none-eabi/11.2 2022.02/bin/../lib/gcc/arm-none-eabi/11.2.1/thumb/v7e-m+fp/hard\libc_nano.a(lib_a-nano-mallocr.o)
 .comment       0x00000057       0x58 c:/program files (x86)/arm gnu toolchain arm-none-eabi/11.2 2022.02/bin/../lib/gcc/arm-none-eabi/11.2.1/thumb/v7e-m+fp/hard\libc_nano.a(lib_a-nano-reallocr.o)
 .comment       0x00000057       0x58 c:/program files (x86)/arm gnu toolchain arm-none-eabi/11.2 2022.02/bin/../lib/gcc/arm-none-eabi/11.2.1/thumb/v7e-m+fp/hard\libc_nano.a(lib_a-sbrkr.o)
 .comment       0x00000057       0x58 c:/program files (x86)/arm gnu toolchain arm-none-eabi/11.2 2022.02/bin/../lib/gcc/arm-none-eabi/11.2.1/thumb/v7e-m+fp/hard\libc_nano.a(lib_a-mlock.o)
 .comment       0x00000057       0x58 c:/program files (x86)/arm gnu toolchain arm-none-eabi/11.2 2022.02/bin/../lib/gcc/arm-none-eabi/11.2.1/thumb/v7e-m+fp/hard\libc_nano.a(lib_a-nano-msizer.o)
 .comment       0x00000057       0x58 c:/program files (x86)/arm gnu toolchain arm-none-eabi/11.2 2022.02/bin/../lib/gcc/arm-none-eabi/11.2.1/thumb/v7e-m+fp/hard\libc_nano.a(lib_a-reent.o)
 .comment       0x00000057       0x58 c:/program files (x86)/arm gnu toolchain arm-none-eabi/11.2 2022.02/bin/../lib/gcc/arm-none-eabi/11.2.1/thumb/v7e-m+fp/hard\libm.a(lib_a-s_floor.o)
 .comment       0x00000057       0x58 c:/program files (x86)/arm gnu toolchain arm-none-eabi/11.2 2022.02/bin/../lib/gcc/arm-none-eabi/11.2.1/thumb/v7e-m+fp/hard\libm.a(lib_a-w_fmod.o)
 .comment       0x00000057       0x58 c:/program files (x86)/arm gnu toolchain arm-none-eabi/11.2 2022.02/bin/../lib/gcc/arm-none-eabi/11.2.1/thumb/v7e-m+fp/hard\libm.a(lib_a-e_fmod.o)
 .comment       0x00000057       0x58 c:/program files (x86)/arm gnu toolchain arm-none-eabi/11.2 2022.02/bin/../lib/gcc/arm-none-eabi/11.2.1/thumb/v7e-m+fp/hard\libnosys.a(sbrk.o)
 .comment       0x00000057       0x58 c:/program files (x86)/arm gnu toolchain arm-none-eabi/11.2 2022.02/bin/../lib/gcc/arm-none-eabi/11.2.1/thumb/v7e-m+fp/hard\libgcc.a(_udivmoddi4.o)
 .comment       0x00000057       0x58 c:/program files (x86)/arm gnu toolchain arm-none-eabi/11.2 2022.02/bin/../lib/gcc/arm-none-eabi/11.2.1/thumb/v7e-m+fp/hard\libc_nano.a(lib_a-errno.o)
 .comment       0x00000057       0x58 c:/program files (x86)/arm gnu toolchain arm-none-eabi/11.2 2022.02/bin/../lib/gcc/arm-none-eabi/11.2.1/thumb/v7e-m+fp/hard/crtend.o

.debug_info     0x00000000    0x24325
 .debug_info    0x00000000      0x548 build/gpio.o
 .debug_info    0x00000548     0x13b9 build/adc.o
 .debug_info    0x00001901      0x70a build/dma.o
 .debug_info    0x0000200b     0x1c05 build/tim.o
 .debug_info    0x00003c10     0x1eac build/usart.o
 .debug_info    0x00005abc      0xdc0 build/stm32f4xx_it.o
 .debug_info    0x0000687c      0x2eb build/stm32f4xx_hal_msp.o
 .debug_info    0x00006b67     0x1039 build/stm32f4xx_hal_adc.o
 .debug_info    0x00007ba0      0xc0a build/stm32f4xx_hal_rcc.o
 .debug_info    0x000087aa      0x848 build/stm32f4xx_hal_gpio.o
 .debug_info    0x00008ff2      0xbce build/stm32f4xx_hal_dma.o
 .debug_info    0x00009bc0     0x1168 build/stm32f4xx_hal_cortex.o
 .debug_info    0x0000ad28      0xae8 build/stm32f4xx_hal.o
 .debug_info    0x0000b810     0x40c2 build/stm32f4xx_hal_tim.o
 .debug_info    0x0000f8d2     0x1d52 build/stm32f4xx_hal_tim_ex.o
 .debug_info    0x00011624     0x4425 build/stm32f4xx_hal_uart.o
 .debug_info    0x00015a49      0x5b3 build/system_stm32f4xx.o
 .debug_info    0x00015ffc      0x79d build/uart_fifo.o
 .debug_info    0x00016799     0x117a build/ifr-scope_device.o
 .debug_info    0x00017913      0x744 build/ws2812.o
 .debug_info    0x00018057     0x18b5 build/Follow_Balance.o
 .debug_info    0x0001990c     0x1a6c build/main.o
 .debug_info    0x0001b378      0x284 build/rtGetInf.o
 .debug_info    0x0001b5fc      0x1e1 build/rtGetNaN.o
 .debug_info    0x0001b7dd      0x3fd build/rt_nonfinite.o
 .debug_info    0x0001bbda       0x22 build/startup_stm32f405xx.o
 .debug_info    0x0001bbfc      0x7fc c:/program files (x86)/arm gnu toolchain arm-none-eabi/11.2 2022.02/bin/../lib/gcc/arm-none-eabi/11.2.1/thumb/v7e-m+fp/hard\libc_nano.a(lib_a-impure.o)
 .debug_info    0x0001c3f8      0x10b c:/program files (x86)/arm gnu toolchain arm-none-eabi/11.2 2022.02/bin/../lib/gcc/arm-none-eabi/11.2.1/thumb/v7e-m+fp/hard\libc_nano.a(lib_a-init.o)
 .debug_info    0x0001c503      0x121 c:/program files (x86)/arm gnu toolchain arm-none-eabi/11.2 2022.02/bin/../lib/gcc/arm-none-eabi/11.2.1/thumb/v7e-m+fp/hard\libc_nano.a(lib_a-memcpy-stub.o)
 .debug_info    0x0001c624       0xe0 c:/program files (x86)/arm gnu toolchain arm-none-eabi/11.2 2022.02/bin/../lib/gcc/arm-none-eabi/11.2.1/thumb/v7e-m+fp/hard\libc_nano.a(lib_a-memset.o)
 .debug_info    0x0001c704      0x8d5 c:/program files (x86)/arm gnu toolchain arm-none-eabi/11.2 2022.02/bin/../lib/gcc/arm-none-eabi/11.2.1/thumb/v7e-m+fp/hard\libc_nano.a(lib_a-sprintf.o)
 .debug_info    0x0001cfd9       0x24 c:/program files (x86)/arm gnu toolchain arm-none-eabi/11.2 2022.02/bin/../lib/gcc/arm-none-eabi/11.2.1/thumb/v7e-m+fp/hard\libc_nano.a(lib_a-strcmp.o)
 .debug_info    0x0001cffd       0x24 c:/program files (x86)/arm gnu toolchain arm-none-eabi/11.2 2022.02/bin/../lib/gcc/arm-none-eabi/11.2.1/thumb/v7e-m+fp/hard\libc_nano.a(lib_a-strlen.o)
 .debug_info    0x0001d021     0x111a c:/program files (x86)/arm gnu toolchain arm-none-eabi/11.2 2022.02/bin/../lib/gcc/arm-none-eabi/11.2.1/thumb/v7e-m+fp/hard\libc_nano.a(lib_a-nano-svfprintf.o)
 .debug_info    0x0001e13b      0xe38 c:/program files (x86)/arm gnu toolchain arm-none-eabi/11.2 2022.02/bin/../lib/gcc/arm-none-eabi/11.2.1/thumb/v7e-m+fp/hard\libc_nano.a(lib_a-nano-vfprintf_i.o)
 .debug_info    0x0001ef73       0x25 c:/program files (x86)/arm gnu toolchain arm-none-eabi/11.2 2022.02/bin/../lib/gcc/arm-none-eabi/11.2.1/thumb/v7e-m+fp/hard\libc_nano.a(lib_a-memchr.o)
 .debug_info    0x0001ef98      0x10f c:/program files (x86)/arm gnu toolchain arm-none-eabi/11.2 2022.02/bin/../lib/gcc/arm-none-eabi/11.2.1/thumb/v7e-m+fp/hard\libc_nano.a(lib_a-memmove.o)
 .debug_info    0x0001f0a7      0x89c c:/program files (x86)/arm gnu toolchain arm-none-eabi/11.2 2022.02/bin/../lib/gcc/arm-none-eabi/11.2.1/thumb/v7e-m+fp/hard\libc_nano.a(lib_a-nano-freer.o)
 .debug_info    0x0001f943      0xa12 c:/program files (x86)/arm gnu toolchain arm-none-eabi/11.2 2022.02/bin/../lib/gcc/arm-none-eabi/11.2.1/thumb/v7e-m+fp/hard\libc_nano.a(lib_a-nano-mallocr.o)
 .debug_info    0x00020355      0x91d c:/program files (x86)/arm gnu toolchain arm-none-eabi/11.2 2022.02/bin/../lib/gcc/arm-none-eabi/11.2.1/thumb/v7e-m+fp/hard\libc_nano.a(lib_a-nano-reallocr.o)
 .debug_info    0x00020c72      0x7d2 c:/program files (x86)/arm gnu toolchain arm-none-eabi/11.2 2022.02/bin/../lib/gcc/arm-none-eabi/11.2.1/thumb/v7e-m+fp/hard\libc_nano.a(lib_a-sbrkr.o)
 .debug_info    0x00021444      0x77c c:/program files (x86)/arm gnu toolchain arm-none-eabi/11.2 2022.02/bin/../lib/gcc/arm-none-eabi/11.2.1/thumb/v7e-m+fp/hard\libc_nano.a(lib_a-mlock.o)
 .debug_info    0x00021bc0      0x7ea c:/program files (x86)/arm gnu toolchain arm-none-eabi/11.2 2022.02/bin/../lib/gcc/arm-none-eabi/11.2.1/thumb/v7e-m+fp/hard\libc_nano.a(lib_a-nano-msizer.o)
 .debug_info    0x000223aa      0x92c c:/program files (x86)/arm gnu toolchain arm-none-eabi/11.2 2022.02/bin/../lib/gcc/arm-none-eabi/11.2.1/thumb/v7e-m+fp/hard\libc_nano.a(lib_a-reent.o)
 .debug_info    0x00022cd6      0x216 c:/program files (x86)/arm gnu toolchain arm-none-eabi/11.2 2022.02/bin/../lib/gcc/arm-none-eabi/11.2.1/thumb/v7e-m+fp/hard\libm.a(lib_a-s_floor.o)
 .debug_info    0x00022eec      0x16c c:/program files (x86)/arm gnu toolchain arm-none-eabi/11.2 2022.02/bin/../lib/gcc/arm-none-eabi/11.2.1/thumb/v7e-m+fp/hard\libm.a(lib_a-w_fmod.o)
 .debug_info    0x00023058      0x2b3 c:/program files (x86)/arm gnu toolchain arm-none-eabi/11.2 2022.02/bin/../lib/gcc/arm-none-eabi/11.2.1/thumb/v7e-m+fp/hard\libm.a(lib_a-e_fmod.o)
 .debug_info    0x0002330b       0x9e c:/program files (x86)/arm gnu toolchain arm-none-eabi/11.2 2022.02/bin/../lib/gcc/arm-none-eabi/11.2.1/thumb/v7e-m+fp/hard\libnosys.a(sbrk.o)
 .debug_info    0x000233a9       0x25 c:/program files (x86)/arm gnu toolchain arm-none-eabi/11.2 2022.02/bin/../lib/gcc/arm-none-eabi/11.2.1/thumb/v7e-m+fp/hard\libgcc.a(_arm_addsubdf3.o)
 .debug_info    0x000233ce       0x25 c:/program files (x86)/arm gnu toolchain arm-none-eabi/11.2 2022.02/bin/../lib/gcc/arm-none-eabi/11.2.1/thumb/v7e-m+fp/hard\libgcc.a(_arm_muldivdf3.o)
 .debug_info    0x000233f3       0x25 c:/program files (x86)/arm gnu toolchain arm-none-eabi/11.2 2022.02/bin/../lib/gcc/arm-none-eabi/11.2.1/thumb/v7e-m+fp/hard\libgcc.a(_arm_cmpdf2.o)
 .debug_info    0x00023418       0x24 c:/program files (x86)/arm gnu toolchain arm-none-eabi/11.2 2022.02/bin/../lib/gcc/arm-none-eabi/11.2.1/thumb/v7e-m+fp/hard\libgcc.a(_arm_unorddf2.o)
 .debug_info    0x0002343c       0x24 c:/program files (x86)/arm gnu toolchain arm-none-eabi/11.2 2022.02/bin/../lib/gcc/arm-none-eabi/11.2.1/thumb/v7e-m+fp/hard\libgcc.a(_arm_fixdfsi.o)
 .debug_info    0x00023460       0x24 c:/program files (x86)/arm gnu toolchain arm-none-eabi/11.2 2022.02/bin/../lib/gcc/arm-none-eabi/11.2.1/thumb/v7e-m+fp/hard\libgcc.a(_arm_fixunsdfsi.o)
 .debug_info    0x00023484       0x25 c:/program files (x86)/arm gnu toolchain arm-none-eabi/11.2 2022.02/bin/../lib/gcc/arm-none-eabi/11.2.1/thumb/v7e-m+fp/hard\libgcc.a(_arm_truncdfsf2.o)
 .debug_info    0x000234a9       0x24 c:/program files (x86)/arm gnu toolchain arm-none-eabi/11.2 2022.02/bin/../lib/gcc/arm-none-eabi/11.2.1/thumb/v7e-m+fp/hard\libgcc.a(_aeabi_uldivmod.o)
 .debug_info    0x000234cd      0x6e3 c:/program files (x86)/arm gnu toolchain arm-none-eabi/11.2 2022.02/bin/../lib/gcc/arm-none-eabi/11.2.1/thumb/v7e-m+fp/hard\libgcc.a(_udivmoddi4.o)
 .debug_info    0x00023bb0       0x24 c:/program files (x86)/arm gnu toolchain arm-none-eabi/11.2 2022.02/bin/../lib/gcc/arm-none-eabi/11.2.1/thumb/v7e-m+fp/hard\libgcc.a(_dvmd_tls.o)
 .debug_info    0x00023bd4      0x751 c:/program files (x86)/arm gnu toolchain arm-none-eabi/11.2 2022.02/bin/../lib/gcc/arm-none-eabi/11.2.1/thumb/v7e-m+fp/hard\libc_nano.a(lib_a-errno.o)

.debug_abbrev   0x00000000     0x59c8
 .debug_abbrev  0x00000000      0x160 build/gpio.o
 .debug_abbrev  0x00000160      0x2b1 build/adc.o
 .debug_abbrev  0x00000411      0x12f build/dma.o
 .debug_abbrev  0x00000540      0x284 build/tim.o
 .debug_abbrev  0x000007c4      0x3fe build/usart.o
 .debug_abbrev  0x00000bc2      0x1ec build/stm32f4xx_it.o
 .debug_abbrev  0x00000dae       0xd3 build/stm32f4xx_hal_msp.o
 .debug_abbrev  0x00000e81      0x2c7 build/stm32f4xx_hal_adc.o
 .debug_abbrev  0x00001148      0x2de build/stm32f4xx_hal_rcc.o
 .debug_abbrev  0x00001426      0x22b build/stm32f4xx_hal_gpio.o
 .debug_abbrev  0x00001651      0x2fe build/stm32f4xx_hal_dma.o
 .debug_abbrev  0x0000194f      0x371 build/stm32f4xx_hal_cortex.o
 .debug_abbrev  0x00001cc0      0x244 build/stm32f4xx_hal.o
 .debug_abbrev  0x00001f04      0x2b6 build/stm32f4xx_hal_tim.o
 .debug_abbrev  0x000021ba      0x2b0 build/stm32f4xx_hal_tim_ex.o
 .debug_abbrev  0x0000246a      0x36f build/stm32f4xx_hal_uart.o
 .debug_abbrev  0x000027d9      0x11b build/system_stm32f4xx.o
 .debug_abbrev  0x000028f4      0x1d5 build/uart_fifo.o
 .debug_abbrev  0x00002ac9      0x2c4 build/ifr-scope_device.o
 .debug_abbrev  0x00002d8d      0x1aa build/ws2812.o
 .debug_abbrev  0x00002f37      0x281 build/Follow_Balance.o
 .debug_abbrev  0x000031b8      0x2fc build/main.o
 .debug_abbrev  0x000034b4      0x104 build/rtGetInf.o
 .debug_abbrev  0x000035b8       0xf0 build/rtGetNaN.o
 .debug_abbrev  0x000036a8      0x192 build/rt_nonfinite.o
 .debug_abbrev  0x0000383a       0x12 build/startup_stm32f405xx.o
 .debug_abbrev  0x0000384c      0x15a c:/program files (x86)/arm gnu toolchain arm-none-eabi/11.2 2022.02/bin/../lib/gcc/arm-none-eabi/11.2.1/thumb/v7e-m+fp/hard\libc_nano.a(lib_a-impure.o)
 .debug_abbrev  0x000039a6       0xc9 c:/program files (x86)/arm gnu toolchain arm-none-eabi/11.2 2022.02/bin/../lib/gcc/arm-none-eabi/11.2.1/thumb/v7e-m+fp/hard\libc_nano.a(lib_a-init.o)
 .debug_abbrev  0x00003a6f       0xc1 c:/program files (x86)/arm gnu toolchain arm-none-eabi/11.2 2022.02/bin/../lib/gcc/arm-none-eabi/11.2.1/thumb/v7e-m+fp/hard\libc_nano.a(lib_a-memcpy-stub.o)
 .debug_abbrev  0x00003b30       0x9e c:/program files (x86)/arm gnu toolchain arm-none-eabi/11.2 2022.02/bin/../lib/gcc/arm-none-eabi/11.2.1/thumb/v7e-m+fp/hard\libc_nano.a(lib_a-memset.o)
 .debug_abbrev  0x00003bce      0x21c c:/program files (x86)/arm gnu toolchain arm-none-eabi/11.2 2022.02/bin/../lib/gcc/arm-none-eabi/11.2.1/thumb/v7e-m+fp/hard\libc_nano.a(lib_a-sprintf.o)
 .debug_abbrev  0x00003dea       0x14 c:/program files (x86)/arm gnu toolchain arm-none-eabi/11.2 2022.02/bin/../lib/gcc/arm-none-eabi/11.2.1/thumb/v7e-m+fp/hard\libc_nano.a(lib_a-strcmp.o)
 .debug_abbrev  0x00003dfe       0x14 c:/program files (x86)/arm gnu toolchain arm-none-eabi/11.2 2022.02/bin/../lib/gcc/arm-none-eabi/11.2.1/thumb/v7e-m+fp/hard\libc_nano.a(lib_a-strlen.o)
 .debug_abbrev  0x00003e12      0x315 c:/program files (x86)/arm gnu toolchain arm-none-eabi/11.2 2022.02/bin/../lib/gcc/arm-none-eabi/11.2.1/thumb/v7e-m+fp/hard\libc_nano.a(lib_a-nano-svfprintf.o)
 .debug_abbrev  0x00004127      0x285 c:/program files (x86)/arm gnu toolchain arm-none-eabi/11.2 2022.02/bin/../lib/gcc/arm-none-eabi/11.2.1/thumb/v7e-m+fp/hard\libc_nano.a(lib_a-nano-vfprintf_i.o)
 .debug_abbrev  0x000043ac       0x14 c:/program files (x86)/arm gnu toolchain arm-none-eabi/11.2 2022.02/bin/../lib/gcc/arm-none-eabi/11.2.1/thumb/v7e-m+fp/hard\libc_nano.a(lib_a-memchr.o)