Component: ARM Compiler 5.06 update 7 (build 960) Tool: armlink [4d3601]

==============================================================================

Section Cross References

    startup_stm32f405xx.o(STACK) refers (Special) to heapauxi.o(.text) for __use_two_region_memory
    startup_stm32f405xx.o(HEAP) refers (Special) to heapauxi.o(.text) for __use_two_region_memory
    startup_stm32f405xx.o(RESET) refers (Special) to heapauxi.o(.text) for __use_two_region_memory
    startup_stm32f405xx.o(RESET) refers to startup_stm32f405xx.o(STACK) for __initial_sp
    startup_stm32f405xx.o(RESET) refers to startup_stm32f405xx.o(.text) for Reset_Handler
    startup_stm32f405xx.o(RESET) refers to stm32f4xx_it.o(i.NMI_Handler) for NMI_Handler
    startup_stm32f405xx.o(RESET) refers to stm32f4xx_it.o(i.HardFault_Handler) for HardFault_Handler
    startup_stm32f405xx.o(RESET) refers to stm32f4xx_it.o(i.MemManage_Handler) for MemManage_Handler
    startup_stm32f405xx.o(RESET) refers to stm32f4xx_it.o(i.BusFault_Handler) for BusFault_Handler
    startup_stm32f405xx.o(RESET) refers to stm32f4xx_it.o(i.UsageFault_Handler) for UsageFault_Handler
    startup_stm32f405xx.o(RESET) refers to stm32f4xx_it.o(i.SVC_Handler) for SVC_Handler
    startup_stm32f405xx.o(RESET) refers to stm32f4xx_it.o(i.DebugMon_Handler) for DebugMon_Handler
    startup_stm32f405xx.o(RESET) refers to stm32f4xx_it.o(i.PendSV_Handler) for PendSV_Handler
    startup_stm32f405xx.o(RESET) refers to stm32f4xx_it.o(i.SysTick_Handler) for SysTick_Handler
    startup_stm32f405xx.o(RESET) refers to stm32f4xx_it.o(i.DMA1_Stream0_IRQHandler) for DMA1_Stream0_IRQHandler
    startup_stm32f405xx.o(RESET) refers to stm32f4xx_it.o(i.DMA1_Stream1_IRQHandler) for DMA1_Stream1_IRQHandler
    startup_stm32f405xx.o(RESET) refers to stm32f4xx_it.o(i.DMA1_Stream2_IRQHandler) for DMA1_Stream2_IRQHandler
    startup_stm32f405xx.o(RESET) refers to stm32f4xx_it.o(i.DMA1_Stream3_IRQHandler) for DMA1_Stream3_IRQHandler
    startup_stm32f405xx.o(RESET) refers to stm32f4xx_it.o(i.DMA1_Stream4_IRQHandler) for DMA1_Stream4_IRQHandler
    startup_stm32f405xx.o(RESET) refers to stm32f4xx_it.o(i.USART1_IRQHandler) for USART1_IRQHandler
    startup_stm32f405xx.o(RESET) refers to stm32f4xx_it.o(i.USART3_IRQHandler) for USART3_IRQHandler
    startup_stm32f405xx.o(RESET) refers to stm32f4xx_it.o(i.UART4_IRQHandler) for UART4_IRQHandler
    startup_stm32f405xx.o(RESET) refers to stm32f4xx_it.o(i.TIM7_IRQHandler) for TIM7_IRQHandler
    startup_stm32f405xx.o(RESET) refers to stm32f4xx_it.o(i.DMA2_Stream0_IRQHandler) for DMA2_Stream0_IRQHandler
    startup_stm32f405xx.o(RESET) refers to stm32f4xx_it.o(i.DMA2_Stream2_IRQHandler) for DMA2_Stream2_IRQHandler
    startup_stm32f405xx.o(RESET) refers to stm32f4xx_it.o(i.DMA2_Stream5_IRQHandler) for DMA2_Stream5_IRQHandler
    startup_stm32f405xx.o(RESET) refers to stm32f4xx_it.o(i.DMA2_Stream7_IRQHandler) for DMA2_Stream7_IRQHandler
    startup_stm32f405xx.o(.text) refers (Special) to heapauxi.o(.text) for __use_two_region_memory
    startup_stm32f405xx.o(.text) refers to system_stm32f4xx.o(i.SystemInit) for SystemInit
    startup_stm32f405xx.o(.text) refers to __main.o(!!!main) for __main
    startup_stm32f405xx.o(.text) refers to startup_stm32f405xx.o(HEAP) for Heap_Mem
    startup_stm32f405xx.o(.text) refers to startup_stm32f405xx.o(STACK) for Stack_Mem
    uart_fifo.o(i.DeleteQueue) refers to uart_fifo.o(i.GetQueueReadCount) for GetQueueReadCount
    uart_fifo.o(i.InsertQueue) refers to uart_fifo.o(i.GetQueueWriteCount) for GetQueueWriteCount
    uart_fifo.o(i.InsertQueue) refers to rt_memcpy_v6.o(.text) for __aeabi_memcpy
    uart_fifo.o(i.QueryAQueue) refers to uart_fifo.o(i.GetQueueReadCount) for GetQueueReadCount
    uart_fifo.o(i.QueryQueue) refers to uart_fifo.o(i.GetQueueReadCount) for GetQueueReadCount
    uart_fifo.o(i.QueryQueue) refers to rt_memcpy_v6.o(.text) for __aeabi_memcpy
    uart_fifo.o(i.RemoveAQueue) refers to uart_fifo.o(i.GetQueueReadCount) for GetQueueReadCount
    uart_fifo.o(i.RemoveAllQueue) refers to uart_fifo.o(i.GetQueueReadCount) for GetQueueReadCount
    uart_fifo.o(i.RemoveAllQueue) refers to rt_memcpy_v6.o(.text) for __aeabi_memcpy
    uart_fifo.o(i.RemoveQueue) refers to uart_fifo.o(i.GetQueueReadCount) for GetQueueReadCount
    uart_fifo.o(i.RemoveQueue) refers to rt_memcpy_v6.o(.text) for __aeabi_memcpy
    ifr-scope_device.o(i.Compare_QueryQueue) refers to strlen.o(.text) for strlen
    ifr-scope_device.o(i.Compare_QueryQueue) refers to uart_fifo.o(i.GetQueueReadCount) for GetQueueReadCount
    ifr-scope_device.o(i.Compare_QueryQueue) refers to uart_fifo.o(i.QueryAQueue) for QueryAQueue
    ifr-scope_device.o(i.Find_IFR_Head) refers to uart_fifo.o(i.RemoveAQueue) for RemoveAQueue
    ifr-scope_device.o(i.Find_IFR_Head) refers to ifr-scope_device.o(i.Compare_QueryQueue) for Compare_QueryQueue
    ifr-scope_device.o(i.Find_IFR_Head) refers to strlen.o(.text) for strlen
[...]
    $v0                                      0x08006c52   Number         0  fnaninf.o(x$fpl$fnaninf)
    x$fpl$fpinit                             0x08006cde   Section       10  fpinit.o(x$fpl$fpinit)
    $v0                                      0x08006cde   Number         0  fpinit.o(x$fpl$fpinit)
    x$fpl$frem                               0x08006ce8   Section      244  frem_clz.o(x$fpl$frem)
    $v0                                      0x08006ce8   Number         0  frem_clz.o(x$fpl$frem)
    .constdata                               0x08006ddc   Section       86  ifr-scope_device.o(.constdata)
    x$fpl$usenofp                            0x08006ddc   Section        0  usenofp.o(x$fpl$usenofp)
    .constdata                               0x08006e34   Section       10  ws2812.o(.constdata)
    .constdata                               0x08006e3e   Section        8  stm32f4xx_hal_dma.o(.constdata)
    flagBitshiftOffset                       0x08006e3e   Data           8  stm32f4xx_hal_dma.o(.constdata)
    .constdata                               0x08006e46   Section       24  system_stm32f4xx.o(.constdata)
    .constdata                               0x08006e60   Section        4  stacklitedualdrive.o(.constdata)
    .data                                    0x20000000   Section      124  ifr-scope_device.o(.data)
    .data                                    0x2000007c   Section        6  ws2812.o(.data)
    tarcolors                                0x2000007c   Data           3  ws2812.o(.data)
    sendcolors                               0x2000007f   Data           3  ws2812.o(.data)
    .data                                    0x20000084   Section       50  main.o(.data)
    .data                                    0x200000b8   Section       36  adc.o(.data)
    .data                                    0x200000dc   Section      548  usart.o(.data)
    .data                                    0x20000300   Section        9  stm32f4xx_hal.o(.data)
    .data                                    0x2000030c   Section        4  system_stm32f4xx.o(.data)
    .data                                    0x20000310   Section       36  rt_nonfinite.o(.data)
    .data                                    0x20000334   Section        4  stacklitedualdrive.o(.data)
    StackLiteDualDrive_M_                    0x20000334   Data           4  stacklitedualdrive.o(.data)
    .bss                                     0x20000338   Section       80  ifr-scope_device.o(.bss)
    .bss                                     0x20000388   Section       30  ws2812.o(.bss)
    .bss                                     0x200003a6   Section     3024  main.o(.bss)
    .bss                                     0x20000f78   Section      356  adc.o(.bss)
    .bss                                     0x200010dc   Section      624  tim.o(.bss)
    .bss                                     0x2000134c   Section     1173  usart.o(.bss)
    .bss                                     0x200017e4   Section      292  stacklitedualdrive.o(.bss)
    .bss                                     0x20001908   Section       96  libspace.o(.bss)
    HEAP                                     0x20001968   Section      512  startup_stm32f405xx.o(HEAP)
    Heap_Mem                                 0x20001968   Data         512  startup_stm32f405xx.o(HEAP)
    STACK                                    0x20001b68   Section     1024  startup_stm32f405xx.o(STACK)
    Stack_Mem                                0x20001b68   Data        1024  startup_stm32f405xx.o(STACK)
    __initial_sp                             0x20001f68   Data           0  startup_stm32f405xx.o(STACK)

    Global Symbols

    Symbol Name                              Value     Ov Type        Size  Object(Section)

    BuildAttributes$$THM_ISAv4$E$P$D$K$B$S$7EM$VFPi3$EXTD16$VFPS$VFMA$PE$A:L22UL41UL21$X:L11$S22US41US21$IEEE1$IW$USESV6$~STKCKD$USESV7$~SHL$OTIME$ROPI$IEEEX$EBA8$UX$STANDARDLIB$REQ8$PRES8$EABIv2 0x00000000   Number         0  anon$$obj.o ABSOLUTE
    __ARM_use_no_argv                        0x00000000   Number         0  main.o ABSOLUTE
    __ARM_exceptions_init                     - Undefined Weak Reference
    __alloca_initialize                       - Undefined Weak Reference
    __arm_fini_                               - Undefined Weak Reference
    __arm_preinit_                            - Undefined Weak Reference
    __cpp_initialize__aeabi_                  - Undefined Weak Reference
    __cxa_finalize                            - Undefined Weak Reference
    __rt_locale                               - Undefined Weak Reference
    __sigvec_lookup                           - Undefined Weak Reference
    _atexit_init                              - Undefined Weak Reference
    _call_atexit_fns                          - Undefined Weak Reference
    _clock_init                               - Undefined Weak Reference
    _fp_trap_init                             - Undefined Weak Reference
    _fp_trap_shutdown                         - Undefined Weak Reference
    _get_lc_collate                           - Undefined Weak Reference
    _get_lc_ctype                             - Undefined Weak Reference
    _get_lc_monetary                          - Undefined Weak Reference
    _get_lc_numeric                           - Undefined Weak Reference
    _get_lc_time                              - Undefined Weak Reference
    _getenv_init                              - Undefined Weak Reference
    _handle_redirection                       - Undefined Weak Reference
    _init_alloc                               - Undefined Weak Reference
    _init_user_alloc                          - Undefined Weak Reference
    _initio                                   - Undefined Weak Reference
    _printf_mbtowc                            - Undefined Weak Reference
    _printf_post_padding                      - Undefined Weak Reference
    _printf_pre_padding                       - Undefined Weak Reference
    _rand_init                                - Undefined Weak Reference
    _signal_finish                            - Undefined Weak Reference
    _signal_init                              - Undefined Weak Reference
    _terminate_alloc                          - Undefined Weak Reference
    _terminate_user_alloc                     - Undefined Weak Reference
    _terminateio                              - Undefined Weak Reference
    __Vectors_Size                           0x00000188   Number         0  startup_stm32f405xx.o ABSOLUTE
    __Vectors                                0x08000000   Data           4  startup_stm32f405xx.o(RESET)
    __Vectors_End                            0x08000188   Data           0  startup_stm32f405xx.o(RESET)
    __main                                   0x08000189   Thumb Code     8  __main.o(!!!main)
    __scatterload                            0x08000191   Thumb Code     0  __scatter.o(!!!scatter)
    __scatterload_rt2                        0x08000191   Thumb Code    44  __scatter.o(!!!scatter)
    __scatterload_rt2_thumb_only             0x08000191   Thumb Code     0  __scatter.o(!!!scatter)
    __scatterload_null                       0x0800019f   Thumb Code     0  __scatter.o(!!!scatter)
    __decompress                             0x080001c5   Thumb Code    90  __dczerorl2.o(!!dczerorl2)
    __decompress1                            0x080001c5   Thumb Code     0  __dczerorl2.o(!!dczerorl2)
    __scatterload_zeroinit                   0x08000221   Thumb Code    28  __scatter_zi.o(!!handler_zi)
    _printf_percent                          0x0800023d   Thumb Code     0  _printf_percent.o(.ARM.Collect$$_printf_percent$$00000000)
    _printf_s                                0x0800023d   Thumb Code     0  _printf_s.o(.ARM.Collect$$_printf_percent$$00000014)
    _printf_percent_end                      0x08000243   Thumb Code     0  _printf_percent_end.o(.ARM.Collect$$_printf_percent$$00000017)
    __rt_lib_init                            0x08000247   Thumb Code     0  libinit.o(.ARM.Collect$$libinit$$00000000)
    __rt_lib_init_fp_1                       0x08000249   Thumb Code     0  libinit2.o(.ARM.Collect$$libinit$$00000001)
    __rt_lib_init_alloca_1                   0x0800024d   Thumb Code     0  libinit2.o(.ARM.Collect$$libinit$$0000002E)
    __rt_lib_init_argv_1                     0x0800024d   Thumb Code     0  libinit2.o(.ARM.Collect$$libinit$$0000002C)
    __rt_lib_init_atexit_1                   0x0800024d   Thumb Code     0  libinit2.o(.ARM.Collect$$libinit$$0000001B)
    __rt_lib_init_clock_1                    0x0800024d   Thumb Code     0  libinit2.o(.ARM.Collect$$libinit$$00000021)
    __rt_lib_init_cpp_1                      0x0800024d   Thumb Code     0  libinit2.o(.ARM.Collect$$libinit$$00000032)
    __rt_lib_init_exceptions_1               0x0800024d   Thumb Code     0  libinit2.o(.ARM.Collect$$libinit$$00000030)
    __rt_lib_init_fp_trap_1                  0x0800024d   Thumb Code     0  libinit2.o(.ARM.Collect$$libinit$$0000001F)
    __rt_lib_init_getenv_1                   0x0800024d   Thumb Code     0  libinit2.o(.ARM.Collect$$libinit$$00000023)
    __rt_lib_init_heap_1                     0x0800024d   Thumb Code     0  libinit2.o(.ARM.Collect$$libinit$$0000000A)
    __rt_lib_init_lc_collate_1               0x0800024d   Thumb Code     0  libinit2.o(.ARM.Collect$$libinit$$00000011)
    __rt_lib_init_lc_ctype_1                 0x0800024d   Thumb Code     0  libinit2.o(.ARM.Collect$$libinit$$00000013)
    __rt_lib_init_lc_monetary_1              0x0800024d   Thumb Code     0  libinit2.o(.ARM.Collect$$libinit$$00000015)
    __rt_lib_init_lc_numeric_1               0x0800024d   Thumb Code     0  libinit2.o(.ARM.Collect$$libinit$$00000017)
    __rt_lib_init_lc_time_1                  0x0800024d   Thumb Code     0  libinit2.o(.ARM.Collect$$libinit$$00000019)
    __rt_lib_init_preinit_1                  0x0800024d   Thumb Code     0  libinit2.o(.ARM.Collect$$libinit$$00000004)
    __rt_lib_init_rand_1                     0x0800024d   Thumb Code     0  libinit2.o(.ARM.Collect$$libinit$$0000000E)
    __rt_lib_init_return                     0x0800024d   Thumb Code     0  libinit2.o(.ARM.Collect$$libinit$$00000033)
    __rt_lib_init_signal_1                   0x0800024d   Thumb Code     0  libinit2.o(.ARM.Collect$$libinit$$0000001D)
    __rt_lib_init_stdio_1                    0x0800024d   Thumb Code     0  libinit2.o(.ARM.Collect$$libinit$$00000025)
    __rt_lib_init_user_alloc_1               0x0800024d   Thumb Code     0  libinit2.o(.ARM.Collect$$libinit$$0000000C)
    __rt_lib_shutdown                        0x0800024f   Thumb Code     0  libshutdown.o(.ARM.Collect$$libshutdown$$00000000)
    __rt_lib_shutdown_cpp_1                  0x08000251   Thumb Code     0  libshutdown2.o(.ARM.Collect$$libshutdown$$00000004)
    __rt_lib_shutdown_fini_1                 0x08000251   Thumb Code     0  libshutdown2.o(.ARM.Collect$$libshutdown$$00000002)
    __rt_lib_shutdown_fp_trap_1              0x08000251   Thumb Code     0  libshutdown2.o(.ARM.Collect$$libshutdown$$00000009)
    __rt_lib_shutdown_heap_1                 0x08000251   Thumb Code     0  libshutdown2.o(.ARM.Collect$$libshutdown$$00000011)
    __rt_lib_shutdown_return                 0x08000251   Thumb Code     0  libshutdown2.o(.ARM.Collect$$libshutdown$$00000012)
    __rt_lib_shutdown_signal_1               0x08000251   Thumb Code     0  libshutdown2.o(.ARM.Collect$$libshutdown$$0000000C)
    __rt_lib_shutdown_stdio_1                0x08000251   Thumb Code     0  libshutdown2.o(.ARM.Collect$$libshutdown$$00000006)
    __rt_lib_shutdown_user_alloc_1           0x08000251   Thumb Code     0  libshutdown2.o(.ARM.Collect$$libshutdown$$0000000E)
    __rt_entry                               0x08000253   Thumb Code     0  __rtentry.o(.ARM.Collect$$rtentry$$00000000)
    __rt_entry_presh_1                       0x08000253   Thumb Code     0  __rtentry2.o(.ARM.Collect$$rtentry$$00000002)
    __rt_entry_sh                            0x08000253   Thumb Code     0  __rtentry4.o(.ARM.Collect$$rtentry$$00000004)
    __rt_entry_li                            0x08000259   Thumb Code     0  __rtentry2.o(.ARM.Collect$$rtentry$$0000000A)
    __rt_entry_postsh_1                      0x08000259   Thumb Code     0  __rtentry2.o(.ARM.Collect$$rtentry$$00000009)
    __rt_entry_main                          0x0800025d   Thumb Code     0  __rtentry2.o(.ARM.Collect$$rtentry$$0000000D)
    __rt_entry_postli_1                      0x0800025d   Thumb Code     0  __rtentry2.o(.ARM.Collect$$rtentry$$0000000C)
    __rt_exit                                0x08000265   Thumb Code     0  rtexit.o(.ARM.Collect$$rtexit$$00000000)
    __rt_exit_ls                             0x08000267   Thumb Code     0  rtexit2.o(.ARM.Collect$$rtexit$$00000003)
    __rt_exit_prels_1                        0x08000267   Thumb Code     0  rtexit2.o(.ARM.Collect$$rtexit$$00000002)
    __rt_exit_exit                           0x0800026b   Thumb Code     0  rtexit2.o(.ARM.Collect$$rtexit$$00000004)
    Reset_Handler                            0x08000271   Thumb Code     8  startup_stm32f405xx.o(.text)
    ADC_IRQHandler                           0x0800028b   Thumb Code     0  startup_stm32f405xx.o(.text)
    CAN1_RX0_IRQHandler                      0x0800028b   Thumb Code     0  startup_stm32f405xx.o(.text)
    CAN1_RX1_IRQHandler                      0x0800028b   Thumb Code     0  startup_stm32f405xx.o(.text)
    CAN1_SCE_IRQHandler                      0x0800028b   Thumb Code     0  startup_stm32f405xx.o(.text)
    CAN1_TX_IRQHandler                       0x0800028b   Thumb Code     0  startup_stm32f405xx.o(.text)
    CAN2_RX0_IRQHandler                      0x0800028b   Thumb Code     0  startup_stm32f405xx.o(.text)
    CAN2_RX1_IRQHandler                      0x0800028b   Thumb Code     0  startup_stm32f405xx.o(.text)
    CAN2_SCE_IRQHandler                      0x0800028b   Thumb Code     0  startup_stm32f405xx.o(.text)
    CAN2_TX_IRQHandler                       0x0800028b   Thumb Code     0  startup_stm32f405xx.o(.text)
    DMA1_Stream5_IRQHandler                  0x0800028b   Thumb Code     0  startup_stm32f405xx.o(.text)
    DMA1_Stream6_IRQHandler                  0x0800028b   Thumb Code     0  startup_stm32f405xx.o(.text)
    DMA1_Stream7_IRQHandler                  0x0800028b   Thumb Code     0  startup_stm32f405xx.o(.text)
    DMA2_Stream1_IRQHandler                  0x0800028b   Thumb Code     0  startup_stm32f405xx.o(.text)
    DMA2_Stream3_IRQHandler                  0x0800028b   Thumb Code     0  startup_stm32f405xx.o(.text)
    DMA2_Stream4_IRQHandler                  0x0800028b   Thumb Code     0  startup_stm32f405xx.o(.text)
    DMA2_Stream6_IRQHandler                  0x0800028b   Thumb Code     0  startup_stm32f405xx.o(.text)
    EXTI0_IRQHandler                         0x0800028b   Thumb Code     0  startup_stm32f405xx.o(.text)
    EXTI15_10_IRQHandler                     0x0800028b   Thumb Code     0  startup_stm32f405xx.o(.text)
    EXTI1_IRQHandler                         0x0800028b   Thumb Code     0  startup_stm32f405xx.o(.text)
    EXTI2_IRQHandler                         0x0800028b   Thumb Code     0  startup_stm32f405xx.o(.text)
    EXTI3_IRQHandler                         0x0800028b   Thumb Code     0  startup_stm32f405xx.o(.text)
    EXTI4_IRQHandler                         0x0800028b   Thumb Code     0  startup_stm32f405xx.o(.text)
    EXTI9_5_IRQHandler                       0x0800028b   Thumb Code     0  startup_stm32f405xx.o(.text)
    FLASH_IRQHandler                         0x0800028b   Thumb Code     0  startup_stm32f405xx.o(.text)
    FMC_IRQHandler                           0x0800028b   Thumb Code     0  startup_stm32f405xx.o(.text)
    FPU_IRQHandler                           0x0800028b   Thumb Code     0  startup_stm32f405xx.o(.text)
    HASH_RNG_IRQHandler                      0x0800028b   Thumb Code     0  startup_stm32f405xx.o(.text)
    I2C1_ER_IRQHandler                       0x0800028b   Thumb Code     0  startup_stm32f405xx.o(.text)
    I2C1_EV_IRQHandler                       0x0800028b   Thumb Code     0  startup_stm32f405xx.o(.text)
    I2C2_ER_IRQHandler                       0x0800028b   Thumb Code     0  startup_stm32f405xx.o(.text)
    I2C2_EV_IRQHandler                       0x0800028b   Thumb Code     0  startup_stm32f405xx.o(.text)
    I2C3_ER_IRQHandler                       0x0800028b   Thumb Code     0  startup_stm32f405xx.o(.text)
    I2C3_EV_IRQHandler                       0x0800028b   Thumb Code     0  startup_stm32f405xx.o(.text)
    OTG_FS_IRQHandler                        0x0800028b   Thumb Code     0  startup_stm32f405xx.o(.text)
    OTG_FS_WKUP_IRQHandler                   0x0800028b   Thumb Code     0  startup_stm32f405xx.o(.text)
    OTG_HS_EP1_IN_IRQHandler                 0x0800028b   Thumb Code     0  startup_stm32f405xx.o(.text)
    OTG_HS_EP1_OUT_IRQHandler                0x0800028b   Thumb Code     0  startup_stm32f405xx.o(.text)
    OTG_HS_IRQHandler                        0x0800028b   Thumb Code     0  startup_stm32f405xx.o(.text)
    OTG_HS_WKUP_IRQHandler                   0x0800028b   Thumb Code     0  startup_stm32f405xx.o(.text)
    PVD_IRQHandler                           0x0800028b   Thumb Code     0  startup_stm32f405xx.o(.text)
    RCC_IRQHandler                           0x0800028b   Thumb Code     0  startup_stm32f405xx.o(.text)
    RTC_Alarm_IRQHandler                     0x0800028b   Thumb Code     0  startup_stm32f405xx.o(.text)
    RTC_WKUP_IRQHandler                      0x0800028b   Thumb Code     0  startup_stm32f405xx.o(.text)
    SDIO_IRQHandler                          0x0800028b   Thumb Code     0  startup_stm32f405xx.o(.text)
    SPI1_IRQHandler                          0x0800028b   Thumb Code     0  startup_stm32f405xx.o(.text)
    SPI2_IRQHandler                          0x0800028b   Thumb Code     0  startup_stm32f405xx.o(.text)
    SPI3_IRQHandler                          0x0800028b   Thumb Code     0  startup_stm32f405xx.o(.text)
    TAMP_STAMP_IRQHandler                    0x0800028b   Thumb Code     0  startup_stm32f405xx.o(.text)
    TIM1_BRK_TIM9_IRQHandler                 0x0800028b   Thumb Code     0  startup_stm32f405xx.o(.text)
    TIM1_CC_IRQHandler                       0x0800028b   Thumb Code     0  startup_stm32f405xx.o(.text)
    TIM1_TRG_COM_TIM11_IRQHandler            0x0800028b   Thumb Code     0  startup_stm32f405xx.o(.text)
    TIM1_UP_TIM10_IRQHandler                 0x0800028b   Thumb Code     0  startup_stm32f405xx.o(.text)
    TIM2_IRQHandler                          0x0800028b   Thumb Code     0  startup_stm32f405xx.o(.text)
    TIM3_IRQHandler                          0x0800028b   Thumb Code     0  startup_stm32f405xx.o(.text)
    TIM4_IRQHandler                          0x0800028b   Thumb Code     0  startup_stm32f405xx.o(.text)
    TIM5_IRQHandler                          0x0800028b   Thumb Code     0  startup_stm32f405xx.o(.text)
    TIM6_DAC_IRQHandler                      0x0800028b   Thumb Code     0  startup_stm32f405xx.o(.text)
    TIM8_BRK_TIM12_IRQHandler                0x0800028b   Thumb Code     0  startup_stm32f405xx.o(.text)
    TIM8_CC_IRQHandler                       0x0800028b   Thumb Code     0  startup_stm32f405xx.o(.text)
    TIM8_TRG_COM_TIM14_IRQHandler            0x0800028b   Thumb Code     0  startup_stm32f405xx.o(.text)
    TIM8_UP_TIM13_IRQHandler                 0x0800028b   Thumb Code     0  startup_stm32f405xx.o(.text)
    UART5_IRQHandler                         0x0800028b   Thumb Code     0  startup_stm32f405xx.o(.text)
    USART2_IRQHandler                        0x0800028b   Thumb Code     0  startup_stm32f405xx.o(.text)
    USART6_IRQHandler                        0x0800028b   Thumb Code     0  startup_stm32f405xx.o(.text)
    WWDG_IRQHandler                          0x0800028b   Thumb Code     0  startup_stm32f405xx.o(.text)
    __user_initial_stackheap                 0x0800028d   Thumb Code     0  startup_stm32f405xx.o(.text)
    __aeabi_uldivmod                         0x080002b1   Thumb Code     0  lludivv7m.o(.text)
    _ll_udiv                                 0x080002b1   Thumb Code   238  lludivv7m.o(.text)
    __2sprintf                               0x080003a1   Thumb Code    34  noretval__2sprintf.o(.text)
    __printf                                 0x080003c9   Thumb Code   104  __printf.o(.text)
    _printf_str                              0x08000431   Thumb Code    82  _printf_str.o(.text)
    strlen                                   0x08000483   Thumb Code    62  strlen.o(.text)
    __aeabi_memcpy                           0x080004c1   Thumb Code     0  rt_memcpy_v6.o(.text)
    __rt_memcpy                              0x080004c1   Thumb Code   138  rt_memcpy_v6.o(.text)
    _memcpy_lastbytes                        0x08000527   Thumb Code     0  rt_memcpy_v6.o(.text)
    __aeabi_memclr4                          0x0800054b   Thumb Code     0  rt_memclr_w.o(.text)
    __aeabi_memclr8                          0x0800054b   Thumb Code     0  rt_memclr_w.o(.text)
    __rt_memclr_w                            0x0800054b   Thumb Code    78  rt_memclr_w.o(.text)
    _memset_w                                0x0800054f   Thumb Code     0  rt_memclr_w.o(.text)
    strcmp                                   0x08000599   Thumb Code   128  strcmpv7m.o(.text)
    __use_two_region_memory                  0x08000619   Thumb Code     2  heapauxi.o(.text)
    __rt_heap_escrow$2region                 0x0800061b   Thumb Code     2  heapauxi.o(.text)
    __rt_heap_expand$2region                 0x0800061d   Thumb Code     2  heapauxi.o(.text)
    __read_errno                             0x0800061f   Thumb Code    10  _rserrno.o(.text)
    __set_errno                              0x08000629   Thumb Code    12  _rserrno.o(.text)
    _printf_char_common                      0x0800063f   Thumb Code    32  _printf_char_common.o(.text)
    _sputc                                   0x08000665   Thumb Code    10  _sputc.o(.text)
    _printf_cs_common                        0x0800066f   Thumb Code    20  _printf_char.o(.text)
    _printf_char                             0x08000683   Thumb Code    16  _printf_char.o(.text)
    _printf_string                           0x08000693   Thumb Code     8  _printf_char.o(.text)
    __aeabi_memcpy4                          0x0800069b   Thumb Code     0  rt_memcpy_w.o(.text)
    __aeabi_memcpy8                          0x0800069b   Thumb Code     0  rt_memcpy_w.o(.text)
    __rt_memcpy_w                            0x0800069b   Thumb Code   100  rt_memcpy_w.o(.text)
    _memcpy_lastbytes_aligned                0x080006e3   Thumb Code     0  rt_memcpy_w.o(.text)
    __aeabi_errno_addr                       0x08000701   Thumb Code     8  rt_errno_addr_intlibspace.o(.text)
    __errno$intlibspace                      0x08000701   Thumb Code     0  rt_errno_addr_intlibspace.o(.text)
    __rt_errno_addr$intlibspace              0x08000701   Thumb Code     0  rt_errno_addr_intlibspace.o(.text)
    __user_libspace                          0x08000709   Thumb Code     8  libspace.o(.text)
    __user_perproc_libspace                  0x08000709   Thumb Code     0  libspace.o(.text)
    __user_perthread_libspace                0x08000709   Thumb Code     0  libspace.o(.text)
    __user_setup_stackheap                   0x08000711   Thumb Code    74  sys_stackheap_outer.o(.text)
    exit                                     0x0800075b   Thumb Code    18  exit.o(.text)
    _sys_exit                                0x0800076d   Thumb Code     8  sys_exit.o(.text)
    __I$use$semihosting                      0x08000779   Thumb Code     0  use_no_semi.o(.text)
    __use_no_semihosting_swi                 0x08000779   Thumb Code     2  use_no_semi.o(.text)
    __semihosting_library_function           0x0800077b   Thumb Code     0  indicate_semi.o(.text)
    BusFault_Handler                         0x08000981   Thumb Code     4  stm32f4xx_it.o(i.BusFault_Handler)
    Compare_QueryQueue                       0x08000985   Thumb Code    64  ifr-scope_device.o(i.Compare_QueryQueue)
    DMA1_Stream0_IRQHandler                  0x080009c5   Thumb Code    10  stm32f4xx_it.o(i.DMA1_Stream0_IRQHandler)
    DMA1_Stream1_IRQHandler                  0x080009d5   Thumb Code    10  stm32f4xx_it.o(i.DMA1_Stream1_IRQHandler)
    DMA1_Stream2_IRQHandler                  0x080009e5   Thumb Code    10  stm32f4xx_it.o(i.DMA1_Stream2_IRQHandler)
    DMA1_Stream3_IRQHandler                  0x080009f5   Thumb Code    10  stm32f4xx_it.o(i.DMA1_Stream3_IRQHandler)
    DMA1_Stream4_IRQHandler                  0x08000a05   Thumb Code    10  stm32f4xx_it.o(i.DMA1_Stream4_IRQHandler)
    DMA2_Stream0_IRQHandler                  0x08000a15   Thumb Code    10  stm32f4xx_it.o(i.DMA2_Stream0_IRQHandler)
    DMA2_Stream2_IRQHandler                  0x08000a25   Thumb Code    10  stm32f4xx_it.o(i.DMA2_Stream2_IRQHandler)
    DMA2_Stream5_IRQHandler                  0x08000a35   Thumb Code    10  stm32f4xx_it.o(i.DMA2_Stream5_IRQHandler)
    DMA2_Stream7_IRQHandler                  0x08000a45   Thumb Code    10  stm32f4xx_it.o(i.DMA2_Stream7_IRQHandler)
    DebugMon_Handler                         0x08000b5f   Thumb Code     2  stm32f4xx_it.o(i.DebugMon_Handler)
    DeleteAllQueue                           0x08000b61   Thumb Code    12  uart_fifo.o(i.DeleteAllQueue)
    DeleteQueue                              0x08000b6d   Thumb Code    66  uart_fifo.o(i.DeleteQueue)
    Error_Handler                            0x08000baf   Thumb Code     6  main.o(i.Error_Handler)
    Find_IFR_Head                            0x08000bb5   Thumb Code    56  ifr-scope_device.o(i.Find_IFR_Head)
    GetQueueReadCount                        0x08000bf5   Thumb Code    92  uart_fifo.o(i.GetQueueReadCount)
    GetQueueWriteCount                       0x08000c51   Thumb Code    96  uart_fifo.o(i.GetQueueWriteCount)
    Get_Str_IndexOfQueue                     0x08000cb1   Thumb Code   104  ifr-scope_device.o(i.Get_Str_IndexOfQueue)
    HAL_ADC_ConfigChannel                    0x08000d19   Thumb Code   380  stm32f4xx_hal_adc.o(i.HAL_ADC_ConfigChannel)
    HAL_ADC_ConvCpltCallback                 0x08000ea5   Thumb Code   210  adc.o(i.HAL_ADC_ConvCpltCallback)
    HAL_ADC_ConvHalfCpltCallback             0x08000fad   Thumb Code     2  stm32f4xx_hal_adc.o(i.HAL_ADC_ConvHalfCpltCallback)
    HAL_ADC_ErrorCallback                    0x08000faf   Thumb Code     2  stm32f4xx_hal_adc.o(i.HAL_ADC_ErrorCallback)
    HAL_ADC_Init                             0x08000fb1   Thumb Code   100  stm32f4xx_hal_adc.o(i.HAL_ADC_Init)
    HAL_ADC_MspInit                          0x08001019   Thumb Code   338  adc.o(i.HAL_ADC_MspInit)
    HAL_ADC_Start_DMA                        0x08001189   Thumb Code   398  stm32f4xx_hal_adc.o(i.HAL_ADC_Start_DMA)
    HAL_DMA_Abort                            0x0800133d   Thumb Code   172  stm32f4xx_hal_dma.o(i.HAL_DMA_Abort)
    HAL_DMA_Abort_IT                         0x080013e9   Thumb Code    40  stm32f4xx_hal_dma.o(i.HAL_DMA_Abort_IT)
    HAL_DMA_IRQHandler                       0x08001411   Thumb Code   570  stm32f4xx_hal_dma.o(i.HAL_DMA_IRQHandler)
    HAL_DMA_Init                             0x08001651   Thumb Code   232  stm32f4xx_hal_dma.o(i.HAL_DMA_Init)
    HAL_DMA_Start_IT                         0x0800173d   Thumb Code   146  stm32f4xx_hal_dma.o(i.HAL_DMA_Start_IT)
    HAL_Delay                                0x080017d1   Thumb Code    36  stm32f4xx_hal.o(i.HAL_Delay)
    HAL_GPIO_Init                            0x080017f9   Thumb Code   454  stm32f4xx_hal_gpio.o(i.HAL_GPIO_Init)
    HAL_GPIO_WritePin                        0x080019ed   Thumb Code    12  stm32f4xx_hal_gpio.o(i.HAL_GPIO_WritePin)
    HAL_GetTick                              0x080019f9   Thumb Code     6  stm32f4xx_hal.o(i.HAL_GetTick)
    HAL_IncTick                              0x08001a05   Thumb Code    16  stm32f4xx_hal.o(i.HAL_IncTick)
    HAL_Init                                 0x08001a1d   Thumb Code    54  stm32f4xx_hal.o(i.HAL_Init)
    HAL_InitTick                             0x08001a59   Thumb Code    64  stm32f4xx_hal.o(i.HAL_InitTick)
    HAL_MspInit                              0x08001aa5   Thumb Code    68  stm32f4xx_hal_msp.o(i.HAL_MspInit)
    HAL_NVIC_EnableIRQ                       0x08001aed   Thumb Code    32  stm32f4xx_hal_cortex.o(i.HAL_NVIC_EnableIRQ)
    HAL_NVIC_SetPriority                     0x08001b0d   Thumb Code   124  stm32f4xx_hal_cortex.o(i.HAL_NVIC_SetPriority)
    HAL_NVIC_SetPriorityGrouping             0x08001b89   Thumb Code    32  stm32f4xx_hal_cortex.o(i.HAL_NVIC_SetPriorityGrouping)
    HAL_RCC_ClockConfig                      0x08001bb1   Thumb Code   368  stm32f4xx_hal_rcc.o(i.HAL_RCC_ClockConfig)
    HAL_RCC_GetHCLKFreq                      0x08001d35   Thumb Code     6  stm32f4xx_hal_rcc.o(i.HAL_RCC_GetHCLKFreq)
    HAL_RCC_GetPCLK1Freq                     0x08001d41   Thumb Code    22  stm32f4xx_hal_rcc.o(i.HAL_RCC_GetPCLK1Freq)
    HAL_RCC_GetPCLK2Freq                     0x08001d61   Thumb Code    22  stm32f4xx_hal_rcc.o(i.HAL_RCC_GetPCLK2Freq)
    HAL_RCC_GetSysClockFreq                  0x08001d81   Thumb Code   162  stm32f4xx_hal_rcc.o(i.HAL_RCC_GetSysClockFreq)
    HAL_RCC_OscConfig                        0x08001e31   Thumb Code  1172  stm32f4xx_hal_rcc.o(i.HAL_RCC_OscConfig)
    HAL_SYSTICK_Config                       0x080022cd   Thumb Code    52  stm32f4xx_hal_cortex.o(i.HAL_SYSTICK_Config)
    HAL_TIMEx_BreakCallback                  0x08002301   Thumb Code     2  stm32f4xx_hal_tim_ex.o(i.HAL_TIMEx_BreakCallback)
    HAL_TIMEx_CommutCallback                 0x08002303   Thumb Code     2  stm32f4xx_hal_tim_ex.o(i.HAL_TIMEx_CommutCallback)
    HAL_TIMEx_ConfigBreakDeadTime            0x08002305   Thumb Code   116  stm32f4xx_hal_tim_ex.o(i.HAL_TIMEx_ConfigBreakDeadTime)
    HAL_TIMEx_MasterConfigSynchronization    0x08002379   Thumb Code   150  stm32f4xx_hal_tim_ex.o(i.HAL_TIMEx_MasterConfigSynchronization)
    HAL_TIM_Base_Init                        0x0800242d   Thumb Code   102  stm32f4xx_hal_tim.o(i.HAL_TIM_Base_Init)
    HAL_TIM_Base_MspInit                     0x08002495   Thumb Code   320  tim.o(i.HAL_TIM_Base_MspInit)
    HAL_TIM_Base_Start_IT                    0x080025f5   Thumb Code   138  stm32f4xx_hal_tim.o(i.HAL_TIM_Base_Start_IT)
    HAL_TIM_ConfigClockSource                0x0800269d   Thumb Code   268  stm32f4xx_hal_tim.o(i.HAL_TIM_ConfigClockSource)
    HAL_TIM_Encoder_Init                     0x080027a9   Thumb Code   200  stm32f4xx_hal_tim.o(i.HAL_TIM_Encoder_Init)
    HAL_TIM_Encoder_MspInit                  0x08002871   Thumb Code   282  tim.o(i.HAL_TIM_Encoder_MspInit)
    HAL_TIM_Encoder_Start                    0x0800299d   Thumb Code   204  stm32f4xx_hal_tim.o(i.HAL_TIM_Encoder_Start)
    HAL_TIM_ErrorCallback                    0x08002a69   Thumb Code     2  stm32f4xx_hal_tim.o(i.HAL_TIM_ErrorCallback)
    HAL_TIM_IC_CaptureCallback               0x08002a6b   Thumb Code     2  stm32f4xx_hal_tim.o(i.HAL_TIM_IC_CaptureCallback)
    HAL_TIM_IRQHandler                       0x08002a6d   Thumb Code   406  stm32f4xx_hal_tim.o(i.HAL_TIM_IRQHandler)
    HAL_TIM_MspPostInit                      0x08002c05   Thumb Code   220  tim.o(i.HAL_TIM_MspPostInit)
    HAL_TIM_OC_DelayElapsedCallback          0x08002cfd   Thumb Code     2  stm32f4xx_hal_tim.o(i.HAL_TIM_OC_DelayElapsedCallback)
    HAL_TIM_PWM_ConfigChannel                0x08002cff   Thumb Code   260  stm32f4xx_hal_tim.o(i.HAL_TIM_PWM_ConfigChannel)
    HAL_TIM_PWM_Init                         0x08002e03   Thumb Code   102  stm32f4xx_hal_tim.o(i.HAL_TIM_PWM_Init)
    HAL_TIM_PWM_MspInit                      0x08002e69   Thumb Code     2  stm32f4xx_hal_tim.o(i.HAL_TIM_PWM_MspInit)
    HAL_TIM_PWM_PulseFinishedCallback        0x08002e6b   Thumb Code    36  tim.o(i.HAL_TIM_PWM_PulseFinishedCallback)
    HAL_TIM_PWM_PulseFinishedHalfCpltCallback 0x08002e8f   Thumb Code     2  stm32f4xx_hal_tim.o(i.HAL_TIM_PWM_PulseFinishedHalfCpltCallback)
    HAL_TIM_PWM_Start                        0x08002e91   Thumb Code   238  stm32f4xx_hal_tim.o(i.HAL_TIM_PWM_Start)
    HAL_TIM_PWM_Start_DMA                    0x08002f9d   Thumb Code   544  stm32f4xx_hal_tim.o(i.HAL_TIM_PWM_Start_DMA)
    HAL_TIM_PWM_Stop_DMA                     0x080031e5   Thumb Code   268  stm32f4xx_hal_tim.o(i.HAL_TIM_PWM_Stop_DMA)
    HAL_TIM_PeriodElapsedCallback            0x080032f9   Thumb Code    20  tim.o(i.HAL_TIM_PeriodElapsedCallback)
    HAL_TIM_TriggerCallback                  0x08003311   Thumb Code     2  stm32f4xx_hal_tim.o(i.HAL_TIM_TriggerCallback)
    HAL_UARTEx_RxEventCallback               0x08003313   Thumb Code     2  stm32f4xx_hal_uart.o(i.HAL_UARTEx_RxEventCallback)
    HAL_UART_DMA_StopRx                      0x08003315   Thumb Code   176  usart.o(i.HAL_UART_DMA_StopRx)
    HAL_UART_ErrorCallback                   0x080033c5   Thumb Code     2  stm32f4xx_hal_uart.o(i.HAL_UART_ErrorCallback)
    HAL_UART_GetState                        0x080033c7   Thumb Code    20  stm32f4xx_hal_uart.o(i.HAL_UART_GetState)
    HAL_UART_IRQHandler                      0x080033dd   Thumb Code   732  stm32f4xx_hal_uart.o(i.HAL_UART_IRQHandler)
    HAL_UART_Init                            0x080036bd   Thumb Code   114  stm32f4xx_hal_uart.o(i.HAL_UART_Init)
    HAL_UART_MspInit                         0x08003731   Thumb Code   864  usart.o(i.HAL_UART_MspInit)
    HAL_UART_Receive_DMA                     0x08003ad1   Thumb Code    66  stm32f4xx_hal_uart.o(i.HAL_UART_Receive_DMA)
    HAL_UART_RxCpltCallback                  0x08003b15   Thumb Code    98  usart.o(i.HAL_UART_RxCpltCallback)
    HAL_UART_RxHalfCpltCallback              0x08003b99   Thumb Code     2  stm32f4xx_hal_uart.o(i.HAL_UART_RxHalfCpltCallback)
    HAL_UART_Transmit_DMA                    0x08003b9d   Thumb Code   160  stm32f4xx_hal_uart.o(i.HAL_UART_Transmit_DMA)
    HAL_UART_TxCpltCallback                  0x08003c49   Thumb Code     2  stm32f4xx_hal_uart.o(i.HAL_UART_TxCpltCallback)
    HAL_UART_TxHalfCpltCallback              0x08003c4b   Thumb Code     2  stm32f4xx_hal_uart.o(i.HAL_UART_TxHalfCpltCallback)
    HI226_Decode                             0x08003c4d   Thumb Code   224  usart.o(i.HI226_Decode)
    HardFault_Handler                        0x08003d39   Thumb Code     4  stm32f4xx_it.o(i.HardFault_Handler)
    IFR_Scope_Main                           0x08003d3d   Thumb Code   510  ifr-scope_device.o(i.IFR_Scope_Main)
    InsertQueue                              0x08003f89   Thumb Code   110  uart_fifo.o(i.InsertQueue)
    MX_ADC1_Init                             0x08003ff9   Thumb Code   100  adc.o(i.MX_ADC1_Init)
    MX_ADC2_Init                             0x08004065   Thumb Code   102  adc.o(i.MX_ADC2_Init)
    MX_DMA_Init                              0x080040d5   Thumb Code   210  dma.o(i.MX_DMA_Init)
    MX_GPIO_Init                             0x080041ad   Thumb Code   224  gpio.o(i.MX_GPIO_Init)
    MX_TIM2_Init                             0x08004295   Thumb Code   114  tim.o(i.MX_TIM2_Init)
    MX_TIM3_Init                             0x0800430d   Thumb Code   172  tim.o(i.MX_TIM3_Init)
    MX_TIM4_Init                             0x080043c1   Thumb Code   170  tim.o(i.MX_TIM4_Init)
    MX_TIM5_Init                             0x08004475   Thumb Code   112  tim.o(i.MX_TIM5_Init)
    MX_TIM7_Init                             0x080044ed   Thumb Code    66  tim.o(i.MX_TIM7_Init)
    MX_TIM8_Init                             0x08004539   Thumb Code   224  tim.o(i.MX_TIM8_Init)
    MX_UART4_Init                            0x08004621   Thumb Code    46  usart.o(i.MX_UART4_Init)
    MX_UART5_Init                            0x08004659   Thumb Code    46  usart.o(i.MX_UART5_Init)
    MX_USART1_UART_Init                      0x08004691   Thumb Code    46  usart.o(i.MX_USART1_UART_Init)
    MX_USART3_UART_Init                      0x080046c9   Thumb Code    46  usart.o(i.MX_USART3_UART_Init)
    MemManage_Handler                        0x08004701   Thumb Code     4  stm32f4xx_it.o(i.MemManage_Handler)
    NMI_Handler                              0x08004705   Thumb Code     4  stm32f4xx_it.o(i.NMI_Handler)
    OneColorRamp                             0x08004709   Thumb Code    58  ws2812.o(i.OneColorRamp)
    PendSV_Handler                           0x08004743   Thumb Code     2  stm32f4xx_it.o(i.PendSV_Handler)
    QueryAQueue                              0x08004745   Thumb Code    50  uart_fifo.o(i.QueryAQueue)
    RPi_DataDecode                           0x08004779   Thumb Code    38  usart.o(i.RPi_DataDecode)
    RPi_DataSend                             0x080047a5   Thumb Code    42  usart.o(i.RPi_DataSend)
    RemoveAQueue                             0x080047d9   Thumb Code    78  uart_fifo.o(i.RemoveAQueue)
    RemoveQueue                              0x08004827   Thumb Code   110  uart_fifo.o(i.RemoveQueue)
    SVC_Handler                              0x08004895   Thumb Code     2  stm32f4xx_it.o(i.SVC_Handler)
    StackLiteDualDrive_initialize            0x08004899   Thumb Code   144  stacklitedualdrive.o(i.StackLiteDualDrive_initialize)
    StackLiteDualDrive_step                  0x08004955   Thumb Code  2328  stacklitedualdrive.o(i.StackLiteDualDrive_step)
    SysTick_Handler                          0x08005279   Thumb Code     8  stm32f4xx_it.o(i.SysTick_Handler)
    SystemClock_Config                       0x08005281   Thumb Code   170  main.o(i.SystemClock_Config)
    SystemInit                               0x08005335   Thumb Code    14  system_stm32f4xx.o(i.SystemInit)
    TIM7_IRQHandler                          0x08005349   Thumb Code    10  stm32f4xx_it.o(i.TIM7_IRQHandler)
    TIM_Base_SetConfig                       0x08005359   Thumb Code   170  stm32f4xx_hal_tim.o(i.TIM_Base_SetConfig)
    TIM_CCxChannelCmd                        0x08005431   Thumb Code    34  stm32f4xx_hal_tim.o(i.TIM_CCxChannelCmd)
    TIM_DMADelayPulseHalfCplt                0x080054bb   Thumb Code    64  stm32f4xx_hal_tim.o(i.TIM_DMADelayPulseHalfCplt)
    TIM_DMAError                             0x080054fb   Thumb Code    94  stm32f4xx_hal_tim.o(i.TIM_DMAError)
    TIM_ETR_SetConfig                        0x08005559   Thumb Code    22  stm32f4xx_hal_tim.o(i.TIM_ETR_SetConfig)
    TIM_OC2_SetConfig                        0x080055f1   Thumb Code   114  stm32f4xx_hal_tim.o(i.TIM_OC2_SetConfig)
    UART4_IRQHandler                         0x08005789   Thumb Code    16  stm32f4xx_it.o(i.UART4_IRQHandler)
    UART_Start_Receive_DMA                   0x08005d0d   Thumb Code   196  stm32f4xx_hal_uart.o(i.UART_Start_Receive_DMA)
    USART1_IRQHandler                        0x08005e3d   Thumb Code    16  stm32f4xx_it.o(i.USART1_IRQHandler)
    USART3_IRQHandler                        0x08005e51   Thumb Code    16  stm32f4xx_it.o(i.USART3_IRQHandler)
    USER_ADC_Zero_calibration                0x08005e65   Thumb Code   102  adc.o(i.USER_ADC_Zero_calibration)
    USER_UART_RxIdleCallback                 0x08005ed9   Thumb Code   394  usart.o(i.USER_UART_RxIdleCallback)
    UpdateOneColorToAllBit                   0x080060b5   Thumb Code    92  ws2812.o(i.UpdateOneColorToAllBit)
    UpdateOneColorsToDesignatedBit           0x08006115   Thumb Code   112  ws2812.o(i.UpdateOneColorsToDesignatedBit)
    UsageFault_Handler                       0x08006189   Thumb Code     4  stm32f4xx_it.o(i.UsageFault_Handler)
    __hardfp_floorf                          0x080061c5   Thumb Code    98  floorf.o(i.__hardfp_floorf)
    __hardfp_fmodf                           0x08006235   Thumb Code   176  fmodf.o(i.__hardfp_fmodf)
    __mathlib_flt_invalid                    0x080062e5   Thumb Code    10  funder.o(i.__mathlib_flt_invalid)
    connected_LightingEffects                0x080062f5   Thumb Code   132  ws2812.o(i.connected_LightingEffects)
    connecting_LightingEffects               0x0800638d   Thumb Code   208  ws2812.o(i.connecting_LightingEffects)
    main                                     0x080064ad   Thumb Code   346  main.o(i.main)
    normal_LightingEffects                   0x08006651   Thumb Code   142  ws2812.o(i.normal_LightingEffects)
    rtGetInf                                 0x080066f5   Thumb Code    84  rtgetinf.o(i.rtGetInf)
    rtGetInfF                                0x08006755   Thumb Code    14  rtgetinf.o(i.rtGetInfF)
    rtGetMinusInf                            0x08006765   Thumb Code    84  rtgetinf.o(i.rtGetMinusInf)
    rtGetMinusInfF                           0x080067c5   Thumb Code    12  rtgetinf.o(i.rtGetMinusInfF)
    rtGetNaN                                 0x080067d5   Thumb Code    84  rtgetnan.o(i.rtGetNaN)
    rtGetNaNF                                0x08006835   Thumb Code    16  rtgetnan.o(i.rtGetNaNF)
    rtIsInfF                                 0x08006849   Thumb Code    40  rt_nonfinite.o(i.rtIsInfF)
    rtIsNaNF                                 0x08006879   Thumb Code    34  rt_nonfinite.o(i.rtIsNaNF)
    rt_InitInfAndNaN                         0x0800689d   Thumb Code    66  rt_nonfinite.o(i.rt_InitInfAndNaN)
    shift_by_byte                            0x080068f9   Thumb Code    56  ws2812.o(i.shift_by_byte)
    timer_5ms_callback                       0x08006a3d   Thumb Code   186  main.o(i.timer_5ms_callback)
    variParaPID                              0x08006b39   Thumb Code   178  variparapid.o(i.variParaPID)
    variParaPID_initialize                   0x08006beb   Thumb Code     4  variparapid.o(i.variParaPID_initialize)
    __fpl_dretinf                            0x08006bef   Thumb Code    12  dretinf.o(x$fpl$dretinf)
    __aeabi_f2d                              0x08006bfd   Thumb Code     0  f2d.o(x$fpl$f2d)
    _f2d                                     0x08006bfd   Thumb Code    86  f2d.o(x$fpl$f2d)
    __fpl_fnaninf                            0x08006c53   Thumb Code   140  fnaninf.o(x$fpl$fnaninf)
    _fp_init                                 0x08006cdf   Thumb Code    10  fpinit.o(x$fpl$fpinit)
    __fplib_config_fpu_vfp                   0x08006ce7   Thumb Code     0  fpinit.o(x$fpl$fpinit)
    __fplib_config_pureend_doubles           0x08006ce7   Thumb Code     0  fpinit.o(x$fpl$fpinit)
    _frem                                    0x08006ce9   Thumb Code   240  frem_clz.o(x$fpl$frem)
    WFDBG_HEAD                               0x08006ddc   Data           6  ifr-scope_device.o(.constdata)
    __I$use$fp                               0x08006ddc   Number         0  usenofp.o(x$fpl$usenofp)
    WFDBG_END                                0x08006de2   Data           5  ifr-scope_device.o(.constdata)
    WFDBG_REP_DCY1                           0x08006de7   Data          11  ifr-scope_device.o(.constdata)
    WFDBG_REP_DCY2                           0x08006df2   Data          12  ifr-scope_device.o(.constdata)
    WFDBG_IM                                 0x08006dfe   Data           4  ifr-scope_device.o(.constdata)
    WFDBG_STA                                0x08006e02   Data           5  ifr-scope_device.o(.constdata)
    WFDBG_HANDSHAKE_HEAD                     0x08006e07   Data           8  ifr-scope_device.o(.constdata)
    WFDBG_HANDSHAKE_KEY                      0x08006e0f   Data           5  ifr-scope_device.o(.constdata)
    WFDBG_HANDSHAKE_OK                       0x08006e14   Data          12  ifr-scope_device.o(.constdata)
    WFDBG_HANDSHAKE_Fail                     0x08006e20   Data          12  ifr-scope_device.o(.constdata)
    WFDBG_DATA_MASK                          0x08006e2c   Data           6  ifr-scope_device.o(.constdata)
    WS2812BitDef                             0x08006e34   Data           2  ws2812.o(.constdata)
    AHBPrescTable                            0x08006e46   Data          16  system_stm32f4xx.o(.constdata)
    APBPrescTable                            0x08006e56   Data           8  system_stm32f4xx.o(.constdata)
    StackLiteDualDrive_M                     0x08006e60   Data           4  stacklitedualdrive.o(.constdata)
    Region$$Table$$Base                      0x08006e64   Number         0  anon$$obj.o(Region$$Table)
    Region$$Table$$Limit                     0x08006e84   Number         0  anon$$obj.o(Region$$Table)
    IFRScopeRunState                         0x20000000   Data           1  ifr-scope_device.o(.data)
    WFDBG_REP_DESCRI                         0x20000001   Data          15  ifr-scope_device.o(.data)
    WFDBG_HANDSHAKE                          0x20000010   Data           6  ifr-scope_device.o(.data)
    DataLink_UpFrameData                     0x20000016   Data          94  ifr-scope_device.o(.data)
    last_revtime                             0x20000074   Data           4  ifr-scope_device.o(.data)
    error_uart1tx                            0x20000078   Data           4  ifr-scope_device.o(.data)
    simulinkOverrunCount                     0x20000084   Data           4  main.o(.data)
    time2_enc                                0x20000088   Data           8  main.o(.data)
    time5_enc                                0x20000090   Data           8  main.o(.data)
    motor1_speed                             0x20000098   Data           4  main.o(.data)
    motor2_speed                             0x2000009c   Data           4  main.o(.data)
    time_5ms_count                           0x200000a0   Data           4  main.o(.data)
    motor1_PwmData                           0x200000a4   Data           2  main.o(.data)
    motor2_PwmData                           0x200000a6   Data           2  main.o(.data)
    led_data                                 0x200000a8   Data           1  main.o(.data)
    ws2812_data                              0x200000a9   Data           3  main.o(.data)
    adcrunfreq                               0x200000ac   Data           8  main.o(.data)
    HI226_Freq                               0x200000b4   Data           2  main.o(.data)
    tim3cnt                                  0x200000b8   Data           2  adc.o(.data)
    tim8cnt                                  0x200000ba   Data           2  adc.o(.data)
    simulinkRunFlag                          0x200000bc   Data           8  adc.o(.data)
    adc_zerooffset                           0x200000c4   Data           4  adc.o(.data)
    adc_avervalue                            0x200000c8   Data           4  adc.o(.data)
    adc_filtervalue                          0x200000cc   Data           8  adc.o(.data)
    adc_convVolt                             0x200000d4   Data           8  adc.o(.data)
    UART1_DMA_NDTR                           0x200000dc   Data           2  usart.o(.data)
    achCRCHi                                 0x200000de   Data         256  usart.o(.data)
    achCRCLo                                 0x200001de   Data         256  usart.o(.data)
    DMA_NDTR                                 0x200002de   Data           2  usart.o(.data)
    uart3rx_bufnum                           0x200002e0   Data           2  usart.o(.data)
    HI226_Angle                              0x200002e2   Data           6  usart.o(.data)
    HI226_AngleV                             0x200002e8   Data           6  usart.o(.data)
    HI226_len                                0x200002ee   Data           2  usart.o(.data)
    HI226_Recvcrc                            0x200002f0   Data           2  usart.o(.data)
    HI226_Calccrc                            0x200002f2   Data           2  usart.o(.data)
    HI226_ErrorCount                         0x200002f4   Data           2  usart.o(.data)
    HI226_FreqCount                          0x200002f6   Data           2  usart.o(.data)
    uart4rx_bufnum                           0x200002f8   Data           2  usart.o(.data)
    uart1rev_errorconut                      0x200002fc   Data           4  usart.o(.data)
    uwTick                                   0x20000300   Data           4  stm32f4xx_hal.o(.data)
    uwTickPrio                               0x20000304   Data           4  stm32f4xx_hal.o(.data)
    uwTickFreq                               0x20000308   Data           1  stm32f4xx_hal.o(.data)
    SystemCoreClock                          0x2000030c   Data           4  system_stm32f4xx.o(.data)
    rtInf                                    0x20000310   Data           8  rt_nonfinite.o(.data)
    rtMinusInf                               0x20000318   Data           8  rt_nonfinite.o(.data)
    rtNaN                                    0x20000320   Data           8  rt_nonfinite.o(.data)
    rtInfF                                   0x20000328   Data           4  rt_nonfinite.o(.data)
    rtMinusInfF                              0x2000032c   Data           4  rt_nonfinite.o(.data)
    rtNaNF                                   0x20000330   Data           4  rt_nonfinite.o(.data)
    WFDBG_REPDCY                             0x20000338   Data          40  ifr-scope_device.o(.bss)
    DataLink_RevData                         0x20000360   Data          40  ifr-scope_device.o(.bss)
    led_Designated                           0x20000388   Data          30  ws2812.o(.bss)
    adc1_DMAData                             0x200003a6   Data          20  main.o(.bss)
    adc2_DMAData                             0x200003ba   Data          20  main.o(.bss)
    Uart3DMABuffer                           0x200003ce   Data          50  main.o(.bss)
    Uart4DMABuffer                           0x20000400   Data          50  main.o(.bss)
    pwm4_1_DMAData                           0x20000432   Data        1442  main.o(.bss)
    pwm4_2_DMAData                           0x200009d4   Data        1442  main.o(.bss)
    hadc1                                    0x20000f78   Data          72  adc.o(.bss)
    hadc2                                    0x20000fc0   Data          72  adc.o(.bss)
    hdma_adc1                                0x20001008   Data          96  adc.o(.bss)
    hdma_adc2                                0x20001068   Data          96  adc.o(.bss)
    adc_rawvalue                             0x200010c8   Data          20  adc.o(.bss)
    htim2                                    0x200010dc   Data          72  tim.o(.bss)
    htim3                                    0x20001124   Data          72  tim.o(.bss)
    htim4                                    0x2000116c   Data          72  tim.o(.bss)
    htim5                                    0x200011b4   Data          72  tim.o(.bss)
    htim7                                    0x200011fc   Data          72  tim.o(.bss)
    htim8                                    0x20001244   Data          72  tim.o(.bss)
    hdma_tim4_ch1                            0x2000128c   Data          96  tim.o(.bss)
    hdma_tim4_ch2                            0x200012ec   Data          96  tim.o(.bss)
    Uart1DMAData                             0x2000134c   Data         104  usart.o(.bss)
    USART1_Software_FIFO                     0x200013b4   Data         264  usart.o(.bss)
    huart4                                   0x200014bc   Data          68  usart.o(.bss)
    huart5                                   0x20001500   Data          68  usart.o(.bss)
    huart1                                   0x20001544   Data          68  usart.o(.bss)
    huart3                                   0x20001588   Data          68  usart.o(.bss)
    hdma_uart4_rx                            0x200015cc   Data          96  usart.o(.bss)
    hdma_uart4_tx                            0x2000162c   Data          96  usart.o(.bss)
    hdma_usart1_rx                           0x2000168c   Data          96  usart.o(.bss)
    hdma_usart1_tx                           0x200016ec   Data          96  usart.o(.bss)
    hdma_usart3_rx                           0x2000174c   Data          96  usart.o(.bss)
    RPi_Revdata                              0x200017ac   Data          16  usart.o(.bss)
    RPi_SendData                             0x200017bc   Data          16  usart.o(.bss)
    RPi_SendBuffer                           0x200017cc   Data          21  usart.o(.bss)
    StackLiteDualDrive_B                     0x200017e4   Data         108  stacklitedualdrive.o(.bss)
    StackLiteDualDrive_DW                    0x20001850   Data         184  stacklitedualdrive.o(.bss)
    __libspace_start                         0x20001908   Data          96  libspace.o(.bss)
    __temporary_stack_top$libspace           0x20001968   Data           0  libspace.o(.bss)



==============================================================================

Memory Map of the image

  Image Entry point : 0x08000189

  Load Region LR_IROM1 (Base: 0x08000000, Size: 0x000071bc, Max: 0x00100000, ABSOLUTE, COMPRESSED[0x00006fdc])

    Execution Region ER_IROM1 (Exec base: 0x08000000, Load base: 0x08000000, Size: 0x00006e84, Max: 0x00100000, ABSOLUTE)

    Exec Addr    Load Addr    Size         Type   Attr      Idx    E Section Name        Object

    0x08000000   0x08000000   0x00000188   Data   RO            3    RESET               startup_stm32f405xx.o
    0x08000188   0x08000188   0x00000008   Code   RO         4076  * !!!main             c_w.l(__main.o)
    0x08000190   0x08000190   0x00000034   Code   RO         4316    !!!scatter          c_w.l(__scatter.o)
    0x080001c4   0x080001c4   0x0000005a   Code   RO         4314    !!dczerorl2         c_w.l(__dczerorl2.o)
    0x0800021e   0x0800021e   0x00000002   PAD
    0x08000220   0x08000220   0x0000001c   Code   RO         4318    !!handler_zi        c_w.l(__scatter_zi.o)
    0x0800023c   0x0800023c   0x00000000   Code   RO         4063    .ARM.Collect$$_printf_percent$$00000000  c_w.l(_printf_percent.o)
    0x0800023c   0x0800023c   0x00000006   Code   RO         4062    .ARM.Collect$$_printf_percent$$00000014  c_w.l(_printf_s.o)
    0x08000242   0x08000242   0x00000004   Code   RO         4115    .ARM.Collect$$_printf_percent$$00000017  c_w.l(_printf_percent_end.o)
    0x08000246   0x08000246   0x00000002   Code   RO         4185    .ARM.Collect$$libinit$$00000000  c_w.l(libinit.o)
    0x08000248   0x08000248   0x00000004   Code   RO         4194    .ARM.Collect$$libinit$$00000001  c_w.l(libinit2.o)
    0x0800024c   0x0800024c   0x00000000   Code   RO         4197    .ARM.Collect$$libinit$$00000004  c_w.l(libinit2.o)
    0x0800024c   0x0800024c   0x00000000   Code   RO         4200    .ARM.Collect$$libinit$$0000000A  c_w.l(libinit2.o)
    0x0800024c   0x0800024c   0x00000000   Code   RO         4202    .ARM.Collect$$libinit$$0000000C  c_w.l(libinit2.o)
    0x0800024c   0x0800024c   0x00000000   Code   RO         4204    .ARM.Collect$$libinit$$0000000E  c_w.l(libinit2.o)
    0x0800024c   0x0800024c   0x00000000   Code   RO         4207    .ARM.Collect$$libinit$$00000011  c_w.l(libinit2.o)
    0x0800024c   0x0800024c   0x00000000   Code   RO         4209    .ARM.Collect$$libinit$$00000013  c_w.l(libinit2.o)
    0x0800024c   0x0800024c   0x00000000   Code   RO         4211    .ARM.Collect$$libinit$$00000015  c_w.l(libinit2.o)
    0x0800024c   0x0800024c   0x00000000   Code   RO         4213    .ARM.Collect$$libinit$$00000017  c_w.l(libinit2.o)
    0x0800024c   0x0800024c   0x00000000   Code   RO         4215    .ARM.Collect$$libinit$$00000019  c_w.l(libinit2.o)
    0x0800024c   0x0800024c   0x00000000   Code   RO         4217    .ARM.Collect$$libinit$$0000001B  c_w.l(libinit2.o)
    0x0800024c   0x0800024c   0x00000000   Code   RO         4219    .ARM.Collect$$libinit$$0000001D  c_w.l(libinit2.o)
    0x0800024c   0x0800024c   0x00000000   Code   RO         4221    .ARM.Collect$$libinit$$0000001F  c_w.l(libinit2.o)
    0x0800024c   0x0800024c   0x00000000   Code   RO         4223    .ARM.Collect$$libinit$$00000021  c_w.l(libinit2.o)
    0x0800024c   0x0800024c   0x00000000   Code   RO         4225    .ARM.Collect$$libinit$$00000023  c_w.l(libinit2.o)
    0x0800024c   0x0800024c   0x00000000   Code   RO         4227    .ARM.Collect$$libinit$$00000025  c_w.l(libinit2.o)
    0x0800024c   0x0800024c   0x00000000   Code   RO         4231    .ARM.Collect$$libinit$$0000002C  c_w.l(libinit2.o)
    0x0800024c   0x0800024c   0x00000000   Code   RO         4233    .ARM.Collect$$libinit$$0000002E  c_w.l(libinit2.o)
    0x0800024c   0x0800024c   0x00000000   Code   RO         4235    .ARM.Collect$$libinit$$00000030  c_w.l(libinit2.o)
    0x0800024c   0x0800024c   0x00000000   Code   RO         4237    .ARM.Collect$$libinit$$00000032  c_w.l(libinit2.o)
    0x0800024c   0x0800024c   0x00000002   Code   RO         4238    .ARM.Collect$$libinit$$00000033  c_w.l(libinit2.o)
    0x0800024e   0x0800024e   0x00000002   Code   RO         4269    .ARM.Collect$$libshutdown$$00000000  c_w.l(libshutdown.o)
    0x08000250   0x08000250   0x00000000   Code   RO         4295    .ARM.Collect$$libshutdown$$00000002  c_w.l(libshutdown2.o)
    0x08000250   0x08000250   0x00000000   Code   RO         4297    .ARM.Collect$$libshutdown$$00000004  c_w.l(libshutdown2.o)
    0x08000250   0x08000250   0x00000000   Code   RO         4299    .ARM.Collect$$libshutdown$$00000006  c_w.l(libshutdown2.o)
    0x08000250   0x08000250   0x00000000   Code   RO         4302    .ARM.Collect$$libshutdown$$00000009  c_w.l(libshutdown2.o)
    0x08000250   0x08000250   0x00000000   Code   RO         4305    .ARM.Collect$$libshutdown$$0000000C  c_w.l(libshutdown2.o)
    0x08000250   0x08000250   0x00000000   Code   RO         4307    .ARM.Collect$$libshutdown$$0000000E  c_w.l(libshutdown2.o)
    0x08000250   0x08000250   0x00000000   Code   RO         4310    .ARM.Collect$$libshutdown$$00000011  c_w.l(libshutdown2.o)
    0x08000250   0x08000250   0x00000002   Code   RO         4311    .ARM.Collect$$libshutdown$$00000012  c_w.l(libshutdown2.o)
    0x08000252   0x08000252   0x00000000   Code   RO         4102    .ARM.Collect$$rtentry$$00000000  c_w.l(__rtentry.o)
    0x08000252   0x08000252   0x00000000   Code   RO         4146    .ARM.Collect$$rtentry$$00000002  c_w.l(__rtentry2.o)
    0x08000252   0x08000252   0x00000006   Code   RO         4158    .ARM.Collect$$rtentry$$00000004  c_w.l(__rtentry4.o)
    0x08000258   0x08000258   0x00000000   Code   RO         4148    .ARM.Collect$$rtentry$$00000009  c_w.l(__rtentry2.o)
    0x08000258   0x08000258   0x00000004   Code   RO         4149    .ARM.Collect$$rtentry$$0000000A  c_w.l(__rtentry2.o)
    0x0800025c   0x0800025c   0x00000000   Code   RO         4151    .ARM.Collect$$rtentry$$0000000C  c_w.l(__rtentry2.o)
    0x0800025c   0x0800025c   0x00000008   Code   RO         4152    .ARM.Collect$$rtentry$$0000000D  c_w.l(__rtentry2.o)
    0x08000264   0x08000264   0x00000002   Code   RO         4186    .ARM.Collect$$rtexit$$00000000  c_w.l(rtexit.o)
    0x08000266   0x08000266   0x00000000   Code   RO         4242    .ARM.Collect$$rtexit$$00000002  c_w.l(rtexit2.o)
    0x08000266   0x08000266   0x00000004   Code   RO         4243    .ARM.Collect$$rtexit$$00000003  c_w.l(rtexit2.o)
    0x0800026a   0x0800026a   0x00000006   Code   RO         4244    .ARM.Collect$$rtexit$$00000004  c_w.l(rtexit2.o)
    0x08000270   0x08000270   0x00000040   Code   RO            4    .text               startup_stm32f405xx.o
    0x080002b0   0x080002b0   0x000000ee   Code   RO         4032    .text               c_w.l(lludivv7m.o)
    0x0800039e   0x0800039e   0x00000002   PAD
    0x080003a0   0x080003a0   0x00000028   Code   RO         4036    .text               c_w.l(noretval__2sprintf.o)
    0x080003c8   0x080003c8   0x00000068   Code   RO         4038    .text               c_w.l(__printf.o)
    0x08000430   0x08000430   0x00000052   Code   RO         4040    .text               c_w.l(_printf_str.o)
    0x08000482   0x08000482   0x0000003e   Code   RO         4066    .text               c_w.l(strlen.o)
    0x080004c0   0x080004c0   0x0000008a   Code   RO         4068    .text               c_w.l(rt_memcpy_v6.o)
    0x0800054a   0x0800054a   0x0000004e   Code   RO         4070    .text               c_w.l(rt_memclr_w.o)
    0x08000598   0x08000598   0x00000080   Code   RO         4072    .text               c_w.l(strcmpv7m.o)
    0x08000618   0x08000618   0x00000006   Code   RO         4074    .text               c_w.l(heapauxi.o)
    0x0800061e   0x0800061e   0x00000016   Code   RO         4107    .text               c_w.l(_rserrno.o)
    0x08000634   0x08000634   0x00000030   Code   RO         4109    .text               c_w.l(_printf_char_common.o)
    0x08000664   0x08000664   0x0000000a   Code   RO         4111    .text               c_w.l(_sputc.o)
    0x0800066e   0x0800066e   0x0000002c   Code   RO         4113    .text               c_w.l(_printf_char.o)
    0x0800069a   0x0800069a   0x00000064   Code   RO         4116    .text               c_w.l(rt_memcpy_w.o)
    0x080006fe   0x080006fe   0x00000002   PAD
    0x08000700   0x08000700   0x00000008   Code   RO         4165    .text               c_w.l(rt_errno_addr_intlibspace.o)
    0x08000708   0x08000708   0x00000008   Code   RO         4169    .text               c_w.l(libspace.o)
    0x08000710   0x08000710   0x0000004a   Code   RO         4172    .text               c_w.l(sys_stackheap_outer.o)
    0x0800075a   0x0800075a   0x00000012   Code   RO         4174    .text               c_w.l(exit.o)
    0x0800076c   0x0800076c   0x0000000c   Code   RO         4239    .text               c_w.l(sys_exit.o)
    0x08000778   0x08000778   0x00000002   Code   RO         4258    .text               c_w.l(use_no_semi.o)
    0x0800077a   0x0800077a   0x00000000   Code   RO         4260    .text               c_w.l(indicate_semi.o)
    0x0800077a   0x0800077a   0x0000007e   Code   RO          976    i.ADC_DMAConvCplt   stm32f4xx_hal_adc.o
    0x080007f8   0x080007f8   0x0000001a   Code   RO          977    i.ADC_DMAError      stm32f4xx_hal_adc.o
    0x08000812   0x08000812   0x0000000e   Code   RO          978    i.ADC_DMAHalfConvCplt  stm32f4xx_hal_adc.o
    0x08000820   0x08000820   0x00000160   Code   RO          979    i.ADC_Init          stm32f4xx_hal_adc.o
    0x08000980   0x08000980   0x00000004   Code   RO          798    i.BusFault_Handler  stm32f4xx_it.o
    0x08000984   0x08000984   0x00000040   Code   RO          206    i.Compare_QueryQueue  ifr-scope_device.o
    0x080009c4   0x080009c4   0x00000010   Code   RO          799    i.DMA1_Stream0_IRQHandler  stm32f4xx_it.o
    0x080009d4   0x080009d4   0x00000010   Code   RO          800    i.DMA1_Stream1_IRQHandler  stm32f4xx_it.o
    0x080009e4   0x080009e4   0x00000010   Code   RO          801    i.DMA1_Stream2_IRQHandler  stm32f4xx_it.o
    0x080009f4   0x080009f4   0x00000010   Code   RO          802    i.DMA1_Stream3_IRQHandler  stm32f4xx_it.o
    0x08000a04   0x08000a04   0x00000010   Code   RO          803    i.DMA1_Stream4_IRQHandler  stm32f4xx_it.o
    0x08000a14   0x08000a14   0x00000010   Code   RO          804    i.DMA2_Stream0_IRQHandler  stm32f4xx_it.o
    0x08000a24   0x08000a24   0x00000010   Code   RO          805    i.DMA2_Stream2_IRQHandler  stm32f4xx_it.o
    0x08000a34   0x08000a34   0x00000010   Code   RO          806    i.DMA2_Stream5_IRQHandler  stm32f4xx_it.o
    0x08000a44   0x08000a44   0x00000010   Code   RO          807    i.DMA2_Stream7_IRQHandler  stm32f4xx_it.o
    0x08000a54   0x08000a54   0x00000034   Code   RO         1758    i.DMA_CalcBaseAndBitshift  stm32f4xx_hal_dma.o
    0x08000a88   0x08000a88   0x000000aa   Code   RO         1759    i.DMA_CheckFifoParam  stm32f4xx_hal_dma.o
    0x08000b32   0x08000b32   0x0000002c   Code   RO         1760    i.DMA_SetConfig     stm32f4xx_hal_dma.o
    0x08000b5e   0x08000b5e   0x00000002   Code   RO          808    i.DebugMon_Handler  stm32f4xx_it.o
    0x08000b60   0x08000b60   0x0000000c   Code   RO           13    i.DeleteAllQueue    uart_fifo.o
    0x08000b6c   0x08000b6c   0x00000042   Code   RO           14    i.DeleteQueue       uart_fifo.o
    0x08000bae   0x08000bae   0x00000006   Code   RO          375    i.Error_Handler     main.o
    0x08000bb4   0x08000bb4   0x00000040   Code   RO          207    i.Find_IFR_Head     ifr-scope_device.o
    0x08000bf4   0x08000bf4   0x0000005c   Code   RO           15    i.GetQueueReadCount  uart_fifo.o
    0x08000c50   0x08000c50   0x00000060   Code   RO           16    i.GetQueueWriteCount  uart_fifo.o
    0x08000cb0   0x08000cb0   0x00000068   Code   RO          209    i.Get_Str_IndexOfQueue  ifr-scope_device.o
    0x08000d18   0x08000d18   0x0000018c   Code   RO          981    i.HAL_ADC_ConfigChannel  stm32f4xx_hal_adc.o
    0x08000ea4   0x08000ea4   0x00000108   Code   RO          492    i.HAL_ADC_ConvCpltCallback  adc.o
    0x08000fac   0x08000fac   0x00000002   Code   RO          983    i.HAL_ADC_ConvHalfCpltCallback  stm32f4xx_hal_adc.o
    0x08000fae   0x08000fae   0x00000002   Code   RO          985    i.HAL_ADC_ErrorCallback  stm32f4xx_hal_adc.o
    0x08000fb0   0x08000fb0   0x00000068   Code   RO          990    i.HAL_ADC_Init      stm32f4xx_hal_adc.o
    0x08001018   0x08001018   0x00000170   Code   RO          494    i.HAL_ADC_MspInit   adc.o
    0x08001188   0x08001188   0x000001b4   Code   RO          997    i.HAL_ADC_Start_DMA  stm32f4xx_hal_adc.o
    0x0800133c   0x0800133c   0x000000ac   Code   RO         1761    i.HAL_DMA_Abort     stm32f4xx_hal_dma.o
    0x080013e8   0x080013e8   0x00000028   Code   RO         1762    i.HAL_DMA_Abort_IT  stm32f4xx_hal_dma.o
    0x08001410   0x08001410   0x00000240   Code   RO         1766    i.HAL_DMA_IRQHandler  stm32f4xx_hal_dma.o
    0x08001650   0x08001650   0x000000ec   Code   RO         1767    i.HAL_DMA_Init      stm32f4xx_hal_dma.o
    0x0800173c   0x0800173c   0x00000092   Code   RO         1771    i.HAL_DMA_Start_IT  stm32f4xx_hal_dma.o
    0x080017ce   0x080017ce   0x00000002   PAD
    0x080017d0   0x080017d0   0x00000028   Code   RO         2185    i.HAL_Delay         stm32f4xx_hal.o
    0x080017f8   0x080017f8   0x000001f4   Code   RO         1654    i.HAL_GPIO_Init     stm32f4xx_hal_gpio.o
    0x080019ec   0x080019ec   0x0000000c   Code   RO         1658    i.HAL_GPIO_WritePin  stm32f4xx_hal_gpio.o
    0x080019f8   0x080019f8   0x0000000c   Code   RO         2191    i.HAL_GetTick       stm32f4xx_hal.o
    0x08001a04   0x08001a04   0x00000018   Code   RO         2197    i.HAL_IncTick       stm32f4xx_hal.o
    0x08001a1c   0x08001a1c   0x0000003c   Code   RO         2198    i.HAL_Init          stm32f4xx_hal.o
    0x08001a58   0x08001a58   0x0000004c   Code   RO         2199    i.HAL_InitTick      stm32f4xx_hal.o
    0x08001aa4   0x08001aa4   0x00000048   Code   RO          952    i.HAL_MspInit       stm32f4xx_hal_msp.o
    0x08001aec   0x08001aec   0x00000020   Code   RO         2043    i.HAL_NVIC_EnableIRQ  stm32f4xx_hal_cortex.o
    0x08001b0c   0x08001b0c   0x0000007c   Code   RO         2049    i.HAL_NVIC_SetPriority  stm32f4xx_hal_cortex.o
    0x08001b88   0x08001b88   0x00000028   Code   RO         2050    i.HAL_NVIC_SetPriorityGrouping  stm32f4xx_hal_cortex.o
    0x08001bb0   0x08001bb0   0x00000184   Code   RO         1255    i.HAL_RCC_ClockConfig  stm32f4xx_hal_rcc.o
    0x08001d34   0x08001d34   0x0000000c   Code   RO         1260    i.HAL_RCC_GetHCLKFreq  stm32f4xx_hal_rcc.o
    0x08001d40   0x08001d40   0x00000020   Code   RO         1262    i.HAL_RCC_GetPCLK1Freq  stm32f4xx_hal_rcc.o
    0x08001d60   0x08001d60   0x00000020   Code   RO         1263    i.HAL_RCC_GetPCLK2Freq  stm32f4xx_hal_rcc.o
    0x08001d80   0x08001d80   0x000000b0   Code   RO         1264    i.HAL_RCC_GetSysClockFreq  stm32f4xx_hal_rcc.o
    0x08001e30   0x08001e30   0x0000049c   Code   RO         1267    i.HAL_RCC_OscConfig  stm32f4xx_hal_rcc.o
    0x080022cc   0x080022cc   0x00000034   Code   RO         2054    i.HAL_SYSTICK_Config  stm32f4xx_hal_cortex.o
    0x08002300   0x08002300   0x00000002   Code   RO         3153    i.HAL_TIMEx_BreakCallback  stm32f4xx_hal_tim_ex.o
    0x08002302   0x08002302   0x00000002   Code   RO         3154    i.HAL_TIMEx_CommutCallback  stm32f4xx_hal_tim_ex.o
    0x08002304   0x08002304   0x00000074   Code   RO         3156    i.HAL_TIMEx_ConfigBreakDeadTime  stm32f4xx_hal_tim_ex.o
    0x08002378   0x08002378   0x000000b4   Code   RO         3172    i.HAL_TIMEx_MasterConfigSynchronization  stm32f4xx_hal_tim_ex.o
    0x0800242c   0x0800242c   0x00000066   Code   RO         2438    i.HAL_TIM_Base_Init  stm32f4xx_hal_tim.o
    0x08002492   0x08002492   0x00000002   PAD
    0x08002494   0x08002494   0x00000160   Code   RO          579    i.HAL_TIM_Base_MspInit  tim.o
    0x080025f4   0x080025f4   0x000000a8   Code   RO         2443    i.HAL_TIM_Base_Start_IT  stm32f4xx_hal_tim.o
    0x0800269c   0x0800269c   0x0000010c   Code   RO         2447    i.HAL_TIM_ConfigClockSource  stm32f4xx_hal_tim.o
    0x080027a8   0x080027a8   0x000000c8   Code   RO         2459    i.HAL_TIM_Encoder_Init  stm32f4xx_hal_tim.o
    0x08002870   0x08002870   0x0000012c   Code   RO          581    i.HAL_TIM_Encoder_MspInit  tim.o
    0x0800299c   0x0800299c   0x000000cc   Code   RO         2462    i.HAL_TIM_Encoder_Start  stm32f4xx_hal_tim.o
    0x08002a68   0x08002a68   0x00000002   Code   RO         2468    i.HAL_TIM_ErrorCallback  stm32f4xx_hal_tim.o
    0x08002a6a   0x08002a6a   0x00000002   Code   RO         2472    i.HAL_TIM_IC_CaptureCallback  stm32f4xx_hal_tim.o
    0x08002a6c   0x08002a6c   0x00000196   Code   RO         2486    i.HAL_TIM_IRQHandler  stm32f4xx_hal_tim.o
    0x08002c02   0x08002c02   0x00000002   PAD
    0x08002c04   0x08002c04   0x000000f8   Code   RO          582    i.HAL_TIM_MspPostInit  tim.o
    0x08002cfc   0x08002cfc   0x00000002   Code   RO         2489    i.HAL_TIM_OC_DelayElapsedCallback  stm32f4xx_hal_tim.o
    0x08002cfe   0x08002cfe   0x00000104   Code   RO         2510    i.HAL_TIM_PWM_ConfigChannel  stm32f4xx_hal_tim.o
    0x08002e02   0x08002e02   0x00000066   Code   RO         2513    i.HAL_TIM_PWM_Init  stm32f4xx_hal_tim.o
    0x08002e68   0x08002e68   0x00000002   Code   RO         2515    i.HAL_TIM_PWM_MspInit  stm32f4xx_hal_tim.o
    0x08002e6a   0x08002e6a   0x00000024   Code   RO          583    i.HAL_TIM_PWM_PulseFinishedCallback  tim.o
    0x08002e8e   0x08002e8e   0x00000002   Code   RO         2517    i.HAL_TIM_PWM_PulseFinishedHalfCpltCallback  stm32f4xx_hal_tim.o
    0x08002e90   0x08002e90   0x0000010c   Code   RO         2518    i.HAL_TIM_PWM_Start  stm32f4xx_hal_tim.o
    0x08002f9c   0x08002f9c   0x00000248   Code   RO         2519    i.HAL_TIM_PWM_Start_DMA  stm32f4xx_hal_tim.o
    0x080031e4   0x080031e4   0x00000114   Code   RO         2522    i.HAL_TIM_PWM_Stop_DMA  stm32f4xx_hal_tim.o
    0x080032f8   0x080032f8   0x00000018   Code   RO          584    i.HAL_TIM_PeriodElapsedCallback  tim.o
    0x08003310   0x08003310   0x00000002   Code   RO         2529    i.HAL_TIM_TriggerCallback  stm32f4xx_hal_tim.o
    0x08003312   0x08003312   0x00000002   Code   RO         3431    i.HAL_UARTEx_RxEventCallback  stm32f4xx_hal_uart.o
    0x08003314   0x08003314   0x000000b0   Code   RO          681    i.HAL_UART_DMA_StopRx  usart.o
    0x080033c4   0x080033c4   0x00000002   Code   RO         3445    i.HAL_UART_ErrorCallback  stm32f4xx_hal_uart.o
    0x080033c6   0x080033c6   0x00000014   Code   RO         3447    i.HAL_UART_GetState  stm32f4xx_hal_uart.o
    0x080033da   0x080033da   0x00000002   PAD
    0x080033dc   0x080033dc   0x000002e0   Code   RO         3448    i.HAL_UART_IRQHandler  stm32f4xx_hal_uart.o
    0x080036bc   0x080036bc   0x00000072   Code   RO         3449    i.HAL_UART_Init     stm32f4xx_hal_uart.o
    0x0800372e   0x0800372e   0x00000002   PAD
    0x08003730   0x08003730   0x000003a0   Code   RO          684    i.HAL_UART_MspInit  usart.o
    0x08003ad0   0x08003ad0   0x00000042   Code   RO         3453    i.HAL_UART_Receive_DMA  stm32f4xx_hal_uart.o
    0x08003b12   0x08003b12   0x00000002   PAD
    0x08003b14   0x08003b14   0x00000084   Code   RO          685    i.HAL_UART_RxCpltCallback  usart.o
    0x08003b98   0x08003b98   0x00000002   Code   RO         3456    i.HAL_UART_RxHalfCpltCallback  stm32f4xx_hal_uart.o
    0x08003b9a   0x08003b9a   0x00000002   PAD
    0x08003b9c   0x08003b9c   0x000000ac   Code   RO         3458    i.HAL_UART_Transmit_DMA  stm32f4xx_hal_uart.o
    0x08003c48   0x08003c48   0x00000002   Code   RO         3460    i.HAL_UART_TxCpltCallback  stm32f4xx_hal_uart.o
    0x08003c4a   0x08003c4a   0x00000002   Code   RO         3461    i.HAL_UART_TxHalfCpltCallback  stm32f4xx_hal_uart.o
    0x08003c4c   0x08003c4c   0x000000ec   Code   RO          686    i.HI226_Decode      usart.o
    0x08003d38   0x08003d38   0x00000004   Code   RO          809    i.HardFault_Handler  stm32f4xx_it.o
    0x08003d3c   0x08003d3c   0x0000024c   Code   RO          210    i.IFR_Scope_Main    ifr-scope_device.o
    0x08003f88   0x08003f88   0x0000006e   Code   RO           17    i.InsertQueue       uart_fifo.o
    0x08003ff6   0x08003ff6   0x00000002   PAD
    0x08003ff8   0x08003ff8   0x0000006c   Code   RO          495    i.MX_ADC1_Init      adc.o
    0x08004064   0x08004064   0x00000070   Code   RO          496    i.MX_ADC2_Init      adc.o
    0x080040d4   0x080040d4   0x000000d8   Code   RO          554    i.MX_DMA_Init       dma.o
    0x080041ac   0x080041ac   0x000000e8   Code   RO          468    i.MX_GPIO_Init      gpio.o
    0x08004294   0x08004294   0x00000078   Code   RO          585    i.MX_TIM2_Init      tim.o
    0x0800430c   0x0800430c   0x000000b4   Code   RO          586    i.MX_TIM3_Init      tim.o
    0x080043c0   0x080043c0   0x000000b4   Code   RO          587    i.MX_TIM4_Init      tim.o
    0x08004474   0x08004474   0x00000078   Code   RO          588    i.MX_TIM5_Init      tim.o
    0x080044ec   0x080044ec   0x0000004c   Code   RO          589    i.MX_TIM7_Init      tim.o
    0x08004538   0x08004538   0x000000e8   Code   RO          590    i.MX_TIM8_Init      tim.o
    0x08004620   0x08004620   0x00000038   Code   RO          687    i.MX_UART4_Init     usart.o
    0x08004658   0x08004658   0x00000038   Code   RO          688    i.MX_UART5_Init     usart.o
    0x08004690   0x08004690   0x00000038   Code   RO          689    i.MX_USART1_UART_Init  usart.o
    0x080046c8   0x080046c8   0x00000038   Code   RO          690    i.MX_USART3_UART_Init  usart.o
    0x08004700   0x08004700   0x00000004   Code   RO          810    i.MemManage_Handler  stm32f4xx_it.o
    0x08004704   0x08004704   0x00000004   Code   RO          811    i.NMI_Handler       stm32f4xx_it.o
    0x08004708   0x08004708   0x0000003a   Code   RO          282    i.OneColorRamp      ws2812.o
    0x08004742   0x08004742   0x00000002   Code   RO          812    i.PendSV_Handler    stm32f4xx_it.o
    0x08004744   0x08004744   0x00000032   Code   RO           18    i.QueryAQueue       uart_fifo.o
    0x08004776   0x08004776   0x00000002   PAD
    0x08004778   0x08004778   0x0000002c   Code   RO          691    i.RPi_DataDecode    usart.o
    0x080047a4   0x080047a4   0x00000034   Code   RO          692    i.RPi_DataSend      usart.o
    0x080047d8   0x080047d8   0x0000004e   Code   RO           20    i.RemoveAQueue      uart_fifo.o
    0x08004826   0x08004826   0x0000006e   Code   RO           22    i.RemoveQueue       uart_fifo.o
    0x08004894   0x08004894   0x00000002   Code   RO          813    i.SVC_Handler       stm32f4xx_it.o
    0x08004896   0x08004896   0x00000002   PAD
    0x08004898   0x08004898   0x000000bc   Code   RO         3936    i.StackLiteDualDrive_initialize  stacklitedualdrive.o
    0x08004954   0x08004954   0x00000924   Code   RO         3937    i.StackLiteDualDrive_step  stacklitedualdrive.o
    0x08005278   0x08005278   0x00000008   Code   RO          814    i.SysTick_Handler   stm32f4xx_it.o
    0x08005280   0x08005280   0x000000b4   Code   RO          376    i.SystemClock_Config  main.o
    0x08005334   0x08005334   0x00000014   Code   RO         3788    i.SystemInit        system_stm32f4xx.o
    0x08005348   0x08005348   0x00000010   Code   RO          815    i.TIM7_IRQHandler   stm32f4xx_it.o
    0x08005358   0x08005358   0x000000d8   Code   RO         2531    i.TIM_Base_SetConfig  stm32f4xx_hal_tim.o
    0x08005430   0x08005430   0x00000022   Code   RO         2532    i.TIM_CCxChannelCmd  stm32f4xx_hal_tim.o
    0x08005452   0x08005452   0x00000068   Code   RO         2535    i.TIM_DMADelayPulseCplt  stm32f4xx_hal_tim.o
    0x080054ba   0x080054ba   0x00000040   Code   RO         2536    i.TIM_DMADelayPulseHalfCplt  stm32f4xx_hal_tim.o
    0x080054fa   0x080054fa   0x0000005e   Code   RO         2537    i.TIM_DMAError      stm32f4xx_hal_tim.o
    0x08005558   0x08005558   0x00000016   Code   RO         2542    i.TIM_ETR_SetConfig  stm32f4xx_hal_tim.o
    0x0800556e   0x0800556e   0x00000012   Code   RO         2543    i.TIM_ITRx_SetConfig  stm32f4xx_hal_tim.o
    0x08005580   0x08005580   0x00000070   Code   RO         2544    i.TIM_OC1_SetConfig  stm32f4xx_hal_tim.o
    0x080055f0   0x080055f0   0x0000007c   Code   RO         2545    i.TIM_OC2_SetConfig  stm32f4xx_hal_tim.o
    0x0800566c   0x0800566c   0x00000078   Code   RO         2546    i.TIM_OC3_SetConfig  stm32f4xx_hal_tim.o
    0x080056e4   0x080056e4   0x00000054   Code   RO         2547    i.TIM_OC4_SetConfig  stm32f4xx_hal_tim.o
    0x08005738   0x08005738   0x00000026   Code   RO         2549    i.TIM_TI1_ConfigInputStage  stm32f4xx_hal_tim.o
    0x0800575e   0x0800575e   0x00000028   Code   RO         2551    i.TIM_TI2_ConfigInputStage  stm32f4xx_hal_tim.o
    0x08005786   0x08005786   0x00000002   PAD
    0x08005788   0x08005788   0x00000014   Code   RO          816    i.UART4_IRQHandler  stm32f4xx_it.o
    0x0800579c   0x0800579c   0x00000014   Code   RO         3462    i.UART_DMAAbortOnError  stm32f4xx_hal_uart.o
    0x080057b0   0x080057b0   0x00000050   Code   RO         3463    i.UART_DMAError     stm32f4xx_hal_uart.o
    0x08005800   0x08005800   0x000000b0   Code   RO         3464    i.UART_DMAReceiveCplt  stm32f4xx_hal_uart.o
    0x080058b0   0x080058b0   0x00000020   Code   RO         3466    i.UART_DMARxHalfCplt  stm32f4xx_hal_uart.o
    0x080058d0   0x080058d0   0x00000058   Code   RO         3468    i.UART_DMATransmitCplt  stm32f4xx_hal_uart.o
    0x08005928   0x08005928   0x0000000e   Code   RO         3470    i.UART_DMATxHalfCplt  stm32f4xx_hal_uart.o
    0x08005936   0x08005936   0x0000006c   Code   RO         3472    i.UART_EndRxTransfer  stm32f4xx_hal_uart.o
    0x080059a2   0x080059a2   0x00000020   Code   RO         3473    i.UART_EndTransmit_IT  stm32f4xx_hal_uart.o
    0x080059c2   0x080059c2   0x00000026   Code   RO         3474    i.UART_EndTxTransfer  stm32f4xx_hal_uart.o
    0x080059e8   0x080059e8   0x000000f8   Code   RO         3475    i.UART_Receive_IT   stm32f4xx_hal_uart.o
    0x08005ae0   0x08005ae0   0x0000022c   Code   RO         3476    i.UART_SetConfig    stm32f4xx_hal_uart.o
    0x08005d0c   0x08005d0c   0x000000d0   Code   RO         3477    i.UART_Start_Receive_DMA  stm32f4xx_hal_uart.o
    0x08005ddc   0x08005ddc   0x00000060   Code   RO         3479    i.UART_Transmit_IT  stm32f4xx_hal_uart.o
    0x08005e3c   0x08005e3c   0x00000014   Code   RO          817    i.USART1_IRQHandler  stm32f4xx_it.o
    0x08005e50   0x08005e50   0x00000014   Code   RO          818    i.USART3_IRQHandler  stm32f4xx_it.o
    0x08005e64   0x08005e64   0x00000074   Code   RO          497    i.USER_ADC_Zero_calibration  adc.o
    0x08005ed8   0x08005ed8   0x000001dc   Code   RO          693    i.USER_UART_RxIdleCallback  usart.o
    0x080060b4   0x080060b4   0x00000060   Code   RO          284    i.UpdateOneColorToAllBit  ws2812.o
    0x08006114   0x08006114   0x00000074   Code   RO          285    i.UpdateOneColorsToDesignatedBit  ws2812.o
    0x08006188   0x08006188   0x00000004   Code   RO          819    i.UsageFault_Handler  stm32f4xx_it.o
    0x0800618c   0x0800618c   0x00000010   Code   RO         2056    i.__NVIC_GetPriorityGrouping  stm32f4xx_hal_cortex.o
    0x0800619c   0x0800619c   0x00000028   Code   RO         2057    i.__NVIC_SetPriority  stm32f4xx_hal_cortex.o
    0x080061c4   0x080061c4   0x00000070   Code   RO         4084    i.__hardfp_floorf   m_wm.l(floorf.o)
    0x08006234   0x08006234   0x000000b0   Code   RO         4090    i.__hardfp_fmodf    m_wm.l(fmodf.o)
    0x080062e4   0x080062e4   0x00000010   Code   RO         4134    i.__mathlib_flt_invalid  m_wm.l(funder.o)
    0x080062f4   0x080062f4   0x00000098   Code   RO          286    i.connected_LightingEffects  ws2812.o
    0x0800638c   0x0800638c   0x000000e4   Code   RO          287    i.connecting_LightingEffects  ws2812.o
    0x08006470   0x08006470   0x0000003c   Code   RO          694    i.crc16_update      usart.o
    0x080064ac   0x080064ac   0x000001a4   Code   RO          377    i.main              main.o
    0x08006650   0x08006650   0x000000a4   Code   RO          288    i.normal_LightingEffects  ws2812.o
    0x080066f4   0x080066f4   0x00000060   Code   RO         3881    i.rtGetInf          rtgetinf.o
    0x08006754   0x08006754   0x0000000e   Code   RO         3882    i.rtGetInfF         rtgetinf.o
    0x08006762   0x08006762   0x00000002   PAD
    0x08006764   0x08006764   0x00000060   Code   RO         3883    i.rtGetMinusInf     rtgetinf.o
    0x080067c4   0x080067c4   0x00000010   Code   RO         3884    i.rtGetMinusInfF    rtgetinf.o
    0x080067d4   0x080067d4   0x00000060   Code   RO         3915    i.rtGetNaN          rtgetnan.o
    0x08006834   0x08006834   0x00000014   Code   RO         3916    i.rtGetNaNF         rtgetnan.o
    0x08006848   0x08006848   0x00000030   Code   RO         3834    i.rtIsInfF          rt_nonfinite.o
    0x08006878   0x08006878   0x00000022   Code   RO         3836    i.rtIsNaNF          rt_nonfinite.o
    0x0800689a   0x0800689a   0x00000002   PAD
    0x0800689c   0x0800689c   0x0000005c   Code   RO         3837    i.rt_InitInfAndNaN  rt_nonfinite.o
    0x080068f8   0x080068f8   0x00000038   Code   RO          290    i.shift_by_byte     ws2812.o
    0x08006930   0x08006930   0x0000010c   Code   RO          378    i.simulinkOutputProcess  main.o
    0x08006a3c   0x08006a3c   0x000000fc   Code   RO          379    i.timer_5ms_callback  main.o
    0x08006b38   0x08006b38   0x000000b2   Code   RO         4003    i.variParaPID       variparapid.o
    0x08006bea   0x08006bea   0x00000004   Code   RO         4004    i.variParaPID_initialize  variparapid.o
    0x08006bee   0x08006bee   0x0000000c   Code   RO         4122    x$fpl$dretinf       fz_wm.l(dretinf.o)
    0x08006bfa   0x08006bfa   0x00000002   PAD
    0x08006bfc   0x08006bfc   0x00000056   Code   RO         4082    x$fpl$f2d           fz_wm.l(f2d.o)
    0x08006c52   0x08006c52   0x0000008c   Code   RO         4124    x$fpl$fnaninf       fz_wm.l(fnaninf.o)
    0x08006cde   0x08006cde   0x0000000a   Code   RO         4254    x$fpl$fpinit        fz_wm.l(fpinit.o)
    0x08006ce8   0x08006ce8   0x000000f4   Code   RO         4126    x$fpl$frem          fz_wm.l(frem_clz.o)
    0x08006ddc   0x08006ddc   0x00000000   Code   RO         4130    x$fpl$usenofp       fz_wm.l(usenofp.o)
    0x08006ddc   0x08006ddc   0x00000056   Data   RO          212    .constdata          ifr-scope_device.o
    0x08006e32   0x08006e32   0x00000002   PAD
    0x08006e34   0x08006e34   0x0000000a   Data   RO          292    .constdata          ws2812.o
    0x08006e3e   0x08006e3e   0x00000008   Data   RO         1773    .constdata          stm32f4xx_hal_dma.o
    0x08006e46   0x08006e46   0x00000018   Data   RO         3789    .constdata          system_stm32f4xx.o
    0x08006e5e   0x08006e5e   0x00000002   PAD
    0x08006e60   0x08006e60   0x00000004   Data   RO         3940    .constdata          stacklitedualdrive.o
    0x08006e64   0x08006e64   0x00000020   Data   RO         4312    Region$$Table       anon$$obj.o


    Execution Region RW_IRAM1 (Exec base: 0x20000000, Load base: 0x08006e84, Size: 0x00001f68, Max: 0x0001c000, ABSOLUTE, COMPRESSED[0x00000158])

    Exec Addr    Load Addr    Size         Type   Attr      Idx    E Section Name        Object

    0x20000000   COMPRESSED   0x0000007c   Data   RW          213    .data               ifr-scope_device.o
    0x2000007c   COMPRESSED   0x00000006   Data   RW          293    .data               ws2812.o
    0x20000082   COMPRESSED   0x00000002   PAD
    0x20000084   COMPRESSED   0x00000032   Data   RW          381    .data               main.o
    0x200000b6   COMPRESSED   0x00000002   PAD
    0x200000b8   COMPRESSED   0x00000024   Data   RW          499    .data               adc.o
    0x200000dc   COMPRESSED   0x00000224   Data   RW          696    .data               usart.o
    0x20000300   COMPRESSED   0x00000009   Data   RW         2205    .data               stm32f4xx_hal.o
    0x20000309   COMPRESSED   0x00000003   PAD
    0x2000030c   COMPRESSED   0x00000004   Data   RW         3790    .data               system_stm32f4xx.o
    0x20000310   COMPRESSED   0x00000024   Data   RW         3838    .data               rt_nonfinite.o
    0x20000334   COMPRESSED   0x00000004   Data   RW         3941    .data               stacklitedualdrive.o
    0x20000338        -       0x00000050   Zero   RW          211    .bss                ifr-scope_device.o
    0x20000388        -       0x0000001e   Zero   RW          291    .bss                ws2812.o
    0x200003a6        -       0x00000bd0   Zero   RW          380    .bss                main.o
    0x20000f76   COMPRESSED   0x00000002   PAD
    0x20000f78        -       0x00000164   Zero   RW          498    .bss                adc.o
    0x200010dc        -       0x00000270   Zero   RW          591    .bss                tim.o
    0x2000134c        -       0x00000495   Zero   RW          695    .bss                usart.o
    0x200017e1   COMPRESSED   0x00000003   PAD
    0x200017e4        -       0x00000124   Zero   RW         3939    .bss                stacklitedualdrive.o
    0x20001908        -       0x00000060   Zero   RW         4170    .bss                c_w.l(libspace.o)
    0x20001968        -       0x00000200   Zero   RW            2    HEAP                startup_stm32f405xx.o
    0x20001b68        -       0x00000400   Zero   RW            1    STACK               startup_stm32f405xx.o


    Execution Region RW_IRAM2 (Exec base: 0x2001c000, Load base: 0x08006fdc, Size: 0x00000000, Max: 0x00004000, ABSOLUTE)

    **** No section assigned to this execution region ****


==============================================================================

Image component sizes


      Code (inc. data)   RO Data    RW Data    ZI Data      Debug   Object Name

       968        116          0         36        356       5382   adc.o
         0          0          0          0          0       1464   const_params.o
       216          6          0          0          0       1006   dma.o
       232          8          0          0          0       1163   gpio.o
       820         86         86        124         80       7038   ifr-scope_device.o
      1126        172          0         50       3024       5430   main.o
       174         34          0         36          0       2736   rt_nonfinite.o
       222         28          0          0          0       3283   rtgetinf.o
       116         16          0          0          0       1251   rtgetnan.o
      2528        144          4          4        292       8941   stacklitedualdrive.o
        64         26        392          0       1536        912   startup_stm32f405xx.o
       212         36          0          9          0       9949   stm32f4xx_hal.o
      1458         66          0          0          0       7478   stm32f4xx_hal_adc.o
       304         22          0          0          0      34931   stm32f4xx_hal_cortex.o
      1436         16          8          0          0       7642   stm32f4xx_hal_dma.o
       512         46          0          0          0       2312   stm32f4xx_hal_gpio.o
        72          4          0          0          0        994   stm32f4xx_hal_msp.o
      1820         84          0          0          0       6104   stm32f4xx_hal_rcc.o
      3920        190          0          0          0      25285   stm32f4xx_hal_tim.o
       300         30          0          0          0       3661   stm32f4xx_hal_tim_ex.o
      2814         38          0          0          0      19150   stm32f4xx_hal_uart.o
       254         72          0          0          0      12305   stm32f4xx_it.o
        20          6         24          4          0       1331   system_stm32f4xx.o
      1868        132          0          0        624       9287   tim.o
       614          0          0          0          0     664461   uart_fifo.o
      2328        248          0        548       1173      12934   usart.o
       182          0          0          0          0       2827   variparapid.o
       870         70         10          6         30       6449   ws2812.o

    ----------------------------------------------------------------------
     25476       1696        560        824       7120     865706   Object Totals
         0          0         32          0          0          0   (incl. Generated)
        26          0          4          7          5          0   (incl. Padding)

    ----------------------------------------------------------------------

      Code (inc. data)   RO Data    RW Data    ZI Data      Debug   Library Member Name

        90          0          0          0          0          0   __dczerorl2.o
         8          0          0          0          0         68   __main.o
       104          0          0          0          0         84   __printf.o
         0          0          0          0          0          0   __rtentry.o
        12          0          0          0          0          0   __rtentry2.o
         6          0          0          0          0          0   __rtentry4.o
        52          8          0          0          0          0   __scatter.o
        28          0          0          0          0          0   __scatter_zi.o
        44          0          0          0          0        108   _printf_char.o
        48          6          0          0          0         96   _printf_char_common.o
         0          0          0          0          0          0   _printf_percent.o
         4          0          0          0          0          0   _printf_percent_end.o
         6          0          0          0          0          0   _printf_s.o
        82          0          0          0          0         80   _printf_str.o
        22          0          0          0          0        100   _rserrno.o
        10          0          0          0          0         68   _sputc.o
        18          0          0          0          0         80   exit.o
         6          0          0          0          0        152   heapauxi.o
         0          0          0          0          0          0   indicate_semi.o
         2          0          0          0          0          0   libinit.o
         6          0          0          0          0          0   libinit2.o
         2          0          0          0          0          0   libshutdown.o
         2          0          0          0          0          0   libshutdown2.o
         8          4          0          0         96         68   libspace.o
       238          0          0          0          0        100   lludivv7m.o
        40          6          0          0          0         84   noretval__2sprintf.o
         8          4          0          0          0         68   rt_errno_addr_intlibspace.o
        78          0          0          0          0         80   rt_memclr_w.o
       138          0          0          0          0         68   rt_memcpy_v6.o
       100          0          0          0          0         80   rt_memcpy_w.o
         2          0          0          0          0          0   rtexit.o
        10          0          0          0          0          0   rtexit2.o
       128          0          0          0          0         68   strcmpv7m.o
        62          0          0          0          0         76   strlen.o
        12          4          0          0          0         68   sys_exit.o
        74          0          0          0          0         80   sys_stackheap_outer.o
         2          0          0          0          0         68   use_no_semi.o
        12          0          0          0          0        116   dretinf.o
        86          4          0          0          0        132   f2d.o
       140          4          0          0          0        132   fnaninf.o
        10          0          0          0          0        116   fpinit.o
       244          8          0          0          0        132   frem_clz.o
         0          0          0          0          0          0   usenofp.o
       112         14          0          0          0        116   floorf.o
       176          0          0          0          0        168   fmodf.o
        16          6          0          0          0        116   funder.o

    ----------------------------------------------------------------------
      2256         68          0          0         96       2772   Library Totals
         8          0          0          0          0          0   (incl. Padding)

    ----------------------------------------------------------------------

      Code (inc. data)   RO Data    RW Data    ZI Data      Debug   Library Name

      1452         32          0          0         96       1744   c_w.l
       492         16          0          0          0        628   fz_wm.l
       304         20          0          0          0        400   m_wm.l

    ----------------------------------------------------------------------
      2256         68          0          0         96       2772   Library Totals

    ----------------------------------------------------------------------

==============================================================================


      Code (inc. data)   RO Data    RW Data    ZI Data      Debug   

     27732       1764        560        824       7216     849494   Grand Totals
     27732       1764        560        344       7216     849494   ELF Image Totals (compressed)
     27732       1764        560        344          0          0   ROM Totals

==============================================================================

    Total RO  Size (Code + RO Data)                28292 (  27.63kB)
    Total RW  Size (RW Data + ZI Data)              8040 (   7.85kB)
    Total ROM Size (Code + RO Data + RW Data)      28636 (  27.96kB)

==============================================================================

