Archive member included to satisfy reference by file (symbol)

c:/program files (x86)/arm gnu toolchain arm-none-eabi/11.2 2022.02/bin/../lib/gcc/arm-none-eabi/11.2.1/thumb/v7e-m+fp/hard\libc_nano.a(lib_a-exit.o)
                              c:/program files (x86)/arm gnu toolchain arm-none-eabi/11.2 2022.02/bin/../lib/gcc/arm-none-eabi/11.2.1/thumb/v7e-m+fp/hard/crt0.o (exit)
c:/program files (x86)/arm gnu toolchain arm-none-eabi/11.2 2022.02/bin/../lib/gcc/arm-none-eabi/11.2.1/thumb/v7e-m+fp/hard\libc_nano.a(lib_a-impure.o)
                              c:/program files (x86)/arm gnu toolchain arm-none-eabi/11.2 2022.02/bin/../lib/gcc/arm-none-eabi/11.2.1/thumb/v7e-m+fp/hard\libc_nano.a(lib_a-exit.o) (_global_impure_ptr)
c:/program files (x86)/arm gnu toolchain arm-none-eabi/11.2 2022.02/bin/../lib/gcc/arm-none-eabi/11.2.1/thumb/v7e-m+fp/hard\libc_nano.a(lib_a-init.o)
                              c:/program files (x86)/arm gnu toolchain arm-none-eabi/11.2 2022.02/bin/../lib/gcc/arm-none-eabi/11.2.1/thumb/v7e-m+fp/hard/crt0.o (__libc_init_array)
c:/program files (x86)/arm gnu toolchain arm-none-eabi/11.2 2022.02/bin/../lib/gcc/arm-none-eabi/11.2.1/thumb/v7e-m+fp/hard\libc_nano.a(lib_a-memcpy-stub.o)
                              ../STM32CUBEMX/build/uart_fifo.o (memcpy)
c:/program files (x86)/arm gnu toolchain arm-none-eabi/11.2 2022.02/bin/../lib/gcc/arm-none-eabi/11.2.1/thumb/v7e-m+fp/hard\libc_nano.a(lib_a-memset.o)
                              c:/program files (x86)/arm gnu toolchain arm-none-eabi/11.2 2022.02/bin/../lib/gcc/arm-none-eabi/11.2.1/thumb/v7e-m+fp/hard/crt0.o (memset)
c:/program files (x86)/arm gnu toolchain arm-none-eabi/11.2 2022.02/bin/../lib/gcc/arm-none-eabi/11.2.1/thumb/v7e-m+fp/hard\libc_nano.a(lib_a-strcmp.o)
                              ../STM32CUBEMX/build/ifr-scope_device.o (strcmp)
c:/program files (x86)/arm gnu toolchain arm-none-eabi/11.2 2022.02/bin/../lib/gcc/arm-none-eabi/11.2.1/thumb/v7e-m+fp/hard\libc_nano.a(lib_a-strlen.o)
                              ../STM32CUBEMX/build/ifr-scope_device.o (strlen)
c:/program files (x86)/arm gnu toolchain arm-none-eabi/11.2 2022.02/bin/../lib/gcc/arm-none-eabi/11.2.1/thumb/v7e-m+fp/hard\libc_nano.a(lib_a-strstr.o)
                              ../STM32CUBEMX/build/ifr-scope_device.o (strstr)
c:/program files (x86)/arm gnu toolchain arm-none-eabi/11.2 2022.02/bin/../lib/gcc/arm-none-eabi/11.2.1/thumb/v7e-m+fp/hard\libnosys.a(_exit.o)
                              c:/program files (x86)/arm gnu toolchain arm-none-eabi/11.2 2022.02/bin/../lib/gcc/arm-none-eabi/11.2.1/thumb/v7e-m+fp/hard\libc_nano.a(lib_a-exit.o) (_exit)
c:/program files (x86)/arm gnu toolchain arm-none-eabi/11.2 2022.02/bin/../lib/gcc/arm-none-eabi/11.2.1/thumb/v7e-m+fp/hard\libgcc.a(_aeabi_uldivmod.o)
                              ../STM32CUBEMX/build/stm32f4xx_hal_rcc.o (__aeabi_uldivmod)
c:/program files (x86)/arm gnu toolchain arm-none-eabi/11.2 2022.02/bin/../lib/gcc/arm-none-eabi/11.2.1/thumb/v7e-m+fp/hard\libgcc.a(_udivmoddi4.o)
                              c:/program files (x86)/arm gnu toolchain arm-none-eabi/11.2 2022.02/bin/../lib/gcc/arm-none-eabi/11.2.1/thumb/v7e-m+fp/hard\libgcc.a(_aeabi_uldivmod.o) (__udivmoddi4)
c:/program files (x86)/arm gnu toolchain arm-none-eabi/11.2 2022.02/bin/../lib/gcc/arm-none-eabi/11.2.1/thumb/v7e-m+fp/hard\libgcc.a(_dvmd_tls.o)
                              c:/program files (x86)/arm gnu toolchain arm-none-eabi/11.2 2022.02/bin/../lib/gcc/arm-none-eabi/11.2.1/thumb/v7e-m+fp/hard\libgcc.a(_aeabi_uldivmod.o) (__aeabi_ldiv0)

Discarded input sections

 .text          0x00000000        0x0 c:/program files (x86)/arm gnu toolchain arm-none-eabi/11.2 2022.02/bin/../lib/gcc/arm-none-eabi/11.2.1/thumb/v7e-m+fp/hard/crti.o
 .data          0x00000000        0x0 c:/program files (x86)/arm gnu toolchain arm-none-eabi/11.2 2022.02/bin/../lib/gcc/arm-none-eabi/11.2.1/thumb/v7e-m+fp/hard/crti.o
 .bss           0x00000000        0x0 c:/program files (x86)/arm gnu toolchain arm-none-eabi/11.2 2022.02/bin/../lib/gcc/arm-none-eabi/11.2.1/thumb/v7e-m+fp/hard/crti.o
 .text          0x00000000        0x0 c:/program files (x86)/arm gnu toolchain arm-none-eabi/11.2 2022.02/bin/../lib/gcc/arm-none-eabi/11.2.1/thumb/v7e-m+fp/hard/crtbegin.o
 .data          0x00000000        0x0 c:/program files (x86)/arm gnu toolchain arm-none-eabi/11.2 2022.02/bin/../lib/gcc/arm-none-eabi/11.2.1/thumb/v7e-m+fp/hard/crtbegin.o
 .bss           0x00000000        0x0 c:/program files (x86)/arm gnu toolchain arm-none-eabi/11.2 2022.02/bin/../lib/gcc/arm-none-eabi/11.2.1/thumb/v7e-m+fp/hard/crtbegin.o
 .rodata.all_implied_fbits
                0x00000000       0x24 c:/program files (x86)/arm gnu toolchain arm-none-eabi/11.2 2022.02/bin/../lib/gcc/arm-none-eabi/11.2.1/thumb/v7e-m+fp/hard/crtbegin.o
 .data.__dso_handle
[...]
Memory Configuration

Name             Origin             Length             Attributes
RAM              0x20000000         0x00020000         xrw
CCMRAM           0x10000000         0x00010000         xrw
FLASH            0x08000000         0x00100000         xr
*default*        0x00000000         0xffffffff

Linker script and memory map

LOAD c:/program files (x86)/arm gnu toolchain arm-none-eabi/11.2 2022.02/bin/../lib/gcc/arm-none-eabi/11.2.1/thumb/v7e-m+fp/hard/crti.o
LOAD c:/program files (x86)/arm gnu toolchain arm-none-eabi/11.2 2022.02/bin/../lib/gcc/arm-none-eabi/11.2.1/thumb/v7e-m+fp/hard/crtbegin.o
LOAD c:/program files (x86)/arm gnu toolchain arm-none-eabi/11.2 2022.02/bin/../lib/gcc/arm-none-eabi/11.2.1/thumb/v7e-m+fp/hard/crt0.o
LOAD ../STM32CUBEMX/build/gpio.o
LOAD ../STM32CUBEMX/build/adc.o
LOAD ../STM32CUBEMX/build/dma.o
LOAD ../STM32CUBEMX/build/tim.o
LOAD ../STM32CUBEMX/build/usart.o
LOAD ../STM32CUBEMX/build/stm32f4xx_it.o
LOAD ../STM32CUBEMX/build/stm32f4xx_hal_msp.o
LOAD ../STM32CUBEMX/build/stm32f4xx_hal_adc.o
LOAD ../STM32CUBEMX/build/stm32f4xx_hal_adc_ex.o
LOAD ../STM32CUBEMX/build/stm32f4xx_ll_adc.o
LOAD ../STM32CUBEMX/build/stm32f4xx_hal_rcc.o
LOAD ../STM32CUBEMX/build/stm32f4xx_hal_rcc_ex.o
LOAD ../STM32CUBEMX/build/stm32f4xx_hal_flash.o
LOAD ../STM32CUBEMX/build/stm32f4xx_hal_flash_ex.o
LOAD ../STM32CUBEMX/build/stm32f4xx_hal_flash_ramfunc.o
LOAD ../STM32CUBEMX/build/stm32f4xx_hal_gpio.o
LOAD ../STM32CUBEMX/build/stm32f4xx_hal_dma_ex.o
LOAD ../STM32CUBEMX/build/stm32f4xx_hal_dma.o
LOAD ../STM32CUBEMX/build/stm32f4xx_hal_pwr.o
LOAD ../STM32CUBEMX/build/stm32f4xx_hal_pwr_ex.o
LOAD ../STM32CUBEMX/build/stm32f4xx_hal_cortex.o
LOAD ../STM32CUBEMX/build/stm32f4xx_hal.o
LOAD ../STM32CUBEMX/build/stm32f4xx_hal_exti.o
LOAD ../STM32CUBEMX/build/stm32f4xx_hal_tim.o
LOAD ../STM32CUBEMX/build/stm32f4xx_hal_tim_ex.o
LOAD ../STM32CUBEMX/build/stm32f4xx_hal_uart.o
LOAD ../STM32CUBEMX/build/system_stm32f4xx.o
LOAD ../STM32CUBEMX/build/uart_fifo.o
LOAD ../STM32CUBEMX/build/ifr-scope_device.o
LOAD ../STM32CUBEMX/build/angle_led.o
LOAD ../STM32CUBEMX/build/StackLiteDualDrive_Input.o
LOAD ../STM32CUBEMX/build/StackLiteDualDrive_Output.o
LOAD ../STM32CUBEMX/build/angle_led_data.o
LOAD ../STM32CUBEMX/build/main.o
LOAD ../STM32CUBEMX/build/startup_stm32f405xx.o
LOAD c:/program files (x86)/arm gnu toolchain arm-none-eabi/11.2 2022.02/bin/../lib/gcc/arm-none-eabi/11.2.1/thumb/v7e-m+fp/hard\libc_nano.a
LOAD c:/program files (x86)/arm gnu toolchain arm-none-eabi/11.2 2022.02/bin/../lib/gcc/arm-none-eabi/11.2.1/thumb/v7e-m+fp/hard\libm.a
LOAD c:/program files (x86)/arm gnu toolchain arm-none-eabi/11.2 2022.02/bin/../lib/gcc/arm-none-eabi/11.2.1/thumb/v7e-m+fp/hard\libnosys.a
START GROUP
LOAD c:/program files (x86)/arm gnu toolchain arm-none-eabi/11.2 2022.02/bin/../lib/gcc/arm-none-eabi/11.2.1/thumb/v7e-m+fp/hard\libgcc.a
LOAD c:/program files (x86)/arm gnu toolchain arm-none-eabi/11.2 2022.02/bin/../lib/gcc/arm-none-eabi/11.2.1/thumb/v7e-m+fp/hard\libc_nano.a
END GROUP
START GROUP
LOAD c:/program files (x86)/arm gnu toolchain arm-none-eabi/11.2 2022.02/bin/../lib/gcc/arm-none-eabi/11.2.1/thumb/v7e-m+fp/hard\libgcc.a
LOAD c:/program files (x86)/arm gnu toolchain arm-none-eabi/11.2 2022.02/bin/../lib/gcc/arm-none-eabi/11.2.1/thumb/v7e-m+fp/hard\libc_nano.a
END GROUP
LOAD c:/program files (x86)/arm gnu toolchain arm-none-eabi/11.2 2022.02/bin/../lib/gcc/arm-none-eabi/11.2.1/thumb/v7e-m+fp/hard/crtend.o
LOAD c:/program files (x86)/arm gnu toolchain arm-none-eabi/11.2 2022.02/bin/../lib/gcc/arm-none-eabi/11.2.1/thumb/v7e-m+fp/hard/crtn.o
                0x20020000                _estack = (ORIGIN (RAM) + LENGTH (RAM))
                0x00000200                _Min_Heap_Size = 0x200
                0x00000400                _Min_Stack_Size = 0x400

.isr_vector     0x08000000      0x188
                0x08000000                . = ALIGN (0x4)
 *(.isr_vector)
 .isr_vector    0x08000000      0x188 ../STM32CUBEMX/build/startup_stm32f405xx.o
                0x08000000                g_pfnVectors
                0x08000188                . = ALIGN (0x4)

.text           0x08000188     0x4824
                0x08000188                . = ALIGN (0x4)
 *(.text)
 .text          0x08000188       0x30 c:/program files (x86)/arm gnu toolchain arm-none-eabi/11.2 2022.02/bin/../lib/gcc/arm-none-eabi/11.2.1/thumb/v7e-m+fp/hard\libgcc.a(_aeabi_uldivmod.o)
                0x08000188                __aeabi_uldivmod
 .text          0x080001b8        0x4 c:/program files (x86)/arm gnu toolchain arm-none-eabi/11.2 2022.02/bin/../lib/gcc/arm-none-eabi/11.2.1/thumb/v7e-m+fp/hard\libgcc.a(_dvmd_tls.o)
                0x080001b8                __aeabi_idiv0
                0x080001b8                __aeabi_ldiv0
 *(.text*)
 .text.deregister_tm_clones
                0x080001bc       0x1c c:/program files (x86)/arm gnu toolchain arm-none-eabi/11.2 2022.02/bin/../lib/gcc/arm-none-eabi/11.2.1/thumb/v7e-m+fp/hard/crtbegin.o
 .text.register_tm_clones
                0x080001d8       0x24 c:/program files (x86)/arm gnu toolchain arm-none-eabi/11.2 2022.02/bin/../lib/gcc/arm-none-eabi/11.2.1/thumb/v7e-m+fp/hard/crtbegin.o
 .text.__do_global_dtors_aux
                0x080001fc       0x28 c:/program files (x86)/arm gnu toolchain arm-none-eabi/11.2 2022.02/bin/../lib/gcc/arm-none-eabi/11.2.1/thumb/v7e-m+fp/hard/crtbegin.o
 .text.frame_dummy
                0x08000224       0x24 c:/program files (x86)/arm gnu toolchain arm-none-eabi/11.2 2022.02/bin/../lib/gcc/arm-none-eabi/11.2.1/thumb/v7e-m+fp/hard/crtbegin.o
 .text.MX_GPIO_Init
                0x08000248       0xb8 ../STM32CUBEMX/build/gpio.o
                0x08000248                MX_GPIO_Init
 .text.MX_ADC1_Init
                0x08000300       0x74 ../STM32CUBEMX/build/adc.o
                0x08000300                MX_ADC1_Init
 .text.MX_ADC2_Init
                0x08000374       0x74 ../STM32CUBEMX/build/adc.o
                0x08000374                MX_ADC2_Init
 .text.HAL_ADC_MspInit
                0x080003e8      0x138 ../STM32CUBEMX/build/adc.o
                0x080003e8                HAL_ADC_MspInit
 .text.HAL_ADC_MspDeInit
                0x08000520       0x5c ../STM32CUBEMX/build/adc.o
                0x08000520                HAL_ADC_MspDeInit
 .text.HAL_ADC_ConvCpltCallback
                0x0800057c      0x118 ../STM32CUBEMX/build/adc.o
                0x0800057c                HAL_ADC_ConvCpltCallback
 .text.USER_ADC_Zero_calibration
                0x08000694       0x78 ../STM32CUBEMX/build/adc.o
                0x08000694                USER_ADC_Zero_calibration
 .text.MX_DMA_Init
                0x0800070c       0xa8 ../STM32CUBEMX/build/dma.o
                0x0800070c                MX_DMA_Init
 .text.MX_TIM2_Init
                0x080007b4       0x64 ../STM32CUBEMX/build/tim.o
                0x080007b4                MX_TIM2_Init
 .text.MX_TIM5_Init
                0x08000818       0x64 ../STM32CUBEMX/build/tim.o
                0x08000818                MX_TIM5_Init
 .text.MX_TIM7_Init
                0x0800087c       0x50 ../STM32CUBEMX/build/tim.o
                0x0800087c                MX_TIM7_Init
 .text.HAL_TIM_Encoder_MspInit
                0x080008cc       0xe0 ../STM32CUBEMX/build/tim.o
                0x080008cc                HAL_TIM_Encoder_MspInit
 .text.HAL_TIM_Base_MspInit
                0x080009ac      0x13c ../STM32CUBEMX/build/tim.o
                0x080009ac                HAL_TIM_Base_MspInit
 .text.HAL_TIM_MspPostInit
                0x08000ae8       0xcc ../STM32CUBEMX/build/tim.o
                0x08000ae8                HAL_TIM_MspPostInit
 .text.MX_TIM3_Init
                0x08000bb4       0xc4 ../STM32CUBEMX/build/tim.o
                0x08000bb4                MX_TIM3_Init
 .text.MX_TIM4_Init
                0x08000c78       0xc0 ../STM32CUBEMX/build/tim.o
                0x08000c78                MX_TIM4_Init
 .text.MX_TIM8_Init
                0x08000d38      0x100 ../STM32CUBEMX/build/tim.o
                0x08000d38                MX_TIM8_Init
 .text.HAL_TIM_Base_MspDeInit
                0x08000e38       0x7c ../STM32CUBEMX/build/tim.o
                0x08000e38                HAL_TIM_Base_MspDeInit
 .text.HAL_TIM_PeriodElapsedCallback
                0x08000eb4       0x18 ../STM32CUBEMX/build/tim.o
                0x08000eb4                HAL_TIM_PeriodElapsedCallback
 .text.HAL_TIM_PWM_PulseFinishedCallback
                0x08000ecc       0x1e ../STM32CUBEMX/build/tim.o
                0x08000ecc                HAL_TIM_PWM_PulseFinishedCallback
 .text.crc16_update
                0x08000eea       0x46 ../STM32CUBEMX/build/usart.o
 .text.MX_UART4_Init
                0x08000f30       0x34 ../STM32CUBEMX/build/usart.o
                0x08000f30                MX_UART4_Init
 .text.MX_UART5_Init
                0x08000f64       0x34 ../STM32CUBEMX/build/usart.o
                0x08000f64                MX_UART5_Init
 .text.MX_USART1_UART_Init
                0x08000f98       0x34 ../STM32CUBEMX/build/usart.o
                0x08000f98                MX_USART1_UART_Init
 .text.MX_USART3_UART_Init
                0x08000fcc       0x34 ../STM32CUBEMX/build/usart.o
                0x08000fcc                MX_USART3_UART_Init
 .text.HAL_UART_MspInit
                0x08001000      0x2b0 ../STM32CUBEMX/build/usart.o
                0x08001000                HAL_UART_MspInit
 .text.HAL_UART_MspDeInit
                0x080012b0       0xc8 ../STM32CUBEMX/build/usart.o
                0x080012b0                HAL_UART_MspDeInit
 .text.HI226_Decode
                0x08001378       0xdc ../STM32CUBEMX/build/usart.o
                0x08001378                HI226_Decode
 .text.USER_UART_RxIdleCallback
                0x08001454      0x12c ../STM32CUBEMX/build/usart.o
                0x08001454                USER_UART_RxIdleCallback
 .text.HAL_UART_RxCpltCallback
                0x08001580       0x80 ../STM32CUBEMX/build/usart.o
                0x08001580                HAL_UART_RxCpltCallback
 .text.NMI_Handler
                0x08001600        0x2 ../STM32CUBEMX/build/stm32f4xx_it.o
                0x08001600                NMI_Handler
 .text.HardFault_Handler
                0x08001602        0x2 ../STM32CUBEMX/build/stm32f4xx_it.o
                0x08001602                HardFault_Handler
 .text.MemManage_Handler
                0x08001604        0x2 ../STM32CUBEMX/build/stm32f4xx_it.o
                0x08001604                MemManage_Handler
 .text.BusFault_Handler
                0x08001606        0x2 ../STM32CUBEMX/build/stm32f4xx_it.o
                0x08001606                BusFault_Handler
 .text.UsageFault_Handler
                0x08001608        0x2 ../STM32CUBEMX/build/stm32f4xx_it.o
                0x08001608                UsageFault_Handler
 .text.SVC_Handler
                0x0800160a        0x2 ../STM32CUBEMX/build/stm32f4xx_it.o
                0x0800160a                SVC_Handler
 .text.DebugMon_Handler
                0x0800160c        0x2 ../STM32CUBEMX/build/stm32f4xx_it.o
                0x0800160c                DebugMon_Handler
 .text.PendSV_Handler
                0x0800160e        0x2 ../STM32CUBEMX/build/stm32f4xx_it.o
                0x0800160e                PendSV_Handler
 .text.SysTick_Handler
                0x08001610        0x8 ../STM32CUBEMX/build/stm32f4xx_it.o
                0x08001610                SysTick_Handler
 .text.DMA1_Stream0_IRQHandler
                0x08001618       0x10 ../STM32CUBEMX/build/stm32f4xx_it.o
                0x08001618                DMA1_Stream0_IRQHandler
 .text.DMA1_Stream1_IRQHandler
                0x08001628       0x10 ../STM32CUBEMX/build/stm32f4xx_it.o
                0x08001628                DMA1_Stream1_IRQHandler
 .text.DMA1_Stream3_IRQHandler
                0x08001638       0x10 ../STM32CUBEMX/build/stm32f4xx_it.o
                0x08001638                DMA1_Stream3_IRQHandler
 .text.USART1_IRQHandler
                0x08001648       0x18 ../STM32CUBEMX/build/stm32f4xx_it.o
                0x08001648                USART1_IRQHandler
 .text.USART3_IRQHandler
                0x08001660       0x18 ../STM32CUBEMX/build/stm32f4xx_it.o
                0x08001660                USART3_IRQHandler
 .text.TIM7_IRQHandler
                0x08001678       0x10 ../STM32CUBEMX/build/stm32f4xx_it.o
                0x08001678                TIM7_IRQHandler
 .text.DMA2_Stream0_IRQHandler
                0x08001688       0x10 ../STM32CUBEMX/build/stm32f4xx_it.o
                0x08001688                DMA2_Stream0_IRQHandler
 .text.DMA2_Stream2_IRQHandler
                0x08001698       0x10 ../STM32CUBEMX/build/stm32f4xx_it.o
                0x08001698                DMA2_Stream2_IRQHandler
 .text.DMA2_Stream5_IRQHandler
                0x080016a8       0x10 ../STM32CUBEMX/build/stm32f4xx_it.o
                0x080016a8                DMA2_Stream5_IRQHandler
 .text.DMA2_Stream7_IRQHandler
                0x080016b8       0x10 ../STM32CUBEMX/build/stm32f4xx_it.o
                0x080016b8                DMA2_Stream7_IRQHandler
 .text.HAL_MspInit
                0x080016c8       0x38 ../STM32CUBEMX/build/stm32f4xx_hal_msp.o
                0x080016c8                HAL_MspInit
 .text.ADC_Init
                0x08001700      0x134 ../STM32CUBEMX/build/stm32f4xx_hal_adc.o
 .text.HAL_ADC_Init
                0x08001834       0x56 ../STM32CUBEMX/build/stm32f4xx_hal_adc.o
                0x08001834                HAL_ADC_Init
 *fill*         0x0800188a        0x2 
 .text.HAL_ADC_Start_DMA
                0x0800188c      0x19c ../STM32CUBEMX/build/stm32f4xx_hal_adc.o
                0x0800188c                HAL_ADC_Start_DMA
 .text.HAL_ADC_ConvHalfCpltCallback
                0x08001a28        0x2 ../STM32CUBEMX/build/stm32f4xx_hal_adc.o
                0x08001a28                HAL_ADC_ConvHalfCpltCallback
 .text.ADC_DMAHalfConvCplt
                0x08001a2a        0xa ../STM32CUBEMX/build/stm32f4xx_hal_adc.o
 .text.HAL_ADC_ErrorCallback
                0x08001a34        0x2 ../STM32CUBEMX/build/stm32f4xx_hal_adc.o
                0x08001a34                HAL_ADC_ErrorCallback
 .text.ADC_DMAError
                0x08001a36       0x16 ../STM32CUBEMX/build/stm32f4xx_hal_adc.o
 .text.ADC_DMAConvCplt
                0x08001a4c       0x72 ../STM32CUBEMX/build/stm32f4xx_hal_adc.o
 *fill*         0x08001abe        0x2 
 .text.HAL_ADC_ConfigChannel
                0x08001ac0      0x194 ../STM32CUBEMX/build/stm32f4xx_hal_adc.o
                0x08001ac0                HAL_ADC_ConfigChannel
 .text.HAL_RCC_OscConfig
                0x08001c54      0x3f8 ../STM32CUBEMX/build/stm32f4xx_hal_rcc.o
                0x08001c54                HAL_RCC_OscConfig
 .text.HAL_RCC_GetSysClockFreq
                0x0800204c       0xdc ../STM32CUBEMX/build/stm32f4xx_hal_rcc.o
                0x0800204c                HAL_RCC_GetSysClockFreq
 .text.HAL_RCC_ClockConfig
                0x08002128      0x160 ../STM32CUBEMX/build/stm32f4xx_hal_rcc.o
                0x08002128                HAL_RCC_ClockConfig
 .text.HAL_RCC_GetHCLKFreq
                0x08002288        0xc ../STM32CUBEMX/build/stm32f4xx_hal_rcc.o
                0x08002288                HAL_RCC_GetHCLKFreq
 .text.HAL_RCC_GetPCLK1Freq
                0x08002294       0x20 ../STM32CUBEMX/build/stm32f4xx_hal_rcc.o
                0x08002294                HAL_RCC_GetPCLK1Freq
 .text.HAL_RCC_GetPCLK2Freq
                0x080022b4       0x20 ../STM32CUBEMX/build/stm32f4xx_hal_rcc.o
                0x080022b4                HAL_RCC_GetPCLK2Freq
 .text.HAL_GPIO_Init
                0x080022d4      0x1ec ../STM32CUBEMX/build/stm32f4xx_hal_gpio.o
                0x080022d4                HAL_GPIO_Init
 .text.HAL_GPIO_DeInit
                0x080024c0      0x134 ../STM32CUBEMX/build/stm32f4xx_hal_gpio.o
                0x080024c0                HAL_GPIO_DeInit
 .text.HAL_GPIO_WritePin
                0x080025f4        0xc ../STM32CUBEMX/build/stm32f4xx_hal_gpio.o
                0x080025f4                HAL_GPIO_WritePin
 .text.HAL_GPIO_TogglePin
                0x08002600       0x12 ../STM32CUBEMX/build/stm32f4xx_hal_gpio.o
                0x08002600                HAL_GPIO_TogglePin
 .text.DMA_SetConfig
                0x08002612       0x2c ../STM32CUBEMX/build/stm32f4xx_hal_dma.o
 *fill*         0x0800263e        0x2 
 .text.DMA_CalcBaseAndBitshift
                0x08002640       0x44 ../STM32CUBEMX/build/stm32f4xx_hal_dma.o
 .text.DMA_CheckFifoParam
                0x08002684       0x8e ../STM32CUBEMX/build/stm32f4xx_hal_dma.o
 *fill*         0x08002712        0x2 
 .text.HAL_DMA_Init
                0x08002714       0xcc ../STM32CUBEMX/build/stm32f4xx_hal_dma.o
                0x08002714                HAL_DMA_Init
 .text.HAL_DMA_DeInit
                0x080027e0       0x64 ../STM32CUBEMX/build/stm32f4xx_hal_dma.o
                0x080027e0                HAL_DMA_DeInit
 .text.HAL_DMA_Start_IT
                0x08002844       0x6a ../STM32CUBEMX/build/stm32f4xx_hal_dma.o
                0x08002844                HAL_DMA_Start_IT
 .text.HAL_DMA_Abort
                0x080028ae       0x94 ../STM32CUBEMX/build/stm32f4xx_hal_dma.o
                0x080028ae                HAL_DMA_Abort
 .text.HAL_DMA_Abort_IT
                0x08002942       0x26 ../STM32CUBEMX/build/stm32f4xx_hal_dma.o
                0x08002942                HAL_DMA_Abort_IT
 .text.HAL_DMA_IRQHandler
                0x08002968      0x1dc ../STM32CUBEMX/build/stm32f4xx_hal_dma.o
                0x08002968                HAL_DMA_IRQHandler
 .text.HAL_NVIC_SetPriorityGrouping
                0x08002b44       0x24 ../STM32CUBEMX/build/stm32f4xx_hal_cortex.o
                0x08002b44                HAL_NVIC_SetPriorityGrouping
 .text.HAL_NVIC_SetPriority
                0x08002b68       0x70 ../STM32CUBEMX/build/stm32f4xx_hal_cortex.o
                0x08002b68                HAL_NVIC_SetPriority
 .text.HAL_NVIC_EnableIRQ
                0x08002bd8       0x1c ../STM32CUBEMX/build/stm32f4xx_hal_cortex.o
                0x08002bd8                HAL_NVIC_EnableIRQ
 .text.HAL_NVIC_DisableIRQ
                0x08002bf4       0x24 ../STM32CUBEMX/build/stm32f4xx_hal_cortex.o
                0x08002bf4                HAL_NVIC_DisableIRQ
 .text.HAL_SYSTICK_Config
                0x08002c18       0x28 ../STM32CUBEMX/build/stm32f4xx_hal_cortex.o
                0x08002c18                HAL_SYSTICK_Config
 .text.HAL_InitTick
                0x08002c40       0x4c ../STM32CUBEMX/build/stm32f4xx_hal.o
                0x08002c40                HAL_InitTick
 .text.HAL_Init
                0x08002c8c       0x34 ../STM32CUBEMX/build/stm32f4xx_hal.o
                0x08002c8c                HAL_Init
 .text.HAL_IncTick
                0x08002cc0       0x18 ../STM32CUBEMX/build/stm32f4xx_hal.o
                0x08002cc0                HAL_IncTick
 .text.HAL_GetTick
                0x08002cd8        0xc ../STM32CUBEMX/build/stm32f4xx_hal.o
                0x08002cd8                HAL_GetTick
 .text.HAL_Delay
                0x08002ce4       0x28 ../STM32CUBEMX/build/stm32f4xx_hal.o
                0x08002ce4                HAL_Delay
 .text.TIM_OC1_SetConfig
                0x08002d0c       0x70 ../STM32CUBEMX/build/stm32f4xx_hal_tim.o
 .text.TIM_OC3_SetConfig
                0x08002d7c       0x70 ../STM32CUBEMX/build/stm32f4xx_hal_tim.o
 .text.TIM_OC4_SetConfig
                0x08002dec       0x50 ../STM32CUBEMX/build/stm32f4xx_hal_tim.o
 .text.TIM_TI1_ConfigInputStage
                0x08002e3c       0x26 ../STM32CUBEMX/build/stm32f4xx_hal_tim.o
 .text.TIM_TI2_ConfigInputStage
                0x08002e62       0x28 ../STM32CUBEMX/build/stm32f4xx_hal_tim.o
 .text.TIM_ITRx_SetConfig
                0x08002e8a       0x10 ../STM32CUBEMX/build/stm32f4xx_hal_tim.o
 .text.HAL_TIM_PWM_MspInit
                0x08002e9a        0x2 ../STM32CUBEMX/build/stm32f4xx_hal_tim.o
                0x08002e9a                HAL_TIM_PWM_MspInit
 .text.HAL_TIM_OC_DelayElapsedCallback
                0x08002e9c        0x2 ../STM32CUBEMX/build/stm32f4xx_hal_tim.o
                0x08002e9c                HAL_TIM_OC_DelayElapsedCallback
 .text.HAL_TIM_IC_CaptureCallback
                0x08002e9e        0x2 ../STM32CUBEMX/build/stm32f4xx_hal_tim.o
                0x08002e9e                HAL_TIM_IC_CaptureCallback
 .text.HAL_TIM_TriggerCallback
                0x08002ea0        0x2 ../STM32CUBEMX/build/stm32f4xx_hal_tim.o
                0x08002ea0                HAL_TIM_TriggerCallback
 .text.HAL_TIM_IRQHandler
                0x08002ea2      0x17a ../STM32CUBEMX/build/stm32f4xx_hal_tim.o
                0x08002ea2                HAL_TIM_IRQHandler
 .text.TIM_Base_SetConfig
                0x0800301c       0xc8 ../STM32CUBEMX/build/stm32f4xx_hal_tim.o
                0x0800301c                TIM_Base_SetConfig
 .text.HAL_TIM_Base_Init
                0x080030e4       0x58 ../STM32CUBEMX/build/stm32f4xx_hal_tim.o
                0x080030e4                HAL_TIM_Base_Init
 .text.HAL_TIM_PWM_Init
                0x0800313c       0x58 ../STM32CUBEMX/build/stm32f4xx_hal_tim.o
                0x0800313c                HAL_TIM_PWM_Init
 .text.HAL_TIM_Encoder_Init
                0x08003194       0xb0 ../STM32CUBEMX/build/stm32f4xx_hal_tim.o
                0x08003194                HAL_TIM_Encoder_Init
 .text.TIM_OC2_SetConfig
                0x08003244       0x70 ../STM32CUBEMX/build/stm32f4xx_hal_tim.o
                0x08003244                TIM_OC2_SetConfig
 .text.HAL_TIM_PWM_ConfigChannel
                0x080032b4       0xdc ../STM32CUBEMX/build/stm32f4xx_hal_tim.o
                0x080032b4                HAL_TIM_PWM_ConfigChannel
 .text.TIM_ETR_SetConfig
                0x08003390       0x1a ../STM32CUBEMX/build/stm32f4xx_hal_tim.o
                0x08003390                TIM_ETR_SetConfig
 .text.HAL_TIM_ConfigClockSource
                0x080033aa       0xfe ../STM32CUBEMX/build/stm32f4xx_hal_tim.o
                0x080033aa                HAL_TIM_ConfigClockSource
 .text.TIM_CCxChannelCmd
                0x080034a8       0x1e ../STM32CUBEMX/build/stm32f4xx_hal_tim.o
                0x080034a8                TIM_CCxChannelCmd
 *fill*         0x080034c6        0x2 
 .text.HAL_TIM_PWM_Start
                0x080034c8      0x104 ../STM32CUBEMX/build/stm32f4xx_hal_tim.o
                0x080034c8                HAL_TIM_PWM_Start
 .text.HAL_TIM_PWM_Stop_DMA
                0x080035cc       0xf4 ../STM32CUBEMX/build/stm32f4xx_hal_tim.o
                0x080035cc                HAL_TIM_PWM_Stop_DMA
 .text.HAL_TIM_Encoder_Start
                0x080036c0       0xcc ../STM32CUBEMX/build/stm32f4xx_hal_tim.o
                0x080036c0                HAL_TIM_Encoder_Start
 .text.HAL_TIMEx_MasterConfigSynchronization
                0x0800378c       0x8c ../STM32CUBEMX/build/stm32f4xx_hal_tim_ex.o
                0x0800378c                HAL_TIMEx_MasterConfigSynchronization
 .text.HAL_TIMEx_ConfigBreakDeadTime
                0x08003818       0x52 ../STM32CUBEMX/build/stm32f4xx_hal_tim_ex.o
                0x08003818                HAL_TIMEx_ConfigBreakDeadTime
 .text.HAL_TIMEx_CommutCallback
                0x0800386a        0x2 ../STM32CUBEMX/build/stm32f4xx_hal_tim_ex.o
                0x0800386a                HAL_TIMEx_CommutCallback
 .text.HAL_TIMEx_BreakCallback
                0x0800386c        0x2 ../STM32CUBEMX/build/stm32f4xx_hal_tim_ex.o
                0x0800386c                HAL_TIMEx_BreakCallback
 .text.UART_EndTxTransfer
                0x0800386e       0x20 ../STM32CUBEMX/build/stm32f4xx_hal_uart.o
 .text.UART_EndRxTransfer
                0x0800388e       0x5c ../STM32CUBEMX/build/stm32f4xx_hal_uart.o
 .text.UART_Transmit_IT
                0x080038ea       0x60 ../STM32CUBEMX/build/stm32f4xx_hal_uart.o
 *fill*         0x0800394a        0x2 
 .text.UART_SetConfig
                0x0800394c      0x110 ../STM32CUBEMX/build/stm32f4xx_hal_uart.o
 .text.HAL_UART_Init
                0x08003a5c       0x5e ../STM32CUBEMX/build/stm32f4xx_hal_uart.o
                0x08003a5c                HAL_UART_Init
 .text.HAL_UART_DMAStop
                0x08003aba       0x84 ../STM32CUBEMX/build/stm32f4xx_hal_uart.o
                0x08003aba                HAL_UART_DMAStop
 .text.HAL_UART_TxCpltCallback
                0x08003b3e        0x2 ../STM32CUBEMX/build/stm32f4xx_hal_uart.o
                0x08003b3e                HAL_UART_TxCpltCallback
 .text.UART_EndTransmit_IT
                0x08003b40       0x1a ../STM32CUBEMX/build/stm32f4xx_hal_uart.o
 .text.HAL_UART_RxHalfCpltCallback
                0x08003b5a        0x2 ../STM32CUBEMX/build/stm32f4xx_hal_uart.o
                0x08003b5a                HAL_UART_RxHalfCpltCallback
 .text.HAL_UART_ErrorCallback
                0x08003b5c        0x2 ../STM32CUBEMX/build/stm32f4xx_hal_uart.o
                0x08003b5c                HAL_UART_ErrorCallback
 .text.UART_DMAError
                0x08003b5e       0x58 ../STM32CUBEMX/build/stm32f4xx_hal_uart.o
 .text.UART_DMAAbortOnError
                0x08003bb6       0x10 ../STM32CUBEMX/build/stm32f4xx_hal_uart.o
 .text.HAL_UARTEx_RxEventCallback
                0x08003bc6        0x2 ../STM32CUBEMX/build/stm32f4xx_hal_uart.o
                0x08003bc6                HAL_UARTEx_RxEventCallback
 .text.UART_Receive_IT
                0x08003bc8       0xe2 ../STM32CUBEMX/build/stm32f4xx_hal_uart.o
 *fill*         0x08003caa        0x2 
 .text.HAL_UART_IRQHandler
                0x08003cac      0x280 ../STM32CUBEMX/build/stm32f4xx_hal_uart.o
                0x08003cac                HAL_UART_IRQHandler
 .text.UART_DMARxHalfCplt
                0x08003f2c       0x1a ../STM32CUBEMX/build/stm32f4xx_hal_uart.o
 .text.UART_DMAReceiveCplt
                0x08003f46       0x96 ../STM32CUBEMX/build/stm32f4xx_hal_uart.o
 .text.UART_Start_Receive_DMA
                0x08003fdc       0xa8 ../STM32CUBEMX/build/stm32f4xx_hal_uart.o
                0x08003fdc                UART_Start_Receive_DMA
 .text.HAL_UART_Receive_DMA
                0x08004084       0x38 ../STM32CUBEMX/build/stm32f4xx_hal_uart.o
                0x08004084                HAL_UART_Receive_DMA
 .text.SystemInit
                0x080040bc       0x14 ../STM32CUBEMX/build/system_stm32f4xx.o
                0x080040bc                SystemInit
 .text.GetQueueWriteCount
                0x080040d0       0x3a ../STM32CUBEMX/build/uart_fifo.o
                0x080040d0                GetQueueWriteCount
 .text.InsertQueue
                0x0800410a       0x5e ../STM32CUBEMX/build/uart_fifo.o
                0x0800410a                InsertQueue
 .text.angle_led_step
                0x08004168      0x128 ../STM32CUBEMX/build/angle_led.o
                0x08004168                angle_led_step
 .text.angle_led_initialize
                0x08004290        0x2 ../STM32CUBEMX/build/angle_led.o
                0x08004290                angle_led_initialize
 *fill*         0x08004292        0x2 
 .text.timer_5ms_callback
                0x08004294       0xac ../STM32CUBEMX/build/main.o
                0x08004294                timer_5ms_callback
 .text.Deinit_ALL
                0x08004340       0x84 ../STM32CUBEMX/build/main.o
                0x08004340                Deinit_ALL
 .text.Error_Handler
                0x080043c4        0x4 ../STM32CUBEMX/build/main.o
                0x080043c4                Error_Handler
 .text.SystemClock_Config
                0x080043c8       0xa8 ../STM32CUBEMX/build/main.o
                0x080043c8                SystemClock_Config
 .text.main     0x08004470      0x194 ../STM32CUBEMX/build/main.o
                0x08004470                main
 .text.Reset_Handler
                0x08004604       0x50 ../STM32CUBEMX/build/startup_stm32f405xx.o
                0x08004604                Reset_Handler
 .text.Default_Handler
                0x08004654        0x2 ../STM32CUBEMX/build/startup_stm32f405xx.o
                0x08004654                RTC_Alarm_IRQHandler
                0x08004654                HASH_RNG_IRQHandler
                0x08004654                EXTI2_IRQHandler
                0x08004654                TIM8_CC_IRQHandler
                0x08004654                TIM1_CC_IRQHandler
                0x08004654                DMA1_Stream5_IRQHandler
                0x08004654                PVD_IRQHandler
                0x08004654                SDIO_IRQHandler
                0x08004654                TAMP_STAMP_IRQHandler
                0x08004654                CAN2_RX1_IRQHandler
                0x08004654                EXTI3_IRQHandler
                0x08004654                TIM8_TRG_COM_TIM14_IRQHandler
                0x08004654                TIM1_UP_TIM10_IRQHandler
                0x08004654                TIM8_UP_TIM13_IRQHandler
                0x08004654                I2C3_ER_IRQHandler
                0x08004654                EXTI0_IRQHandler
                0x08004654                I2C2_EV_IRQHandler
                0x08004654                DMA1_Stream2_IRQHandler
                0x08004654                CAN1_RX0_IRQHandler
                0x08004654                FPU_IRQHandler
                0x08004654                OTG_HS_WKUP_IRQHandler
                0x08004654                CAN2_SCE_IRQHandler
                0x08004654                SPI1_IRQHandler
                0x08004654                TIM6_DAC_IRQHandler
                0x08004654                TIM1_BRK_TIM9_IRQHandler
                0x08004654                CAN2_RX0_IRQHandler
                0x08004654                DMA2_Stream3_IRQHandler
                0x08004654                USART6_IRQHandler
                0x08004654                CAN1_RX1_IRQHandler
                0x08004654                UART5_IRQHandler
                0x08004654                TIM4_IRQHandler
                0x08004654                I2C1_EV_IRQHandler
                0x08004654                DMA1_Stream6_IRQHandler
                0x08004654                UART4_IRQHandler
                0x08004654                TIM3_IRQHandler
                0x08004654                RCC_IRQHandler
                0x08004654                TIM8_BRK_TIM12_IRQHandler
                0x08004654                Default_Handler
                0x08004654                EXTI15_10_IRQHandler
                0x08004654                ADC_IRQHandler
                0x08004654                DMA1_Stream7_IRQHandler
                0x08004654                CAN2_TX_IRQHandler
                0x08004654                TIM5_IRQHandler
                0x08004654                I2C3_EV_IRQHandler
                0x08004654                EXTI9_5_IRQHandler
                0x08004654                RTC_WKUP_IRQHandler
                0x08004654                SPI2_IRQHandler
                0x08004654                OTG_HS_EP1_IN_IRQHandler
                0x08004654                CAN1_TX_IRQHandler
                0x08004654                EXTI4_IRQHandler
                0x08004654                FSMC_IRQHandler
                0x08004654                OTG_HS_EP1_OUT_IRQHandler
                0x08004654                WWDG_IRQHandler
                0x08004654                TIM2_IRQHandler
                0x08004654                OTG_FS_WKUP_IRQHandler
                0x08004654                TIM1_TRG_COM_TIM11_IRQHandler
                0x08004654                OTG_HS_IRQHandler
                0x08004654                EXTI1_IRQHandler
                0x08004654                USART2_IRQHandler
                0x08004654                I2C2_ER_IRQHandler
                0x08004654                DMA2_Stream1_IRQHandler
                0x08004654                CAN1_SCE_IRQHandler
                0x08004654                FLASH_IRQHandler
                0x08004654                DMA2_Stream4_IRQHandler
                0x08004654                OTG_FS_IRQHandler
                0x08004654                SPI3_IRQHandler
                0x08004654                DMA1_Stream4_IRQHandler
                0x08004654                I2C1_ER_IRQHandler
                0x08004654                DMA2_Stream6_IRQHandler
 *fill*         0x08004656        0x2 
 .text.__libc_init_array
                0x08004658       0x48 c:/program files (x86)/arm gnu toolchain arm-none-eabi/11.2 2022.02/bin/../lib/gcc/arm-none-eabi/11.2.1/thumb/v7e-m+fp/hard\libc_nano.a(lib_a-init.o)
                0x08004658                __libc_init_array
 .text.memcpy   0x080046a0       0x1c c:/program files (x86)/arm gnu toolchain arm-none-eabi/11.2 2022.02/bin/../lib/gcc/arm-none-eabi/11.2.1/thumb/v7e-m+fp/hard\libc_nano.a(lib_a-memcpy-stub.o)
                0x080046a0                memcpy
 .text.memset   0x080046bc       0x10 c:/program files (x86)/arm gnu toolchain arm-none-eabi/11.2 2022.02/bin/../lib/gcc/arm-none-eabi/11.2.1/thumb/v7e-m+fp/hard\libc_nano.a(lib_a-memset.o)
                0x080046bc                memset
 .text.__udivmoddi4
                0x080046cc      0x2c8 c:/program files (x86)/arm gnu toolchain arm-none-eabi/11.2 2022.02/bin/../lib/gcc/arm-none-eabi/11.2.1/thumb/v7e-m+fp/hard\libgcc.a(_udivmoddi4.o)
                0x080046cc                __udivmoddi4
 *(.glue_7)
 .glue_7        0x08004994        0x0 linker stubs
 *(.glue_7t)
 .glue_7t       0x08004994        0x0 linker stubs
 *(.eh_frame)
 .eh_frame      0x08004994        0x0 c:/program files (x86)/arm gnu toolchain arm-none-eabi/11.2 2022.02/bin/../lib/gcc/arm-none-eabi/11.2.1/thumb/v7e-m+fp/hard/crtbegin.o
 *(.init)
 .init          0x08004994        0x4 c:/program files (x86)/arm gnu toolchain arm-none-eabi/11.2 2022.02/bin/../lib/gcc/arm-none-eabi/11.2.1/thumb/v7e-m+fp/hard/crti.o
                0x08004994                _init
 .init          0x08004998        0x8 c:/program files (x86)/arm gnu toolchain arm-none-eabi/11.2 2022.02/bin/../lib/gcc/arm-none-eabi/11.2.1/thumb/v7e-m+fp/hard/crtn.o
 *(.fini)
 .fini          0x080049a0        0x4 c:/program files (x86)/arm gnu toolchain arm-none-eabi/11.2 2022.02/bin/../lib/gcc/arm-none-eabi/11.2.1/thumb/v7e-m+fp/hard/crti.o
                0x080049a0                _fini
 .fini          0x080049a4        0x8 c:/program files (x86)/arm gnu toolchain arm-none-eabi/11.2 2022.02/bin/../lib/gcc/arm-none-eabi/11.2.1/thumb/v7e-m+fp/hard/crtn.o
                0x080049ac                . = ALIGN (0x4)
                0x080049ac                _etext = .

.vfp11_veneer   0x080049ac        0x0
 .vfp11_veneer  0x080049ac        0x0 linker stubs

.v4_bx          0x080049ac        0x0
 .v4_bx         0x080049ac        0x0 linker stubs

.iplt           0x080049ac        0x0
 .iplt          0x080049ac        0x0 c:/program files (x86)/arm gnu toolchain arm-none-eabi/11.2 2022.02/bin/../lib/gcc/arm-none-eabi/11.2.1/thumb/v7e-m+fp/hard/crtbegin.o

.rodata         0x080049ac       0x24
                0x080049ac                . = ALIGN (0x4)
 *(.rodata)
 *(.rodata*)
 .rodata.flagBitshiftOffset.0
                0x080049ac        0x8 ../STM32CUBEMX/build/stm32f4xx_hal_dma.o
 .rodata.AHBPrescTable
                0x080049b4       0x10 ../STM32CUBEMX/build/system_stm32f4xx.o
                0x080049b4                AHBPrescTable
 .rodata.APBPrescTable
                0x080049c4        0x8 ../STM32CUBEMX/build/system_stm32f4xx.o
                0x080049c4                APBPrescTable
 .rodata.angle_led_ConstP
                0x080049cc        0x3 ../STM32CUBEMX/build/angle_led_data.o
                0x080049cc                angle_led_ConstP
                0x080049d0                . = ALIGN (0x4)
 *fill*         0x080049cf        0x1 

.ARM.extab
 *(.ARM.extab* .gnu.linkonce.armextab.*)

.ARM            0x080049d0        0x8
                0x080049d0                __exidx_start = .
 *(.ARM.exidx*)
 .ARM.exidx.text.__udivmoddi4
                0x080049d0        0x8 c:/program files (x86)/arm gnu toolchain arm-none-eabi/11.2 2022.02/bin/../lib/gcc/arm-none-eabi/11.2.1/thumb/v7e-m+fp/hard\libgcc.a(_udivmoddi4.o)
                0x080049d8                __exidx_end = .

.rel.dyn        0x080049d8        0x0
 .rel.iplt      0x080049d8        0x0 c:/program files (x86)/arm gnu toolchain arm-none-eabi/11.2 2022.02/bin/../lib/gcc/arm-none-eabi/11.2.1/thumb/v7e-m+fp/hard/crtbegin.o

.preinit_array  0x080049d8        0x0
                0x080049d8                PROVIDE (__preinit_array_start = .)
 *(.preinit_array*)
                0x080049d8                PROVIDE (__preinit_array_end = .)

.init_array     0x080049d8        0x4
                0x080049d8                PROVIDE (__init_array_start = .)
 *(SORT_BY_NAME(.init_array.*))
 *(.init_array*)
 .init_array    0x080049d8        0x4 c:/program files (x86)/arm gnu toolchain arm-none-eabi/11.2 2022.02/bin/../lib/gcc/arm-none-eabi/11.2.1/thumb/v7e-m+fp/hard/crtbegin.o
                0x080049dc                PROVIDE (__init_array_end = .)

.fini_array     0x080049dc        0x4
                [!provide]                PROVIDE (__fini_array_start = .)
 *(SORT_BY_NAME(.fini_array.*))
 *(.fini_array*)
 .fini_array    0x080049dc        0x4 c:/program files (x86)/arm gnu toolchain arm-none-eabi/11.2 2022.02/bin/../lib/gcc/arm-none-eabi/11.2.1/thumb/v7e-m+fp/hard/crtbegin.o
                [!provide]                PROVIDE (__fini_array_end = .)
                0x080049e0                _sidata = LOADADDR (.data)

.data           0x20000000        0xc load address 0x080049e0
                0x20000000                . = ALIGN (0x4)
                0x20000000                _sdata = .
 *(.data)
 *(.data*)
 .data.uwTickFreq
                0x20000000        0x1 ../STM32CUBEMX/build/stm32f4xx_hal.o
                0x20000000                uwTickFreq
 *fill*         0x20000001        0x3 
 .data.uwTickPrio
                0x20000004        0x4 ../STM32CUBEMX/build/stm32f4xx_hal.o
                0x20000004                uwTickPrio
 .data.SystemCoreClock
                0x20000008        0x4 ../STM32CUBEMX/build/system_stm32f4xx.o
                0x20000008                SystemCoreClock
                0x2000000c                . = ALIGN (0x4)
                0x2000000c                _edata = .
                0x080049ec                _siccmram = LOADADDR (.ccmram)

.tm_clone_table
                0x2000000c        0x0 load address 0x080049ec
 .tm_clone_table
                0x2000000c        0x0 c:/program files (x86)/arm gnu toolchain arm-none-eabi/11.2 2022.02/bin/../lib/gcc/arm-none-eabi/11.2.1/thumb/v7e-m+fp/hard/crtbegin.o
 .tm_clone_table
                0x2000000c        0x0 c:/program files (x86)/arm gnu toolchain arm-none-eabi/11.2 2022.02/bin/../lib/gcc/arm-none-eabi/11.2.1/thumb/v7e-m+fp/hard/crtend.o

.igot.plt       0x2000000c        0x0 load address 0x080049ec
 .igot.plt      0x2000000c        0x0 c:/program files (x86)/arm gnu toolchain arm-none-eabi/11.2 2022.02/bin/../lib/gcc/arm-none-eabi/11.2.1/thumb/v7e-m+fp/hard/crtbegin.o

.ccmram         0x10000000        0x0 load address 0x080049ec
                0x10000000                . = ALIGN (0x4)
                0x10000000                _sccmram = .
 *(.ccmram)
 *(.ccmram*)
                0x10000000                . = ALIGN (0x4)
                0x10000000                _eccmram = .
                0x10000000                . = ALIGN (0x4)

.bss            0x2000000c      0x88c
                0x2000000c                _sbss = .
                0x2000000c                __bss_start__ = _sbss
 *(.bss)
 *(.bss*)
 .bss.completed.1
                0x2000000c        0x1 c:/program files (x86)/arm gnu toolchain arm-none-eabi/11.2 2022.02/bin/../lib/gcc/arm-none-eabi/11.2.1/thumb/v7e-m+fp/hard/crtbegin.o
 *fill*         0x2000000d        0x3 
 .bss.object.0  0x20000010       0x18 c:/program files (x86)/arm gnu toolchain arm-none-eabi/11.2 2022.02/bin/../lib/gcc/arm-none-eabi/11.2.1/thumb/v7e-m+fp/hard/crtbegin.o
 .bss.adc_rawvalue
                0x20000028       0x14 ../STM32CUBEMX/build/adc.o
                0x20000028                adc_rawvalue
 .bss.adc_zerooffset
                0x2000003c        0x4 ../STM32CUBEMX/build/adc.o
                0x2000003c                adc_zerooffset
 .bss.hadc1     0x20000040       0x48 ../STM32CUBEMX/build/adc.o
                0x20000040                hadc1
 .bss.hadc2     0x20000088       0x48 ../STM32CUBEMX/build/adc.o
                0x20000088                hadc2
 .bss.hdma_adc1
                0x200000d0       0x60 ../STM32CUBEMX/build/adc.o
                0x200000d0                hdma_adc1
 .bss.hdma_adc2
                0x20000130       0x60 ../STM32CUBEMX/build/adc.o
                0x20000130                hdma_adc2
 .bss.simulinkRunFlag
                0x20000190        0x8 ../STM32CUBEMX/build/adc.o
                0x20000190                simulinkRunFlag
 .bss.tim3cnt   0x20000198        0x2 ../STM32CUBEMX/build/adc.o
                0x20000198                tim3cnt
 .bss.tim8cnt   0x2000019a        0x2 ../STM32CUBEMX/build/adc.o
                0x2000019a                tim8cnt
 .bss.hdma_tim4_ch1
                0x2000019c       0x60 ../STM32CUBEMX/build/tim.o
                0x2000019c                hdma_tim4_ch1
 .bss.hdma_tim4_ch2
                0x200001fc       0x60 ../STM32CUBEMX/build/tim.o
                0x200001fc                hdma_tim4_ch2
 .bss.htim2     0x2000025c       0x48 ../STM32CUBEMX/build/tim.o
                0x2000025c                htim2
 .bss.htim3     0x200002a4       0x48 ../STM32CUBEMX/build/tim.o
                0x200002a4                htim3
 .bss.htim4     0x200002ec       0x48 ../STM32CUBEMX/build/tim.o
                0x200002ec                htim4
 .bss.htim5     0x20000334       0x48 ../STM32CUBEMX/build/tim.o
                0x20000334                htim5
 .bss.htim7     0x2000037c       0x48 ../STM32CUBEMX/build/tim.o
                0x2000037c                htim7
 .bss.htim8     0x200003c4       0x48 ../STM32CUBEMX/build/tim.o
                0x200003c4                htim8
 .bss.DMA_NDTR  0x2000040c        0x2 ../STM32CUBEMX/build/usart.o
                0x2000040c                DMA_NDTR
 *fill*         0x2000040e        0x2 
 .bss.HI226_Angle
                0x20000410        0x6 ../STM32CUBEMX/build/usart.o
                0x20000410                HI226_Angle
 *fill*         0x20000416        0x2 
 .bss.HI226_AngleV
                0x20000418        0x6 ../STM32CUBEMX/build/usart.o
                0x20000418                HI226_AngleV
 .bss.HI226_Calccrc
                0x2000041e        0x2 ../STM32CUBEMX/build/usart.o
                0x2000041e                HI226_Calccrc
 .bss.HI226_ErrorCount
                0x20000420        0x2 ../STM32CUBEMX/build/usart.o
                0x20000420                HI226_ErrorCount
 .bss.HI226_FreqCount
                0x20000422        0x2 ../STM32CUBEMX/build/usart.o
                0x20000422                HI226_FreqCount
 .bss.HI226_Recvcrc
                0x20000424        0x2 ../STM32CUBEMX/build/usart.o
                0x20000424                HI226_Recvcrc
 .bss.HI226_len
                0x20000426        0x2 ../STM32CUBEMX/build/usart.o
                0x20000426                HI226_len
 .bss.UART1_DMA_NDTR
                0x20000428        0x2 ../STM32CUBEMX/build/usart.o
                0x20000428                UART1_DMA_NDTR
 *fill*         0x2000042a        0x2 
 .bss.USART1_Software_FIFO
                0x2000042c      0x108 ../STM32CUBEMX/build/usart.o
                0x2000042c                USART1_Software_FIFO
 .bss.Uart1DMAData
                0x20000534       0x68 ../STM32CUBEMX/build/usart.o
                0x20000534                Uart1DMAData
 .bss.hdma_usart1_rx
                0x2000059c       0x60 ../STM32CUBEMX/build/usart.o
                0x2000059c                hdma_usart1_rx
 .bss.hdma_usart1_tx
                0x200005fc       0x60 ../STM32CUBEMX/build/usart.o
                0x200005fc                hdma_usart1_tx
 .bss.hdma_usart3_rx
                0x2000065c       0x60 ../STM32CUBEMX/build/usart.o
                0x2000065c                hdma_usart3_rx
 .bss.huart1    0x200006bc       0x44 ../STM32CUBEMX/build/usart.o
                0x200006bc                huart1
 .bss.huart3    0x20000700       0x44 ../STM32CUBEMX/build/usart.o
                0x20000700                huart3
 .bss.huart4    0x20000744       0x44 ../STM32CUBEMX/build/usart.o
                0x20000744                huart4
 .bss.huart5    0x20000788       0x44 ../STM32CUBEMX/build/usart.o
                0x20000788                huart5
 .bss.uart3rx_bufnum
                0x200007cc        0x2 ../STM32CUBEMX/build/usart.o
                0x200007cc                uart3rx_bufnum
 *fill*         0x200007ce        0x2 
 .bss.uwTick    0x200007d0        0x4 ../STM32CUBEMX/build/stm32f4xx_hal.o
                0x200007d0                uwTick
 .bss.angle_led_B
                0x200007d4       0x2c ../STM32CUBEMX/build/angle_led.o
                0x200007d4                angle_led_B
 .bss.angle_led_DW
                0x20000800        0x4 ../STM32CUBEMX/build/angle_led.o
                0x20000800                angle_led_DW
 .bss.HI226_Freq
                0x20000804        0x2 ../STM32CUBEMX/build/main.o
                0x20000804                HI226_Freq
 *fill*         0x20000806        0x2 
 .bss.Uart3DMABuffer
                0x20000808       0x32 ../STM32CUBEMX/build/main.o
                0x20000808                Uart3DMABuffer
 *fill*         0x2000083a        0x2 
 .bss.adc1_DMAData
                0x2000083c       0x14 ../STM32CUBEMX/build/main.o
                0x2000083c                adc1_DMAData
 .bss.adc2_DMAData
                0x20000850       0x14 ../STM32CUBEMX/build/main.o
                0x20000850                adc2_DMAData
 .bss.adcrunfreq
                0x20000864        0x8 ../STM32CUBEMX/build/main.o
                0x20000864                adcrunfreq
 .bss.motor1_PwmData
                0x2000086c        0x2 ../STM32CUBEMX/build/main.o
                0x2000086c                motor1_PwmData
 *fill*         0x2000086e        0x2 
 .bss.motor1_speed
                0x20000870        0x4 ../STM32CUBEMX/build/main.o
                0x20000870                motor1_speed
 .bss.motor2_PwmData
                0x20000874        0x2 ../STM32CUBEMX/build/main.o
                0x20000874                motor2_PwmData
 *fill*         0x20000876        0x2 
 .bss.motor2_speed
                0x20000878        0x4 ../STM32CUBEMX/build/main.o
                0x20000878                motor2_speed
 .bss.simulinkOverrunCount
                0x2000087c        0x4 ../STM32CUBEMX/build/main.o
                0x2000087c                simulinkOverrunCount
 .bss.time2_enc
                0x20000880        0x8 ../STM32CUBEMX/build/main.o
                0x20000880                time2_enc
 .bss.time5_enc
                0x20000888        0x8 ../STM32CUBEMX/build/main.o
                0x20000888                time5_enc
 .bss.time_1ms_count
                0x20000890        0x4 ../STM32CUBEMX/build/main.o
                0x20000890                time_1ms_count
 .bss.ws2812_data
                0x20000894        0x3 ../STM32CUBEMX/build/main.o
                0x20000894                ws2812_data
 *(COMMON)
                0x20000898                . = ALIGN (0x4)
 *fill*         0x20000897        0x1 
                0x20000898                _ebss = .
                0x20000898                __bss_end__ = _ebss

._user_heap_stack
                0x20000898      0x600
                0x20000898                . = ALIGN (0x8)
                [!provide]                PROVIDE (end = .)
                [!provide]                PROVIDE (_end = .)
                0x20000a98                . = (. + _Min_Heap_Size)
 *fill*         0x20000898      0x200 
                0x20000e98                . = (. + _Min_Stack_Size)
 *fill*         0x20000a98      0x400 
                0x20000e98                . = ALIGN (0x8)

/DISCARD/
 libc.a(*)
 libm.a(*)
 libgcc.a(*)

.ARM.attributes
                0x00000000       0x30
 *(.ARM.attributes)
 .ARM.attributes
                0x00000000       0x1e c:/program files (x86)/arm gnu toolchain arm-none-eabi/11.2 2022.02/bin/../lib/gcc/arm-none-eabi/11.2.1/thumb/v7e-m+fp/hard/crti.o
 .ARM.attributes
                0x0000001e       0x34 c:/program files (x86)/arm gnu toolchain arm-none-eabi/11.2 2022.02/bin/../lib/gcc/arm-none-eabi/11.2.1/thumb/v7e-m+fp/hard/crtbegin.o
 .ARM.attributes
                0x00000052       0x34 ../STM32CUBEMX/build/gpio.o
 .ARM.attributes
                0x00000086       0x34 ../STM32CUBEMX/build/adc.o
 .ARM.attributes
                0x000000ba       0x34 ../STM32CUBEMX/build/dma.o
 .ARM.attributes
                0x000000ee       0x34 ../STM32CUBEMX/build/tim.o
 .ARM.attributes
                0x00000122       0x34 ../STM32CUBEMX/build/usart.o
 .ARM.attributes
                0x00000156       0x34 ../STM32CUBEMX/build/stm32f4xx_it.o
 .ARM.attributes
                0x0000018a       0x34 ../STM32CUBEMX/build/stm32f4xx_hal_msp.o
 .ARM.attributes
                0x000001be       0x34 ../STM32CUBEMX/build/stm32f4xx_hal_adc.o
 .ARM.attributes
                0x000001f2       0x34 ../STM32CUBEMX/build/stm32f4xx_hal_rcc.o
 .ARM.attributes
                0x00000226       0x34 ../STM32CUBEMX/build/stm32f4xx_hal_gpio.o
 .ARM.attributes
                0x0000025a       0x34 ../STM32CUBEMX/build/stm32f4xx_hal_dma.o
 .ARM.attributes
                0x0000028e       0x34 ../STM32CUBEMX/build/stm32f4xx_hal_cortex.o
 .ARM.attributes
                0x000002c2       0x34 ../STM32CUBEMX/build/stm32f4xx_hal.o
 .ARM.attributes
                0x000002f6       0x34 ../STM32CUBEMX/build/stm32f4xx_hal_tim.o
 .ARM.attributes
                0x0000032a       0x34 ../STM32CUBEMX/build/stm32f4xx_hal_tim_ex.o
 .ARM.attributes
                0x0000035e       0x34 ../STM32CUBEMX/build/stm32f4xx_hal_uart.o
 .ARM.attributes
                0x00000392       0x34 ../STM32CUBEMX/build/system_stm32f4xx.o
 .ARM.attributes
                0x000003c6       0x34 ../STM32CUBEMX/build/uart_fifo.o
 .ARM.attributes
                0x000003fa       0x34 ../STM32CUBEMX/build/angle_led.o
 .ARM.attributes
                0x0000042e       0x34 ../STM32CUBEMX/build/angle_led_data.o
 .ARM.attributes
                0x00000462       0x34 ../STM32CUBEMX/build/main.o
 .ARM.attributes
                0x00000496       0x21 ../STM32CUBEMX/build/startup_stm32f405xx.o
 .ARM.attributes
                0x000004b7       0x34 c:/program files (x86)/arm gnu toolchain arm-none-eabi/11.2 2022.02/bin/../lib/gcc/arm-none-eabi/11.2.1/thumb/v7e-m+fp/hard\libc_nano.a(lib_a-init.o)
 .ARM.attributes
                0x000004eb       0x34 c:/program files (x86)/arm gnu toolchain arm-none-eabi/11.2 2022.02/bin/../lib/gcc/arm-none-eabi/11.2.1/thumb/v7e-m+fp/hard\libc_nano.a(lib_a-memcpy-stub.o)
 .ARM.attributes
                0x0000051f       0x34 c:/program files (x86)/arm gnu toolchain arm-none-eabi/11.2 2022.02/bin/../lib/gcc/arm-none-eabi/11.2.1/thumb/v7e-m+fp/hard\libc_nano.a(lib_a-memset.o)
 .ARM.attributes
                0x00000553       0x1e c:/program files (x86)/arm gnu toolchain arm-none-eabi/11.2 2022.02/bin/../lib/gcc/arm-none-eabi/11.2.1/thumb/v7e-m+fp/hard\libgcc.a(_aeabi_uldivmod.o)
 .ARM.attributes
                0x00000571       0x34 c:/program files (x86)/arm gnu toolchain arm-none-eabi/11.2 2022.02/bin/../lib/gcc/arm-none-eabi/11.2.1/thumb/v7e-m+fp/hard\libgcc.a(_udivmoddi4.o)
 .ARM.attributes
                0x000005a5       0x1e c:/program files (x86)/arm gnu toolchain arm-none-eabi/11.2 2022.02/bin/../lib/gcc/arm-none-eabi/11.2.1/thumb/v7e-m+fp/hard\libgcc.a(_dvmd_tls.o)
 .ARM.attributes
                0x000005c3       0x34 c:/program files (x86)/arm gnu toolchain arm-none-eabi/11.2 2022.02/bin/../lib/gcc/arm-none-eabi/11.2.1/thumb/v7e-m+fp/hard/crtend.o
 .ARM.attributes
                0x000005f7       0x1e c:/program files (x86)/arm gnu toolchain arm-none-eabi/11.2 2022.02/bin/../lib/gcc/arm-none-eabi/11.2.1/thumb/v7e-m+fp/hard/crtn.o
OUTPUT(../STM32CUBEMX/build/angle_led.elf elf32-littlearm)
LOAD linker stubs
LOAD c:/program files (x86)/arm gnu toolchain arm-none-eabi/11.2 2022.02/bin/../lib/gcc/arm-none-eabi/11.2.1/thumb/v7e-m+fp/hard\libc.a
LOAD c:/program files (x86)/arm gnu toolchain arm-none-eabi/11.2 2022.02/bin/../lib/gcc/arm-none-eabi/11.2.1/thumb/v7e-m+fp/hard\libm.a
LOAD c:/program files (x86)/arm gnu toolchain arm-none-eabi/11.2 2022.02/bin/../lib/gcc/arm-none-eabi/11.2.1/thumb/v7e-m+fp/hard\libgcc.a

.comment        0x00000000       0x57
 .comment       0x00000000       0x57 c:/program files (x86)/arm gnu toolchain arm-none-eabi/11.2 2022.02/bin/../lib/gcc/arm-none-eabi/11.2.1/thumb/v7e-m+fp/hard/crtbegin.o
                                 0x58 (size before relaxing)
 .comment       0x00000057       0x58 ../STM32CUBEMX/build/gpio.o
 .comment       0x00000057       0x58 ../STM32CUBEMX/build/adc.o
 .comment       0x00000057       0x58 ../STM32CUBEMX/build/dma.o
 .comment       0x00000057       0x58 ../STM32CUBEMX/build/tim.o
 .comment       0x00000057       0x58 ../STM32CUBEMX/build/usart.o
 .comment       0x00000057       0x58 ../STM32CUBEMX/build/stm32f4xx_it.o
 .comment       0x00000057       0x58 ../STM32CUBEMX/build/stm32f4xx_hal_msp.o
 .comment       0x00000057       0x58 ../STM32CUBEMX/build/stm32f4xx_hal_adc.o
 .comment       0x00000057       0x58 ../STM32CUBEMX/build/stm32f4xx_hal_rcc.o
 .comment       0x00000057       0x58 ../STM32CUBEMX/build/stm32f4xx_hal_gpio.o
 .comment       0x00000057       0x58 ../STM32CUBEMX/build/stm32f4xx_hal_dma.o
 .comment       0x00000057       0x58 ../STM32CUBEMX/build/stm32f4xx_hal_cortex.o
 .comment       0x00000057       0x58 ../STM32CUBEMX/build/stm32f4xx_hal.o
 .comment       0x00000057       0x58 ../STM32CUBEMX/build/stm32f4xx_hal_tim.o
 .comment       0x00000057       0x58 ../STM32CUBEMX/build/stm32f4xx_hal_tim_ex.o
 .comment       0x00000057       0x58 ../STM32CUBEMX/build/stm32f4xx_hal_uart.o
 .comment       0x00000057       0x58 ../STM32CUBEMX/build/system_stm32f4xx.o
 .comment       0x00000057       0x58 ../STM32CUBEMX/build/uart_fifo.o
 .comment       0x00000057       0x58 ../STM32CUBEMX/build/angle_led.o
 .comment       0x00000057       0x58 ../STM32CUBEMX/build/angle_led_data.o
 .comment       0x00000057       0x58 ../STM32CUBEMX/build/main.o
 .comment       0x00000057       0x58 c:/program files (x86)/arm gnu toolchain arm-none-eabi/11.2 2022.02/bin/../lib/gcc/arm-none-eabi/11.2.1/thumb/v7e-m+fp/hard\libc_nano.a(lib_a-init.o)
 .comment       0x00000057       0x58 c:/program files (x86)/arm gnu toolchain arm-none-eabi/11.2 2022.02/bin/../lib/gcc/arm-none-eabi/11.2.1/thumb/v7e-m+fp/hard\libc_nano.a(lib_a-memcpy-stub.o)
 .comment       0x00000057       0x58 c:/program files (x86)/arm gnu toolchain arm-none-eabi/11.2 2022.02/bin/../lib/gcc/arm-none-eabi/11.2.1/thumb/v7e-m+fp/hard\libc_nano.a(lib_a-memset.o)
 .comment       0x00000057       0x58 c:/program files (x86)/arm gnu toolchain arm-none-eabi/11.2 2022.02/bin/../lib/gcc/arm-none-eabi/11.2.1/thumb/v7e-m+fp/hard\libgcc.a(_udivmoddi4.o)
 .comment       0x00000057       0x58 c:/program files (x86)/arm gnu toolchain arm-none-eabi/11.2 2022.02/bin/../lib/gcc/arm-none-eabi/11.2.1/thumb/v7e-m+fp/hard/crtend.o

.debug_info     0x00000000    0x18f8c
 .debug_info    0x00000000      0x548 ../STM32CUBEMX/build/gpio.o
 .debug_info    0x00000548     0x13b9 ../STM32CUBEMX/build/adc.o
 .debug_info    0x00001901      0x6a6 ../STM32CUBEMX/build/dma.o
 .debug_info    0x00001fa7     0x1c3b ../STM32CUBEMX/build/tim.o
 .debug_info    0x00003be2     0x18b8 ../STM32CUBEMX/build/usart.o
 .debug_info    0x0000549a      0xd08 ../STM32CUBEMX/build/stm32f4xx_it.o
 .debug_info    0x000061a2      0x2eb ../STM32CUBEMX/build/stm32f4xx_hal_msp.o
 .debug_info    0x0000648d     0x1039 ../STM32CUBEMX/build/stm32f4xx_hal_adc.o
 .debug_info    0x000074c6      0xc0a ../STM32CUBEMX/build/stm32f4xx_hal_rcc.o
 .debug_info    0x000080d0      0x848 ../STM32CUBEMX/build/stm32f4xx_hal_gpio.o
 .debug_info    0x00008918      0xbce ../STM32CUBEMX/build/stm32f4xx_hal_dma.o
 .debug_info    0x000094e6     0x1168 ../STM32CUBEMX/build/stm32f4xx_hal_cortex.o
 .debug_info    0x0000a64e      0xae8 ../STM32CUBEMX/build/stm32f4xx_hal.o
 .debug_info    0x0000b136     0x40c2 ../STM32CUBEMX/build/stm32f4xx_hal_tim.o
 .debug_info    0x0000f1f8     0x1d52 ../STM32CUBEMX/build/stm32f4xx_hal_tim_ex.o
 .debug_info    0x00010f4a     0x4425 ../STM32CUBEMX/build/stm32f4xx_hal_uart.o
 .debug_info    0x0001536f      0x5b3 ../STM32CUBEMX/build/system_stm32f4xx.o
 .debug_info    0x00015922      0x79d ../STM32CUBEMX/build/uart_fifo.o
 .debug_info    0x000160bf      0xba4 ../STM32CUBEMX/build/angle_led.o
 .debug_info    0x00016c63       0xc6 ../STM32CUBEMX/build/angle_led_data.o
 .debug_info    0x00016d29     0x180a ../STM32CUBEMX/build/main.o
 .debug_info    0x00018533       0x22 ../STM32CUBEMX/build/startup_stm32f405xx.o
 .debug_info    0x00018555      0x10b c:/program files (x86)/arm gnu toolchain arm-none-eabi/11.2 2022.02/bin/../lib/gcc/arm-none-eabi/11.2.1/thumb/v7e-m+fp/hard\libc_nano.a(lib_a-init.o)
 .debug_info    0x00018660      0x121 c:/program files (x86)/arm gnu toolchain arm-none-eabi/11.2 2022.02/bin/../lib/gcc/arm-none-eabi/11.2.1/thumb/v7e-m+fp/hard\libc_nano.a(lib_a-memcpy-stub.o)
 .debug_info    0x00018781       0xe0 c:/program files (x86)/arm gnu toolchain arm-none-eabi/11.2 2022.02/bin/../lib/gcc/arm-none-eabi/11.2.1/thumb/v7e-m+fp/hard\libc_nano.a(lib_a-memset.o)
 .debug_info    0x00018861       0x24 c:/program files (x86)/arm gnu toolchain arm-none-eabi/11.2 2022.02/bin/../lib/gcc/arm-none-eabi/11.2.1/thumb/v7e-m+fp/hard\libgcc.a(_aeabi_uldivmod.o)
 .debug_info    0x00018885      0x6e3 c:/program files (x86)/arm gnu toolchain arm-none-eabi/11.2 2022.02/bin/../lib/gcc/arm-none-eabi/11.2.1/thumb/v7e-m+fp/hard\libgcc.a(_udivmoddi4.o)
 .debug_info    0x00018f68       0x24 c:/program files (x86)/arm gnu toolchain arm-none-eabi/11.2 2022.02/bin/../lib/gcc/arm-none-eabi/11.2.1/thumb/v7e-m+fp/hard\libgcc.a(_dvmd_tls.o)

.debug_abbrev   0x00000000     0x336a
 .debug_abbrev  0x00000000      0x160 ../STM32CUBEMX/build/gpio.o
 .debug_abbrev  0x00000160      0x2b1 ../STM32CUBEMX/build/adc.o
 .debug_abbrev  0x00000411      0x12f ../STM32CUBEMX/build/dma.o
 .debug_abbrev  0x00000540      0x28b ../STM32CUBEMX/build/tim.o
 .debug_abbrev  0x000007cb      0x387 ../STM32CUBEMX/build/usart.o
 .debug_abbrev  0x00000b52      0x1ec ../STM32CUBEMX/build/stm32f4xx_it.o
 .debug_abbrev  0x00000d3e       0xd3 ../STM32CUBEMX/build/stm32f4xx_hal_msp.o
 .debug_abbrev  0x00000e11      0x2c7 ../STM32CUBEMX/build/stm32f4xx_hal_adc.o
 .debug_abbrev  0x000010d8      0x2de ../STM32CUBEMX/build/stm32f4xx_hal_rcc.o
 .debug_abbrev  0x000013b6      0x22b ../STM32CUBEMX/build/stm32f4xx_hal_gpio.o
 .debug_abbrev  0x000015e1      0x2fe ../STM32CUBEMX/build/stm32f4xx_hal_dma.o
 .debug_abbrev  0x000018df      0x371 ../STM32CUBEMX/build/stm32f4xx_hal_cortex.o
 .debug_abbrev  0x00001c50      0x244 ../STM32CUBEMX/build/stm32f4xx_hal.o
 .debug_abbrev  0x00001e94      0x2b6 ../STM32CUBEMX/build/stm32f4xx_hal_tim.o
 .debug_abbrev  0x0000214a      0x2b0 ../STM32CUBEMX/build/stm32f4xx_hal_tim_ex.o
 .debug_abbrev  0x000023fa      0x36f ../STM32CUBEMX/build/stm32f4xx_hal_uart.o
 .debug_abbrev  0x00002769      0x11b ../STM32CUBEMX/build/system_stm32f4xx.o
 .debug_abbrev  0x00002884      0x1d5 ../STM32CUBEMX/build/uart_fifo.o
 .debug_abbrev  0x00002a59      0x1d6 ../STM32CUBEMX/build/angle_led.o
 .debug_abbrev  0x00002c2f       0x90 ../STM32CUBEMX/build/angle_led_data.o
 .debug_abbrev  0x00002cbf      0x2df ../STM32CUBEMX/build/main.o
 .debug_abbrev  0x00002f9e       0x12 ../STM32CUBEMX/build/startup_stm32f405xx.o
 .debug_abbrev  0x00002fb0       0xc9 c:/program files (x86)/arm gnu toolchain arm-none-eabi/11.2 2022.02/bin/../lib/gcc/arm-none-eabi/11.2.1/thumb/v7e-m+fp/hard\libc_nano.a(lib_a-init.o)
 .debug_abbrev  0x00003079       0xc1 c:/program files (x86)/arm gnu toolchain arm-none-eabi/11.2 2022.02/bin/../lib/gcc/arm-none-eabi/11.2.1/thumb/v7e-m+fp/hard\libc_nano.a(lib_a-memcpy-stub.o)
 .debug_abbrev  0x0000313a       0x9e c:/program files (x86)/arm gnu toolchain arm-none-eabi/11.2 2022.02/bin/../lib/gcc/arm-none-eabi/11.2.1/thumb/v7e-m+fp/hard\libc_nano.a(lib_a-memset.o)
 .debug_abbrev  0x000031d8       0x14 c:/program files (x86)/arm gnu toolchain arm-none-eabi/11.2 2022.02/bin/../lib/gcc/arm-none-eabi/11.2.1/thumb/v7e-m+fp/hard\libgcc.a(_aeabi_uldivmod.o)
 .debug_abbrev  0x000031ec      0x16a c:/program files (x86)/arm gnu toolchain arm-none-eabi/11.2 2022.02/bin/../lib/gcc/arm-none-eabi/11.2.1/thumb/v7e-m+fp/hard\libgcc.a(_udivmoddi4.o)
 .debug_abbrev  0x00003356       0x14 c:/program files (x86)/arm gnu toolchain arm-none-eabi/11.2 2022.02/bin/../lib/gcc/arm-none-eabi/11.2.1/thumb/v7e-m+fp/hard\libgcc.a(_dvmd_tls.o)

.debug_loc      0x00000000    0x119e6
 .debug_loc     0x00000000       0x38 ../STM32CUBEMX/build/gpio.o
 .debug_loc     0x00000038      0x3d6 ../STM32CUBEMX/build/adc.o
 .debug_loc     0x0000040e       0x38 ../STM32CUBEMX/build/dma.o
 .debug_loc     0x00000446      0x5a6 ../STM32CUBEMX/build/tim.o
 .debug_loc     0x000009ec      0x6ab ../STM32CUBEMX/build/usart.o
 .debug_loc     0x00001097      0x160 ../STM32CUBEMX/build/stm32f4xx_it.o
 .debug_loc     0x000011f7       0x2c ../STM32CUBEMX/build/stm32f4xx_hal_msp.o
 .debug_loc     0x00001223      0xeba ../STM32CUBEMX/build/stm32f4xx_hal_adc.o
 .debug_loc     0x000020dd      0x6e4 ../STM32CUBEMX/build/stm32f4xx_hal_rcc.o
 .debug_loc     0x000027c1      0x5db ../STM32CUBEMX/build/stm32f4xx_hal_gpio.o
 .debug_loc     0x00002d9c      0xd6d ../STM32CUBEMX/build/stm32f4xx_hal_dma.o
 .debug_loc     0x00003b09      0x831 ../STM32CUBEMX/build/stm32f4xx_hal_cortex.o
 .debug_loc     0x0000433a      0x1e1 ../STM32CUBEMX/build/stm32f4xx_hal.o
 .debug_loc     0x0000451b     0x5be0 ../STM32CUBEMX/build/stm32f4xx_hal_tim.o
 .debug_loc     0x0000a0fb     0x2161 ../STM32CUBEMX/build/stm32f4xx_hal_tim_ex.o
 .debug_loc     0x0000c25c     0x4f99 ../STM32CUBEMX/build/stm32f4xx_hal_uart.o
 .debug_loc     0x000111f5      0x158 ../STM32CUBEMX/build/system_stm32f4xx.o
 .debug_loc     0x0001134d      0x583 ../STM32CUBEMX/build/uart_fifo.o
 .debug_loc     0x000118d0       0x64 ../STM32CUBEMX/build/angle_led.o
 .debug_loc     0x00011934       0xb2 ../STM32CUBEMX/build/main.o

.debug_aranges  0x00000000      0xf70
 .debug_aranges
                0x00000000       0x20 ../STM32CUBEMX/build/gpio.o
 .debug_aranges
                0x00000020       0x48 ../STM32CUBEMX/build/adc.o
 .debug_aranges
                0x00000068       0x20 ../STM32CUBEMX/build/dma.o
 .debug_aranges
                0x00000088       0x80 ../STM32CUBEMX/build/tim.o
 .debug_aranges
                0x00000108       0x70 ../STM32CUBEMX/build/usart.o
 .debug_aranges
                0x00000178       0xb0 ../STM32CUBEMX/build/stm32f4xx_it.o
 .debug_aranges
                0x00000228       0x20 ../STM32CUBEMX/build/stm32f4xx_hal_msp.o
 .debug_aranges
                0x00000248       0xe8 ../STM32CUBEMX/build/stm32f4xx_hal_adc.o
 .debug_aranges
                0x00000330       0x88 ../STM32CUBEMX/build/stm32f4xx_hal_rcc.o
 .debug_aranges
                0x000003b8       0x58 ../STM32CUBEMX/build/stm32f4xx_hal_gpio.o
 .debug_aranges
                0x00000410       0x90 ../STM32CUBEMX/build/stm32f4xx_hal_dma.o
 .debug_aranges
                0x000004a0       0xa8 ../STM32CUBEMX/build/stm32f4xx_hal_cortex.o
 .debug_aranges
                0x00000548       0xf0 ../STM32CUBEMX/build/stm32f4xx_hal.o
 .debug_aranges
                0x00000638      0x3d0 ../STM32CUBEMX/build/stm32f4xx_hal_tim.o
 .debug_aranges
                0x00000a08      0x168 ../STM32CUBEMX/build/stm32f4xx_hal_tim_ex.o
 .debug_aranges
                0x00000b70      0x200 ../STM32CUBEMX/build/stm32f4xx_hal_uart.o
 .debug_aranges
                0x00000d70       0x28 ../STM32CUBEMX/build/system_stm32f4xx.o
 .debug_aranges
                0x00000d98       0x68 ../STM32CUBEMX/build/uart_fifo.o
 .debug_aranges
                0x00000e00       0x30 ../STM32CUBEMX/build/angle_led.o
 .debug_aranges
                0x00000e30       0x18 ../STM32CUBEMX/build/angle_led_data.o
 .debug_aranges
                0x00000e48       0x40 ../STM32CUBEMX/build/main.o
 .debug_aranges
                0x00000e88       0x28 ../STM32CUBEMX/build/startup_stm32f405xx.o
 .debug_aranges
                0x00000eb0       0x20 c:/program files (x86)/arm gnu toolchain arm-none-eabi/11.2 2022.02/bin/../lib/gcc/arm-none-eabi/11.2.1/thumb/v7e-m+fp/hard\libc_nano.a(lib_a-init.o)
 .debug_aranges
                0x00000ed0       0x20 c:/program files (x86)/arm gnu toolchain arm-none-eabi/11.2 2022.02/bin/../lib/gcc/arm-none-eabi/11.2.1/thumb/v7e-m+fp/hard\libc_nano.a(lib_a-memcpy-stub.o)
 .debug_aranges
                0x00000ef0       0x20 c:/program files (x86)/arm gnu toolchain arm-none-eabi/11.2 2022.02/bin/../lib/gcc/arm-none-eabi/11.2.1/thumb/v7e-m+fp/hard\libc_nano.a(lib_a-memset.o)
 .debug_aranges
                0x00000f10       0x20 c:/program files (x86)/arm gnu toolchain arm-none-eabi/11.2 2022.02/bin/../lib/gcc/arm-none-eabi/11.2.1/thumb/v7e-m+fp/hard\libgcc.a(_aeabi_uldivmod.o)
 .debug_aranges
                0x00000f30       0x20 c:/program files (x86)/arm gnu toolchain arm-none-eabi/11.2 2022.02/bin/../lib/gcc/arm-none-eabi/11.2.1/thumb/v7e-m+fp/hard\libgcc.a(_udivmoddi4.o)
 .debug_aranges
                0x00000f50       0x20 c:/program files (x86)/arm gnu toolchain arm-none-eabi/11.2 2022.02/bin/../lib/gcc/arm-none-eabi/11.2.1/thumb/v7e-m+fp/hard\libgcc.a(_dvmd_tls.o)

.debug_ranges   0x00000000      0xea0
 .debug_ranges  0x00000000       0x10 ../STM32CUBEMX/build/gpio.o
 .debug_ranges  0x00000010       0x80 ../STM32CUBEMX/build/adc.o
 .debug_ranges  0x00000090       0x10 ../STM32CUBEMX/build/dma.o
 .debug_ranges  0x000000a0       0x70 ../STM32CUBEMX/build/tim.o
 .debug_ranges  0x00000110       0xa8 ../STM32CUBEMX/build/usart.o
 .debug_ranges  0x000001b8       0xa0 ../STM32CUBEMX/build/stm32f4xx_it.o
 .debug_ranges  0x00000258       0x10 ../STM32CUBEMX/build/stm32f4xx_hal_msp.o
 .debug_ranges  0x00000268       0xd8 ../STM32CUBEMX/build/stm32f4xx_hal_adc.o
 .debug_ranges  0x00000340       0x90 ../STM32CUBEMX/build/stm32f4xx_hal_rcc.o
 .debug_ranges  0x000003d0       0x48 ../STM32CUBEMX/build/stm32f4xx_hal_gpio.o
 .debug_ranges  0x00000418       0x80 ../STM32CUBEMX/build/stm32f4xx_hal_dma.o
 .debug_ranges  0x00000498       0xf8 ../STM32CUBEMX/build/stm32f4xx_hal_cortex.o
 .debug_ranges  0x00000590       0xe0 ../STM32CUBEMX/build/stm32f4xx_hal.o
 .debug_ranges  0x00000670      0x3c0 ../STM32CUBEMX/build/stm32f4xx_hal_tim.o
 .debug_ranges  0x00000a30      0x158 ../STM32CUBEMX/build/stm32f4xx_hal_tim_ex.o
 .debug_ranges  0x00000b88      0x208 ../STM32CUBEMX/build/stm32f4xx_hal_uart.o
 .debug_ranges  0x00000d90       0x18 ../STM32CUBEMX/build/system_stm32f4xx.o
 .debug_ranges  0x00000da8       0x70 ../STM32CUBEMX/build/uart_fifo.o
 .debug_ranges  0x00000e18       0x20 ../STM32CUBEMX/build/angle_led.o
 .debug_ranges  0x00000e38       0x48 ../STM32CUBEMX/build/main.o
 .debug_ranges  0x00000e80       0x20 ../STM32CUBEMX/build/startup_stm32f405xx.o

.debug_line     0x00000000    0x13135
 .debug_line    0x00000000      0x22a ../STM32CUBEMX/build/gpio.o
 .debug_line    0x0000022a      0x79b ../STM32CUBEMX/build/adc.o
 .debug_line    0x000009c5      0x1e4 ../STM32CUBEMX/build/dma.o
 .debug_line    0x00000ba9      0xaf3 ../STM32CUBEMX/build/tim.o
 .debug_line    0x0000169c      0xa9f ../STM32CUBEMX/build/usart.o
 .debug_line    0x0000213b      0x419 ../STM32CUBEMX/build/stm32f4xx_it.o
 .debug_line    0x00002554      0x19a ../STM32CUBEMX/build/stm32f4xx_hal_msp.o
 .debug_line    0x000026ee     0x10e1 ../STM32CUBEMX/build/stm32f4xx_hal_adc.o
 .debug_line    0x000037cf      0xb57 ../STM32CUBEMX/build/stm32f4xx_hal_rcc.o
 .debug_line    0x00004326      0x6f9 ../STM32CUBEMX/build/stm32f4xx_hal_gpio.o
 .debug_line    0x00004a1f      0xe78 ../STM32CUBEMX/build/stm32f4xx_hal_dma.o
 .debug_line    0x00005897      0x7d5 ../STM32CUBEMX/build/stm32f4xx_hal_cortex.o
 .debug_line    0x0000606c      0x5c3 ../STM32CUBEMX/build/stm32f4xx_hal.o
 .debug_line    0x0000662f     0x4aea ../STM32CUBEMX/build/stm32f4xx_hal_tim.o
 .debug_line    0x0000b119     0x1d10 ../STM32CUBEMX/build/stm32f4xx_hal_tim_ex.o
 .debug_line    0x0000ce29     0x462f ../STM32CUBEMX/build/stm32f4xx_hal_uart.o
 .debug_line    0x00011458      0x29f ../STM32CUBEMX/build/system_stm32f4xx.o
 .debug_line    0x000116f7      0x59b ../STM32CUBEMX/build/uart_fifo.o
 .debug_line    0x00011c92      0x34d ../STM32CUBEMX/build/angle_led.o
 .debug_line    0x00011fdf       0x4e ../STM32CUBEMX/build/angle_led_data.o
 .debug_line    0x0001202d      0x580 ../STM32CUBEMX/build/main.o
 .debug_line    0x000125ad       0x85 ../STM32CUBEMX/build/startup_stm32f405xx.o
 .debug_line    0x00012632      0x17f c:/program files (x86)/arm gnu toolchain arm-none-eabi/11.2 2022.02/bin/../lib/gcc/arm-none-eabi/11.2.1/thumb/v7e-m+fp/hard\libc_nano.a(lib_a-init.o)
 .debug_line    0x000127b1      0x191 c:/program files (x86)/arm gnu toolchain arm-none-eabi/11.2 2022.02/bin/../lib/gcc/arm-none-eabi/11.2.1/thumb/v7e-m+fp/hard\libc_nano.a(lib_a-memcpy-stub.o)
 .debug_line    0x00012942      0x176 c:/program files (x86)/arm gnu toolchain arm-none-eabi/11.2 2022.02/bin/../lib/gcc/arm-none-eabi/11.2.1/thumb/v7e-m+fp/hard\libc_nano.a(lib_a-memset.o)
 .debug_line    0x00012ab8       0x4e c:/program files (x86)/arm gnu toolchain arm-none-eabi/11.2 2022.02/bin/../lib/gcc/arm-none-eabi/11.2.1/thumb/v7e-m+fp/hard\libgcc.a(_aeabi_uldivmod.o)
 .debug_line    0x00012b06      0x5e5 c:/program files (x86)/arm gnu toolchain arm-none-eabi/11.2 2022.02/bin/../lib/gcc/arm-none-eabi/11.2.1/thumb/v7e-m+fp/hard\libgcc.a(_udivmoddi4.o)
 .debug_line    0x000130eb       0x4a c:/program files (x86)/arm gnu toolchain arm-none-eabi/11.2 2022.02/bin/../lib/gcc/arm-none-eabi/11.2.1/thumb/v7e-m+fp/hard\libgcc.a(_dvmd_tls.o)

.debug_str      0x00000000     0x5307
 .debug_str     0x00000000      0x312 ../STM32CUBEMX/build/gpio.o
                                0x362 (size before relaxing)
 .debug_str     0x00000312      0x886 ../STM32CUBEMX/build/adc.o
                                0xc12 (size before relaxing)
 .debug_str     0x00000b98      0x529 ../STM32CUBEMX/build/dma.o
                                0x794 (size before relaxing)
 .debug_str     0x000010c1      0x4a1 ../STM32CUBEMX/build/tim.o
                               0x126f (size before relaxing)
 .debug_str     0x00001562      0x4f6 ../STM32CUBEMX/build/usart.o
                               0x1009 (size before relaxing)
 .debug_str     0x00001a58      0x1d9 ../STM32CUBEMX/build/stm32f4xx_it.o
                                0xae7 (size before relaxing)
 .debug_str     0x00001c31       0x38 ../STM32CUBEMX/build/stm32f4xx_hal_msp.o
                                0x2a3 (size before relaxing)
 .debug_str     0x00001c69      0x2e4 ../STM32CUBEMX/build/stm32f4xx_hal_adc.o
                                0x94a (size before relaxing)
 .debug_str     0x00001f4d      0x358 ../STM32CUBEMX/build/stm32f4xx_hal_rcc.o
                                0x6ee (size before relaxing)
 .debug_str     0x000022a5      0x10e ../STM32CUBEMX/build/stm32f4xx_hal_gpio.o
                                0x4c8 (size before relaxing)
 .debug_str     0x000023b3      0x2cc ../STM32CUBEMX/build/stm32f4xx_hal_dma.o
                                0x75e (size before relaxing)
 .debug_str     0x0000267f      0x4d3 ../STM32CUBEMX/build/stm32f4xx_hal_cortex.o
                                0xbf3 (size before relaxing)
 .debug_str     0x00002b52      0x2b7 ../STM32CUBEMX/build/stm32f4xx_hal.o
                                0xb2b (size before relaxing)
 .debug_str     0x00002e09      0xcd0 ../STM32CUBEMX/build/stm32f4xx_hal_tim.o
                               0x16d7 (size before relaxing)
 .debug_str     0x00003ad9      0x448 ../STM32CUBEMX/build/stm32f4xx_hal_tim_ex.o
                                0xef3 (size before relaxing)
 .debug_str     0x00003f21      0x5b2 ../STM32CUBEMX/build/stm32f4xx_hal_uart.o
                                0xd41 (size before relaxing)
 .debug_str     0x000044d3       0x56 ../STM32CUBEMX/build/system_stm32f4xx.o
                                0x35d (size before relaxing)
 .debug_str     0x00004529       0xf5 ../STM32CUBEMX/build/uart_fifo.o
                                0x2f9 (size before relaxing)
 .debug_str     0x0000461e      0x1ed ../STM32CUBEMX/build/angle_led.o
                                0x975 (size before relaxing)
 .debug_str     0x0000480b       0x11 ../STM32CUBEMX/build/angle_led_data.o
                                0x19e (size before relaxing)
 .debug_str     0x0000481c       0xcf ../STM32CUBEMX/build/main.o
                               0x1038 (size before relaxing)
 .debug_str     0x000048eb       0x31 ../STM32CUBEMX/build/startup_stm32f405xx.o
                                 0x5a (size before relaxing)
 .debug_str     0x0000491c      0x1d5 c:/program files (x86)/arm gnu toolchain arm-none-eabi/11.2 2022.02/bin/../lib/gcc/arm-none-eabi/11.2.1/thumb/v7e-m+fp/hard\libc_nano.a(lib_a-init.o)
                                0x277 (size before relaxing)
 .debug_str     0x00004af1      0x10b c:/program files (x86)/arm gnu toolchain arm-none-eabi/11.2 2022.02/bin/../lib/gcc/arm-none-eabi/11.2.1/thumb/v7e-m+fp/hard\libc_nano.a(lib_a-memcpy-stub.o)
                                0x23b (size before relaxing)
 .debug_str     0x00004bfc       0xe8 c:/program files (x86)/arm gnu toolchain arm-none-eabi/11.2 2022.02/bin/../lib/gcc/arm-none-eabi/11.2.1/thumb/v7e-m+fp/hard\libc_nano.a(lib_a-memset.o)
                                0x218 (size before relaxing)
 .debug_str     0x00004ce4       0x82 c:/program files (x86)/arm gnu toolchain arm-none-eabi/11.2 2022.02/bin/../lib/gcc/arm-none-eabi/11.2.1/thumb/v7e-m+fp/hard\libgcc.a(_aeabi_uldivmod.o)
                                 0x8e (size before relaxing)
 .debug_str     0x00004d66      0x595 c:/program files (x86)/arm gnu toolchain arm-none-eabi/11.2 2022.02/bin/../lib/gcc/arm-none-eabi/11.2.1/thumb/v7e-m+fp/hard\libgcc.a(_udivmoddi4.o)
                                0x6a4 (size before relaxing)
 .debug_str     0x000052fb        0xc c:/program files (x86)/arm gnu toolchain arm-none-eabi/11.2 2022.02/bin/../lib/gcc/arm-none-eabi/11.2.1/thumb/v7e-m+fp/hard\libgcc.a(_dvmd_tls.o)
                                 0x92 (size before relaxing)

.debug_frame    0x00000000     0x26f0
 .debug_frame   0x00000000       0x30 ../STM32CUBEMX/build/gpio.o
 .debug_frame   0x00000030       0xbc ../STM32CUBEMX/build/adc.o
 .debug_frame   0x000000ec       0x30 ../STM32CUBEMX/build/dma.o
 .debug_frame   0x0000011c      0x1a4 ../STM32CUBEMX/build/tim.o
 .debug_frame   0x000002c0      0x140 ../STM32CUBEMX/build/usart.o
 .debug_frame   0x00000400      0x198 ../STM32CUBEMX/build/stm32f4xx_it.o
 .debug_frame   0x00000598       0x28 ../STM32CUBEMX/build/stm32f4xx_hal_msp.o
 .debug_frame   0x000005c0      0x268 ../STM32CUBEMX/build/stm32f4xx_hal_adc.o
 .debug_frame   0x00000828      0x16c ../STM32CUBEMX/build/stm32f4xx_hal_rcc.o
 .debug_frame   0x00000994       0xd8 ../STM32CUBEMX/build/stm32f4xx_hal_gpio.o
 .debug_frame   0x00000a6c      0x188 ../STM32CUBEMX/build/stm32f4xx_hal_dma.o
 .debug_frame   0x00000bf4      0x148 ../STM32CUBEMX/build/stm32f4xx_hal_cortex.o
 .debug_frame   0x00000d3c      0x1ec ../STM32CUBEMX/build/stm32f4xx_hal.o
 .debug_frame   0x00000f28      0xb0c ../STM32CUBEMX/build/stm32f4xx_hal_tim.o
 .debug_frame   0x00001a34      0x40c ../STM32CUBEMX/build/stm32f4xx_hal_tim_ex.o
 .debug_frame   0x00001e40      0x5c8 ../STM32CUBEMX/build/stm32f4xx_hal_uart.o
 .debug_frame   0x00002408       0x30 ../STM32CUBEMX/build/system_stm32f4xx.o
 .debug_frame   0x00002438      0x110 ../STM32CUBEMX/build/uart_fifo.o
 .debug_frame   0x00002548       0x48 ../STM32CUBEMX/build/angle_led.o
 .debug_frame   0x00002590       0x8c ../STM32CUBEMX/build/main.o
 .debug_frame   0x0000261c       0x2c c:/program files (x86)/arm gnu toolchain arm-none-eabi/11.2 2022.02/bin/../lib/gcc/arm-none-eabi/11.2.1/thumb/v7e-m+fp/hard\libc_nano.a(lib_a-init.o)
 .debug_frame   0x00002648       0x28 c:/program files (x86)/arm gnu toolchain arm-none-eabi/11.2 2022.02/bin/../lib/gcc/arm-none-eabi/11.2.1/thumb/v7e-m+fp/hard\libc_nano.a(lib_a-memcpy-stub.o)
 .debug_frame   0x00002670       0x20 c:/program files (x86)/arm gnu toolchain arm-none-eabi/11.2 2022.02/bin/../lib/gcc/arm-none-eabi/11.2.1/thumb/v7e-m+fp/hard\libc_nano.a(lib_a-memset.o)
 .debug_frame   0x00002690       0x2c c:/program files (x86)/arm gnu toolchain arm-none-eabi/11.2 2022.02/bin/../lib/gcc/arm-none-eabi/11.2.1/thumb/v7e-m+fp/hard\libgcc.a(_aeabi_uldivmod.o)
 .debug_frame   0x000026bc       0x34 c:/program files (x86)/arm gnu toolchain arm-none-eabi/11.2 2022.02/bin/../lib/gcc/arm-none-eabi/11.2.1/thumb/v7e-m+fp/hard\libgcc.a(_udivmoddi4.o)

.debug_loclists
                0x00000000      0xc29
 .debug_loclists
                0x00000000       0x44 c:/program files (x86)/arm gnu toolchain arm-none-eabi/11.2 2022.02/bin/../lib/gcc/arm-none-eabi/11.2.1/thumb/v7e-m+fp/hard\libc_nano.a(lib_a-init.o)
 .debug_loclists
                0x00000044       0x8f c:/program files (x86)/arm gnu toolchain arm-none-eabi/11.2 2022.02/bin/../lib/gcc/arm-none-eabi/11.2.1/thumb/v7e-m+fp/hard\libc_nano.a(lib_a-memcpy-stub.o)
 .debug_loclists
                0x000000d3       0x47 c:/program files (x86)/arm gnu toolchain arm-none-eabi/11.2 2022.02/bin/../lib/gcc/arm-none-eabi/11.2.1/thumb/v7e-m+fp/hard\libc_nano.a(lib_a-memset.o)
 .debug_loclists
                0x0000011a      0xb0f c:/program files (x86)/arm gnu toolchain arm-none-eabi/11.2 2022.02/bin/../lib/gcc/arm-none-eabi/11.2.1/thumb/v7e-m+fp/hard\libgcc.a(_udivmoddi4.o)

.debug_rnglists
                0x00000000       0xcb
 .debug_rnglists
                0x00000000       0x13 c:/program files (x86)/arm gnu toolchain arm-none-eabi/11.2 2022.02/bin/../lib/gcc/arm-none-eabi/11.2.1/thumb/v7e-m+fp/hard\libc_nano.a(lib_a-init.o)
 .debug_rnglists
                0x00000013       0x13 c:/program files (x86)/arm gnu toolchain arm-none-eabi/11.2 2022.02/bin/../lib/gcc/arm-none-eabi/11.2.1/thumb/v7e-m+fp/hard\libc_nano.a(lib_a-memcpy-stub.o)
 .debug_rnglists
                0x00000026       0x13 c:/program files (x86)/arm gnu toolchain arm-none-eabi/11.2 2022.02/bin/../lib/gcc/arm-none-eabi/11.2.1/thumb/v7e-m+fp/hard\libc_nano.a(lib_a-memset.o)
 .debug_rnglists
                0x00000039       0x92 c:/program files (x86)/arm gnu toolchain arm-none-eabi/11.2 2022.02/bin/../lib/gcc/arm-none-eabi/11.2.1/thumb/v7e-m+fp/hard\libgcc.a(_udivmoddi4.o)

.debug_line_str
                0x00000000       0x5b
 .debug_line_str
                0x00000000       0x4f c:/program files (x86)/arm gnu toolchain arm-none-eabi/11.2 2022.02/bin/../lib/gcc/arm-none-eabi/11.2.1/thumb/v7e-m+fp/hard\libgcc.a(_aeabi_uldivmod.o)
                                 0x9e (size before relaxing)
 .debug_line_str
                0x0000004f        0xc c:/program files (x86)/arm gnu toolchain arm-none-eabi/11.2 2022.02/bin/../lib/gcc/arm-none-eabi/11.2.1/thumb/v7e-m+fp/hard\libgcc.a(_dvmd_tls.o)
                                 0xa6 (size before relaxing)

Cross Reference Table

Symbol                                            File
ADC_IRQHandler                                    ../STM32CUBEMX/build/startup_stm32f405xx.o
AHBPrescTable                                     ../STM32CUBEMX/build/system_stm32f4xx.o
                                                  ../STM32CUBEMX/build/stm32f4xx_hal_rcc.o
APBPrescTable                                     ../STM32CUBEMX/build/system_stm32f4xx.o
                                                  ../STM32CUBEMX/build/stm32f4xx_hal_rcc.o
BusFault_Handler                                  ../STM32CUBEMX/build/stm32f4xx_it.o
CAN1_RX0_IRQHandler                               ../STM32CUBEMX/build/startup_stm32f405xx.o
CAN1_RX1_IRQHandler                               ../STM32CUBEMX/build/startup_stm32f405xx.o
CAN1_SCE_IRQHandler                               ../STM32CUBEMX/build/startup_stm32f405xx.o
CAN1_TX_IRQHandler                                ../STM32CUBEMX/build/startup_stm32f405xx.o
CAN2_RX0_IRQHandler                               ../STM32CUBEMX/build/startup_stm32f405xx.o
CAN2_RX1_IRQHandler                               ../STM32CUBEMX/build/startup_stm32f405xx.o
CAN2_SCE_IRQHandler                               ../STM32CUBEMX/build/startup_stm32f405xx.o
CAN2_TX_IRQHandler                                ../STM32CUBEMX/build/startup_stm32f405xx.o
CalcCRC_Modbus                                    ../STM32CUBEMX/build/usart.o
Compare_QueryQueue                                ../STM32CUBEMX/build/ifr-scope_device.o
DMA1_Stream0_IRQHandler                           ../STM32CUBEMX/build/stm32f4xx_it.o
DMA1_Stream1_IRQHandler                           ../STM32CUBEMX/build/stm32f4xx_it.o
DMA1_Stream2_IRQHandler                           ../STM32CUBEMX/build/startup_stm32f405xx.o
DMA1_Stream3_IRQHandler                           ../STM32CUBEMX/build/stm32f4xx_it.o
DMA1_Stream4_IRQHandler                           ../STM32CUBEMX/build/startup_stm32f405xx.o
DMA1_Stream5_IRQHandler                           ../STM32CUBEMX/build/startup_stm32f405xx.o
DMA1_Stream6_IRQHandler                           ../STM32CUBEMX/build/startup_stm32f405xx.o
DMA1_Stream7_IRQHandler                           ../STM32CUBEMX/build/startup_stm32f405xx.o
DMA2_Stream0_IRQHandler                           ../STM32CUBEMX/build/stm32f4xx_it.o
DMA2_Stream1_IRQHandler                           ../STM32CUBEMX/build/startup_stm32f405xx.o
DMA2_Stream2_IRQHandler                           ../STM32CUBEMX/build/stm32f4xx_it.o
DMA2_Stream3_IRQHandler                           ../STM32CUBEMX/build/startup_stm32f405xx.o
DMA2_Stream4_IRQHandler                           ../STM32CUBEMX/build/startup_stm32f405xx.o
DMA2_Stream5_IRQHandler                           ../STM32CUBEMX/build/stm32f4xx_it.o
DMA2_Stream6_IRQHandler                           ../STM32CUBEMX/build/startup_stm32f405xx.o
DMA2_Stream7_IRQHandler                           ../STM32CUBEMX/build/stm32f4xx_it.o
DMA_NDTR                                          ../STM32CUBEMX/build/usart.o
DebugMon_Handler                                  ../STM32CUBEMX/build/stm32f4xx_it.o
Default_Handler                                   ../STM32CUBEMX/build/startup_stm32f405xx.o
Deinit_ALL                                        ../STM32CUBEMX/build/main.o
DeleteAllQueue                                    ../STM32CUBEMX/build/uart_fifo.o
                                                  ../STM32CUBEMX/build/ifr-scope_device.o
DeleteQueue                                       ../STM32CUBEMX/build/uart_fifo.o
                                                  ../STM32CUBEMX/build/ifr-scope_device.o
EXTI0_IRQHandler                                  ../STM32CUBEMX/build/startup_stm32f405xx.o
EXTI15_10_IRQHandler                              ../STM32CUBEMX/build/startup_stm32f405xx.o
EXTI1_IRQHandler                                  ../STM32CUBEMX/build/startup_stm32f405xx.o
EXTI2_IRQHandler                                  ../STM32CUBEMX/build/startup_stm32f405xx.o
EXTI3_IRQHandler                                  ../STM32CUBEMX/build/startup_stm32f405xx.o
EXTI4_IRQHandler                                  ../STM32CUBEMX/build/startup_stm32f405xx.o
EXTI9_5_IRQHandler                                ../STM32CUBEMX/build/startup_stm32f405xx.o
Error_Handler                                     ../STM32CUBEMX/build/main.o
                                                  ../STM32CUBEMX/build/usart.o
                                                  ../STM32CUBEMX/build/tim.o
                                                  ../STM32CUBEMX/build/adc.o
FLASH_Erase_Sector                                ../STM32CUBEMX/build/stm32f4xx_hal_flash_ex.o
                                                  ../STM32CUBEMX/build/stm32f4xx_hal_flash.o
FLASH_FlushCaches                                 ../STM32CUBEMX/build/stm32f4xx_hal_flash_ex.o
                                                  ../STM32CUBEMX/build/stm32f4xx_hal_flash.o
FLASH_IRQHandler                                  ../STM32CUBEMX/build/startup_stm32f405xx.o
FLASH_WaitForLastOperation                        ../STM32CUBEMX/build/stm32f4xx_hal_flash.o
                                                  ../STM32CUBEMX/build/stm32f4xx_hal_flash_ex.o
FPU_IRQHandler                                    ../STM32CUBEMX/build/startup_stm32f405xx.o
FSMC_IRQHandler                                   ../STM32CUBEMX/build/startup_stm32f405xx.o
Find_IFR_Head                                     ../STM32CUBEMX/build/ifr-scope_device.o
FrameData                                         ../STM32CUBEMX/build/ifr-scope_device.o
GetQueueReadCount                                 ../STM32CUBEMX/build/uart_fifo.o
                                                  ../STM32CUBEMX/build/ifr-scope_device.o
GetQueueWriteCount                                ../STM32CUBEMX/build/uart_fifo.o
Get_Str_IndexOf                                   ../STM32CUBEMX/build/ifr-scope_device.o
Get_Str_IndexOfQueue                              ../STM32CUBEMX/build/ifr-scope_device.o
HAL_ADCEx_InjectedConfigChannel                   ../STM32CUBEMX/build/stm32f4xx_hal_adc_ex.o
HAL_ADCEx_InjectedConvCpltCallback                ../STM32CUBEMX/build/stm32f4xx_hal_adc_ex.o
                                                  ../STM32CUBEMX/build/stm32f4xx_hal_adc.o
HAL_ADCEx_InjectedGetValue                        ../STM32CUBEMX/build/stm32f4xx_hal_adc_ex.o
HAL_ADCEx_InjectedPollForConversion               ../STM32CUBEMX/build/stm32f4xx_hal_adc_ex.o
HAL_ADCEx_InjectedStart                           ../STM32CUBEMX/build/stm32f4xx_hal_adc_ex.o
HAL_ADCEx_InjectedStart_IT                        ../STM32CUBEMX/build/stm32f4xx_hal_adc_ex.o
HAL_ADCEx_InjectedStop                            ../STM32CUBEMX/build/stm32f4xx_hal_adc_ex.o
HAL_ADCEx_InjectedStop_IT                         ../STM32CUBEMX/build/stm32f4xx_hal_adc_ex.o
HAL_ADCEx_MultiModeConfigChannel                  ../STM32CUBEMX/build/stm32f4xx_hal_adc_ex.o
HAL_ADCEx_MultiModeGetValue                       ../STM32CUBEMX/build/stm32f4xx_hal_adc_ex.o
HAL_ADCEx_MultiModeStart_DMA                      ../STM32CUBEMX/build/stm32f4xx_hal_adc_ex.o
HAL_ADCEx_MultiModeStop_DMA                       ../STM32CUBEMX/build/stm32f4xx_hal_adc_ex.o
HAL_ADC_AnalogWDGConfig                           ../STM32CUBEMX/build/stm32f4xx_hal_adc.o
HAL_ADC_ConfigChannel                             ../STM32CUBEMX/build/stm32f4xx_hal_adc.o
                                                  ../STM32CUBEMX/build/adc.o
HAL_ADC_ConvCpltCallback                          ../STM32CUBEMX/build/adc.o
                                                  ../STM32CUBEMX/build/stm32f4xx_hal_adc_ex.o
HAL_ADC_ConvHalfCpltCallback                      ../STM32CUBEMX/build/stm32f4xx_hal_adc.o
                                                  ../STM32CUBEMX/build/stm32f4xx_hal_adc_ex.o
HAL_ADC_DeInit                                    ../STM32CUBEMX/build/stm32f4xx_hal_adc.o
HAL_ADC_ErrorCallback                             ../STM32CUBEMX/build/stm32f4xx_hal_adc.o
                                                  ../STM32CUBEMX/build/stm32f4xx_hal_adc_ex.o
HAL_ADC_GetError                                  ../STM32CUBEMX/build/stm32f4xx_hal_adc.o
HAL_ADC_GetState                                  ../STM32CUBEMX/build/stm32f4xx_hal_adc.o
HAL_ADC_GetValue                                  ../STM32CUBEMX/build/stm32f4xx_hal_adc.o
HAL_ADC_IRQHandler                                ../STM32CUBEMX/build/stm32f4xx_hal_adc.o
HAL_ADC_Init                                      ../STM32CUBEMX/build/stm32f4xx_hal_adc.o
                                                  ../STM32CUBEMX/build/adc.o
HAL_ADC_LevelOutOfWindowCallback                  ../STM32CUBEMX/build/stm32f4xx_hal_adc.o
HAL_ADC_MspDeInit                                 ../STM32CUBEMX/build/adc.o
                                                  ../STM32CUBEMX/build/main.o
HAL_ADC_MspInit                                   ../STM32CUBEMX/build/adc.o
HAL_ADC_PollForConversion                         ../STM32CUBEMX/build/stm32f4xx_hal_adc.o
HAL_ADC_PollForEvent                              ../STM32CUBEMX/build/stm32f4xx_hal_adc.o
HAL_ADC_Start                                     ../STM32CUBEMX/build/stm32f4xx_hal_adc.o
HAL_ADC_Start_DMA                                 ../STM32CUBEMX/build/stm32f4xx_hal_adc.o
                                                  ../STM32CUBEMX/build/main.o
HAL_ADC_Start_IT                                  ../STM32CUBEMX/build/stm32f4xx_hal_adc.o
HAL_ADC_Stop                                      ../STM32CUBEMX/build/stm32f4xx_hal_adc.o
HAL_ADC_Stop_DMA                                  ../STM32CUBEMX/build/stm32f4xx_hal_adc.o
HAL_ADC_Stop_IT                                   ../STM32CUBEMX/build/stm32f4xx_hal_adc.o
HAL_DBGMCU_DisableDBGSleepMode                    ../STM32CUBEMX/build/stm32f4xx_hal.o
HAL_DBGMCU_DisableDBGStandbyMode                  ../STM32CUBEMX/build/stm32f4xx_hal.o
HAL_DBGMCU_DisableDBGStopMode                     ../STM32CUBEMX/build/stm32f4xx_hal.o
HAL_DBGMCU_EnableDBGSleepMode                     ../STM32CUBEMX/build/stm32f4xx_hal.o
HAL_DBGMCU_EnableDBGStandbyMode                   ../STM32CUBEMX/build/stm32f4xx_hal.o
HAL_DBGMCU_EnableDBGStopMode                      ../STM32CUBEMX/build/stm32f4xx_hal.o
HAL_DMAEx_ChangeMemory                            ../STM32CUBEMX/build/stm32f4xx_hal_dma_ex.o
HAL_DMAEx_MultiBufferStart                        ../STM32CUBEMX/build/stm32f4xx_hal_dma_ex.o
HAL_DMAEx_MultiBufferStart_IT                     ../STM32CUBEMX/build/stm32f4xx_hal_dma_ex.o
HAL_DMA_Abort                                     ../STM32CUBEMX/build/stm32f4xx_hal_dma.o
                                                  ../STM32CUBEMX/build/stm32f4xx_hal_uart.o
                                                  ../STM32CUBEMX/build/stm32f4xx_hal_adc_ex.o
                                                  ../STM32CUBEMX/build/stm32f4xx_hal_adc.o
HAL_DMA_Abort_IT                                  ../STM32CUBEMX/build/stm32f4xx_hal_dma.o
                                                  ../STM32CUBEMX/build/stm32f4xx_hal_uart.o
                                                  ../STM32CUBEMX/build/stm32f4xx_hal_tim_ex.o
                                                  ../STM32CUBEMX/build/stm32f4xx_hal_tim.o
HAL_DMA_DeInit                                    ../STM32CUBEMX/build/stm32f4xx_hal_dma.o
                                                  ../STM32CUBEMX/build/usart.o
                                                  ../STM32CUBEMX/build/tim.o
                                                  ../STM32CUBEMX/build/adc.o
HAL_DMA_GetError                                  ../STM32CUBEMX/build/stm32f4xx_hal_dma.o
                                                  ../STM32CUBEMX/build/stm32f4xx_hal_uart.o
HAL_DMA_GetState                                  ../STM32CUBEMX/build/stm32f4xx_hal_dma.o
HAL_DMA_IRQHandler                                ../STM32CUBEMX/build/stm32f4xx_hal_dma.o
                                                  ../STM32CUBEMX/build/stm32f4xx_it.o
HAL_DMA_Init                                      ../STM32CUBEMX/build/stm32f4xx_hal_dma.o
                                                  ../STM32CUBEMX/build/usart.o
                                                  ../STM32CUBEMX/build/tim.o
                                                  ../STM32CUBEMX/build/adc.o
HAL_DMA_PollForTransfer                           ../STM32CUBEMX/build/stm32f4xx_hal_dma.o
HAL_DMA_RegisterCallback                          ../STM32CUBEMX/build/stm32f4xx_hal_dma.o
HAL_DMA_Start                                     ../STM32CUBEMX/build/stm32f4xx_hal_dma.o
HAL_DMA_Start_IT                                  ../STM32CUBEMX/build/stm32f4xx_hal_dma.o
                                                  ../STM32CUBEMX/build/stm32f4xx_hal_uart.o
                                                  ../STM32CUBEMX/build/stm32f4xx_hal_tim_ex.o
                                                  ../STM32CUBEMX/build/stm32f4xx_hal_tim.o
                                                  ../STM32CUBEMX/build/stm32f4xx_hal_adc_ex.o
                                                  ../STM32CUBEMX/build/stm32f4xx_hal_adc.o
HAL_DMA_UnRegisterCallback                        ../STM32CUBEMX/build/stm32f4xx_hal_dma.o
HAL_DeInit                                        ../STM32CUBEMX/build/stm32f4xx_hal.o
HAL_Delay                                         ../STM32CUBEMX/build/stm32f4xx_hal.o
                                                  ../STM32CUBEMX/build/main.o
HAL_DisableCompensationCell                       ../STM32CUBEMX/build/stm32f4xx_hal.o
HAL_EXTI_ClearConfigLine                          ../STM32CUBEMX/build/stm32f4xx_hal_exti.o
HAL_EXTI_ClearPending                             ../STM32CUBEMX/build/stm32f4xx_hal_exti.o
HAL_EXTI_GenerateSWI                              ../STM32CUBEMX/build/stm32f4xx_hal_exti.o
HAL_EXTI_GetConfigLine                            ../STM32CUBEMX/build/stm32f4xx_hal_exti.o
HAL_EXTI_GetHandle                                ../STM32CUBEMX/build/stm32f4xx_hal_exti.o
HAL_EXTI_GetPending                               ../STM32CUBEMX/build/stm32f4xx_hal_exti.o
HAL_EXTI_IRQHandler                               ../STM32CUBEMX/build/stm32f4xx_hal_exti.o
HAL_EXTI_RegisterCallback                         ../STM32CUBEMX/build/stm32f4xx_hal_exti.o
HAL_EXTI_SetConfigLine                            ../STM32CUBEMX/build/stm32f4xx_hal_exti.o
HAL_EnableCompensationCell                        ../STM32CUBEMX/build/stm32f4xx_hal.o
HAL_FLASHEx_Erase                                 ../STM32CUBEMX/build/stm32f4xx_hal_flash_ex.o
HAL_FLASHEx_Erase_IT                              ../STM32CUBEMX/build/stm32f4xx_hal_flash_ex.o
HAL_FLASHEx_OBGetConfig                           ../STM32CUBEMX/build/stm32f4xx_hal_flash_ex.o
HAL_FLASHEx_OBProgram                             ../STM32CUBEMX/build/stm32f4xx_hal_flash_ex.o
HAL_FLASH_EndOfOperationCallback                  ../STM32CUBEMX/build/stm32f4xx_hal_flash.o
HAL_FLASH_GetError                                ../STM32CUBEMX/build/stm32f4xx_hal_flash.o
HAL_FLASH_IRQHandler                              ../STM32CUBEMX/build/stm32f4xx_hal_flash.o