Archive member included to satisfy reference by file (symbol)

c:/program files (x86)/arm gnu toolchain arm-none-eabi/11.2 2022.02/bin/../lib/gcc/arm-none-eabi/11.2.1/thumb/v7e-m+fp/hard\libc_nano.a(lib_a-exit.o)
                              c:/program files (x86)/arm gnu toolchain arm-none-eabi/11.2 2022.02/bin/../lib/gcc/arm-none-eabi/11.2.1/thumb/v7e-m+fp/hard/crt0.o (exit)
c:/program files (x86)/arm gnu toolchain arm-none-eabi/11.2 2022.02/bin/../lib/gcc/arm-none-eabi/11.2.1/thumb/v7e-m+fp/hard\libc_nano.a(lib_a-impure.o)
                              c:/program files (x86)/arm gnu toolchain arm-none-eabi/11.2 2022.02/bin/../lib/gcc/arm-none-eabi/11.2.1/thumb/v7e-m+fp/hard\libc_nano.a(lib_a-exit.o) (_global_impure_ptr)
c:/program files (x86)/arm gnu toolchain arm-none-eabi/11.2 2022.02/bin/../lib/gcc/arm-none-eabi/11.2.1/thumb/v7e-m+fp/hard\libc_nano.a(lib_a-init.o)
                              c:/program files (x86)/arm gnu toolchain arm-none-eabi/11.2 2022.02/bin/../lib/gcc/arm-none-eabi/11.2.1/thumb/v7e-m+fp/hard/crt0.o (__libc_init_array)
c:/program files (x86)/arm gnu toolchain arm-none-eabi/11.2 2022.02/bin/../lib/gcc/arm-none-eabi/11.2.1/thumb/v7e-m+fp/hard\libc_nano.a(lib_a-memcpy-stub.o)
                              build/uart_fifo.o (memcpy)
c:/program files (x86)/arm gnu toolchain arm-none-eabi/11.2 2022.02/bin/../lib/gcc/arm-none-eabi/11.2.1/thumb/v7e-m+fp/hard\libc_nano.a(lib_a-memset.o)
                              c:/program files (x86)/arm gnu toolchain arm-none-eabi/11.2 2022.02/bin/../lib/gcc/arm-none-eabi/11.2.1/thumb/v7e-m+fp/hard/crt0.o (memset)
c:/program files (x86)/arm gnu toolchain arm-none-eabi/11.2 2022.02/bin/../lib/gcc/arm-none-eabi/11.2.1/thumb/v7e-m+fp/hard\libc_nano.a(lib_a-sprintf.o)
                              build/ifr-scope_device.o (sprintf)
c:/program files (x86)/arm gnu toolchain arm-none-eabi/11.2 2022.02/bin/../lib/gcc/arm-none-eabi/11.2.1/thumb/v7e-m+fp/hard\libc_nano.a(lib_a-strcmp.o)
                              build/ifr-scope_device.o (strcmp)
c:/program files (x86)/arm gnu toolchain arm-none-eabi/11.2 2022.02/bin/../lib/gcc/arm-none-eabi/11.2.1/thumb/v7e-m+fp/hard\libc_nano.a(lib_a-strlen.o)
                              build/ifr-scope_device.o (strlen)
c:/program files (x86)/arm gnu toolchain arm-none-eabi/11.2 2022.02/bin/../lib/gcc/arm-none-eabi/11.2.1/thumb/v7e-m+fp/hard\libc_nano.a(lib_a-strstr.o)
                              build/ifr-scope_device.o (strstr)
c:/program files (x86)/arm gnu toolchain arm-none-eabi/11.2 2022.02/bin/../lib/gcc/arm-none-eabi/11.2.1/thumb/v7e-m+fp/hard\libc_nano.a(lib_a-nano-svfprintf.o)
                              c:/program files (x86)/arm gnu toolchain arm-none-eabi/11.2 2022.02/bin/../lib/gcc/arm-none-eabi/11.2.1/thumb/v7e-m+fp/hard\libc_nano.a(lib_a-sprintf.o) (_svfprintf_r)
c:/program files (x86)/arm gnu toolchain arm-none-eabi/11.2 2022.02/bin/../lib/gcc/arm-none-eabi/11.2.1/thumb/v7e-m+fp/hard\libc_nano.a(lib_a-nano-vfprintf_i.o)
                              c:/program files (x86)/arm gnu toolchain arm-none-eabi/11.2 2022.02/bin/../lib/gcc/arm-none-eabi/11.2.1/thumb/v7e-m+fp/hard\libc_nano.a(lib_a-nano-svfprintf.o) (_printf_i)
c:/program files (x86)/arm gnu toolchain arm-none-eabi/11.2 2022.02/bin/../lib/gcc/arm-none-eabi/11.2.1/thumb/v7e-m+fp/hard\libc_nano.a(lib_a-memchr.o)
                              c:/program files (x86)/arm gnu toolchain arm-none-eabi/11.2 2022.02/bin/../lib/gcc/arm-none-eabi/11.2.1/thumb/v7e-m+fp/hard\libc_nano.a(lib_a-nano-svfprintf.o) (memchr)
c:/program files (x86)/arm gnu toolchain arm-none-eabi/11.2 2022.02/bin/../lib/gcc/arm-none-eabi/11.2.1/thumb/v7e-m+fp/hard\libc_nano.a(lib_a-memmove.o)
                              c:/program files (x86)/arm gnu toolchain arm-none-eabi/11.2 2022.02/bin/../lib/gcc/arm-none-eabi/11.2.1/thumb/v7e-m+fp/hard\libc_nano.a(lib_a-nano-svfprintf.o) (memmove)
c:/program files (x86)/arm gnu toolchain arm-none-eabi/11.2 2022.02/bin/../lib/gcc/arm-none-eabi/11.2.1/thumb/v7e-m+fp/hard\libc_nano.a(lib_a-nano-freer.o)
                              c:/program files (x86)/arm gnu toolchain arm-none-eabi/11.2 2022.02/bin/../lib/gcc/arm-none-eabi/11.2.1/thumb/v7e-m+fp/hard\libc_nano.a(lib_a-nano-svfprintf.o) (_free_r)
c:/program files (x86)/arm gnu toolchain arm-none-eabi/11.2 2022.02/bin/../lib/gcc/arm-none-eabi/11.2.1/thumb/v7e-m+fp/hard\libc_nano.a(lib_a-nano-mallocr.o)
                              c:/program files (x86)/arm gnu toolchain arm-none-eabi/11.2 2022.02/bin/../lib/gcc/arm-none-eabi/11.2.1/thumb/v7e-m+fp/hard\libc_nano.a(lib_a-nano-svfprintf.o) (_malloc_r)
c:/program files (x86)/arm gnu toolchain arm-none-eabi/11.2 2022.02/bin/../lib/gcc/arm-none-eabi/11.2.1/thumb/v7e-m+fp/hard\libc_nano.a(lib_a-nano-reallocr.o)
                              c:/program files (x86)/arm gnu toolchain arm-none-eabi/11.2 2022.02/bin/../lib/gcc/arm-none-eabi/11.2.1/thumb/v7e-m+fp/hard\libc_nano.a(lib_a-nano-svfprintf.o) (_realloc_r)
[...]
Memory Configuration

Name             Origin             Length             Attributes
RAM              0x20000000         0x00020000         xrw
CCMRAM           0x10000000         0x00010000         xrw
FLASH            0x08000000         0x00100000         xr
*default*        0x00000000         0xffffffff

Linker script and memory map

LOAD c:/program files (x86)/arm gnu toolchain arm-none-eabi/11.2 2022.02/bin/../lib/gcc/arm-none-eabi/11.2.1/thumb/v7e-m+fp/hard/crti.o
LOAD c:/program files (x86)/arm gnu toolchain arm-none-eabi/11.2 2022.02/bin/../lib/gcc/arm-none-eabi/11.2.1/thumb/v7e-m+fp/hard/crtbegin.o
LOAD c:/program files (x86)/arm gnu toolchain arm-none-eabi/11.2 2022.02/bin/../lib/gcc/arm-none-eabi/11.2.1/thumb/v7e-m+fp/hard/crt0.o
LOAD build/gpio.o
LOAD build/adc.o
LOAD build/dma.o
LOAD build/tim.o
LOAD build/usart.o
LOAD build/stm32f4xx_it.o
LOAD build/stm32f4xx_hal_msp.o
LOAD build/stm32f4xx_hal_adc.o
LOAD build/stm32f4xx_hal_adc_ex.o
LOAD build/stm32f4xx_ll_adc.o
LOAD build/stm32f4xx_hal_rcc.o
LOAD build/stm32f4xx_hal_rcc_ex.o
LOAD build/stm32f4xx_hal_flash.o
LOAD build/stm32f4xx_hal_flash_ex.o
LOAD build/stm32f4xx_hal_flash_ramfunc.o
LOAD build/stm32f4xx_hal_gpio.o
LOAD build/stm32f4xx_hal_dma_ex.o
LOAD build/stm32f4xx_hal_dma.o
LOAD build/stm32f4xx_hal_pwr.o
LOAD build/stm32f4xx_hal_pwr_ex.o
LOAD build/stm32f4xx_hal_cortex.o
LOAD build/stm32f4xx_hal.o
LOAD build/stm32f4xx_hal_exti.o
LOAD build/stm32f4xx_hal_tim.o
LOAD build/stm32f4xx_hal_tim_ex.o
LOAD build/stm32f4xx_hal_uart.o
LOAD build/system_stm32f4xx.o
LOAD build/uart_fifo.o
LOAD build/ifr-scope_device.o
LOAD build/ws2812.o
LOAD build/StandTurn_Balance.o
LOAD build/StackLiteDualDrive_DataLinkInput.o
LOAD build/StackLiteDualDrive_DataLinkOutput.o
LOAD build/StackLiteDualDrive_Input.o
LOAD build/StackLiteDualDrive_Output.o
LOAD build/main.o
LOAD build/rtGetInf.o
LOAD build/rtGetNaN.o
LOAD build/rt_nonfinite.o
LOAD build/startup_stm32f405xx.o
LOAD c:/program files (x86)/arm gnu toolchain arm-none-eabi/11.2 2022.02/bin/../lib/gcc/arm-none-eabi/11.2.1/thumb/v7e-m+fp/hard\libc_nano.a
LOAD c:/program files (x86)/arm gnu toolchain arm-none-eabi/11.2 2022.02/bin/../lib/gcc/arm-none-eabi/11.2.1/thumb/v7e-m+fp/hard\libm.a
LOAD c:/program files (x86)/arm gnu toolchain arm-none-eabi/11.2 2022.02/bin/../lib/gcc/arm-none-eabi/11.2.1/thumb/v7e-m+fp/hard\libnosys.a
START GROUP
LOAD c:/program files (x86)/arm gnu toolchain arm-none-eabi/11.2 2022.02/bin/../lib/gcc/arm-none-eabi/11.2.1/thumb/v7e-m+fp/hard\libgcc.a
LOAD c:/program files (x86)/arm gnu toolchain arm-none-eabi/11.2 2022.02/bin/../lib/gcc/arm-none-eabi/11.2.1/thumb/v7e-m+fp/hard\libc_nano.a
END GROUP
START GROUP
LOAD c:/program files (x86)/arm gnu toolchain arm-none-eabi/11.2 2022.02/bin/../lib/gcc/arm-none-eabi/11.2.1/thumb/v7e-m+fp/hard\libgcc.a
LOAD c:/program files (x86)/arm gnu toolchain arm-none-eabi/11.2 2022.02/bin/../lib/gcc/arm-none-eabi/11.2.1/thumb/v7e-m+fp/hard\libc_nano.a
END GROUP
LOAD c:/program files (x86)/arm gnu toolchain arm-none-eabi/11.2 2022.02/bin/../lib/gcc/arm-none-eabi/11.2.1/thumb/v7e-m+fp/hard/crtend.o
LOAD c:/program files (x86)/arm gnu toolchain arm-none-eabi/11.2 2022.02/bin/../lib/gcc/arm-none-eabi/11.2.1/thumb/v7e-m+fp/hard/crtn.o
                0x20020000                _estack = (ORIGIN (RAM) + LENGTH (RAM))
                0x00000200                _Min_Heap_Size = 0x200
                0x00000400                _Min_Stack_Size = 0x400

.isr_vector     0x08000000      0x188
                0x08000000                . = ALIGN (0x4)
 *(.isr_vector)
 .isr_vector    0x08000000      0x188 build/startup_stm32f405xx.o
                0x08000000                g_pfnVectors
                0x08000188                . = ALIGN (0x4)

.text           0x08000190     0x7a88
                0x08000190                . = ALIGN (0x4)
 *(.text)
 .text          0x08000190       0x14 c:/program files (x86)/arm gnu toolchain arm-none-eabi/11.2 2022.02/bin/../lib/gcc/arm-none-eabi/11.2.1/thumb/v7e-m+fp/hard\libc_nano.a(lib_a-strcmp.o)
                0x08000190                strcmp
 .text          0x080001a4       0x10 c:/program files (x86)/arm gnu toolchain arm-none-eabi/11.2 2022.02/bin/../lib/gcc/arm-none-eabi/11.2.1/thumb/v7e-m+fp/hard\libc_nano.a(lib_a-strlen.o)
                0x080001a4                strlen
 *fill*         0x080001b4        0xc 
 .text          0x080001c0       0xa0 c:/program files (x86)/arm gnu toolchain arm-none-eabi/11.2 2022.02/bin/../lib/gcc/arm-none-eabi/11.2.1/thumb/v7e-m+fp/hard\libc_nano.a(lib_a-memchr.o)
                0x080001c0                memchr
 .text          0x08000260      0x378 c:/program files (x86)/arm gnu toolchain arm-none-eabi/11.2 2022.02/bin/../lib/gcc/arm-none-eabi/11.2.1/thumb/v7e-m+fp/hard\libgcc.a(_arm_addsubdf3.o)
                0x08000260                __aeabi_drsub
                0x08000268                __aeabi_dsub
                0x08000268                __subdf3
                0x0800026c                __aeabi_dadd
                0x0800026c                __adddf3
                0x080004e4                __floatunsidf
                0x080004e4                __aeabi_ui2d
                0x08000504                __floatsidf
                0x08000504                __aeabi_i2d
                0x08000528                __aeabi_f2d
                0x08000528                __extendsfdf2
                0x0800056c                __floatundidf
                0x0800056c                __aeabi_ul2d
                0x0800057c                __floatdidf
                0x0800057c                __aeabi_l2d
 .text          0x080005d8      0x424 c:/program files (x86)/arm gnu toolchain arm-none-eabi/11.2 2022.02/bin/../lib/gcc/arm-none-eabi/11.2.1/thumb/v7e-m+fp/hard\libgcc.a(_arm_muldivdf3.o)
                0x080005d8                __aeabi_dmul
                0x080005d8                __muldf3
                0x0800082c                __divdf3
                0x0800082c                __aeabi_ddiv
 .text          0x080009fc      0x110 c:/program files (x86)/arm gnu toolchain arm-none-eabi/11.2 2022.02/bin/../lib/gcc/arm-none-eabi/11.2.1/thumb/v7e-m+fp/hard\libgcc.a(_arm_cmpdf2.o)
                0x080009fc                __gtdf2
                0x080009fc                __gedf2
                0x08000a04                __ltdf2
                0x08000a04                __ledf2
                0x08000a0c                __nedf2
                0x08000a0c                __eqdf2
                0x08000a0c                __cmpdf2
                0x08000a88                __aeabi_cdrcmple
                0x08000a98                __aeabi_cdcmpeq
                0x08000a98                __aeabi_cdcmple
                0x08000aa8                __aeabi_dcmpeq
                0x08000abc                __aeabi_dcmplt
                0x08000ad0                __aeabi_dcmple
                0x08000ae4                __aeabi_dcmpge
                0x08000af8                __aeabi_dcmpgt
 .text          0x08000b0c       0x2c c:/program files (x86)/arm gnu toolchain arm-none-eabi/11.2 2022.02/bin/../lib/gcc/arm-none-eabi/11.2.1/thumb/v7e-m+fp/hard\libgcc.a(_arm_unorddf2.o)
                0x08000b0c                __unorddf2
                0x08000b0c                __aeabi_dcmpun
 .text          0x08000b38       0x50 c:/program files (x86)/arm gnu toolchain arm-none-eabi/11.2 2022.02/bin/../lib/gcc/arm-none-eabi/11.2.1/thumb/v7e-m+fp/hard\libgcc.a(_arm_fixdfsi.o)
                0x08000b38                __aeabi_d2iz
                0x08000b38                __fixdfsi
 .text          0x08000b88       0x40 c:/program files (x86)/arm gnu toolchain arm-none-eabi/11.2 2022.02/bin/../lib/gcc/arm-none-eabi/11.2.1/thumb/v7e-m+fp/hard\libgcc.a(_arm_fixunsdfsi.o)
                0x08000b88                __aeabi_d2uiz
                0x08000b88                __fixunsdfsi
 .text          0x08000bc8       0xa0 c:/program files (x86)/arm gnu toolchain arm-none-eabi/11.2 2022.02/bin/../lib/gcc/arm-none-eabi/11.2.1/thumb/v7e-m+fp/hard\libgcc.a(_arm_truncdfsf2.o)
                0x08000bc8                __truncdfsf2
                0x08000bc8                __aeabi_d2f
 .text          0x08000c68       0x30 c:/program files (x86)/arm gnu toolchain arm-none-eabi/11.2 2022.02/bin/../lib/gcc/arm-none-eabi/11.2.1/thumb/v7e-m+fp/hard\libgcc.a(_aeabi_uldivmod.o)
                0x08000c68                __aeabi_uldivmod
 .text          0x08000c98        0x4 c:/program files (x86)/arm gnu toolchain arm-none-eabi/11.2 2022.02/bin/../lib/gcc/arm-none-eabi/11.2.1/thumb/v7e-m+fp/hard\libgcc.a(_dvmd_tls.o)
                0x08000c98                __aeabi_idiv0
                0x08000c98                __aeabi_ldiv0
 *(.text*)
 .text.deregister_tm_clones
                0x08000c9c       0x1c c:/program files (x86)/arm gnu toolchain arm-none-eabi/11.2 2022.02/bin/../lib/gcc/arm-none-eabi/11.2.1/thumb/v7e-m+fp/hard/crtbegin.o
 .text.register_tm_clones
                0x08000cb8       0x24 c:/program files (x86)/arm gnu toolchain arm-none-eabi/11.2 2022.02/bin/../lib/gcc/arm-none-eabi/11.2.1/thumb/v7e-m+fp/hard/crtbegin.o
 .text.__do_global_dtors_aux
                0x08000cdc       0x28 c:/program files (x86)/arm gnu toolchain arm-none-eabi/11.2 2022.02/bin/../lib/gcc/arm-none-eabi/11.2.1/thumb/v7e-m+fp/hard/crtbegin.o
 .text.frame_dummy
                0x08000d04       0x24 c:/program files (x86)/arm gnu toolchain arm-none-eabi/11.2 2022.02/bin/../lib/gcc/arm-none-eabi/11.2.1/thumb/v7e-m+fp/hard/crtbegin.o
 .text.MX_GPIO_Init
                0x08000d28       0xb8 build/gpio.o
                0x08000d28                MX_GPIO_Init
 .text.MX_ADC1_Init
                0x08000de0       0x74 build/adc.o
                0x08000de0                MX_ADC1_Init
 .text.MX_ADC2_Init
                0x08000e54       0x74 build/adc.o
                0x08000e54                MX_ADC2_Init
 .text.HAL_ADC_MspInit
                0x08000ec8      0x138 build/adc.o
                0x08000ec8                HAL_ADC_MspInit
 .text.HAL_ADC_MspDeInit
                0x08001000       0x5c build/adc.o
                0x08001000                HAL_ADC_MspDeInit
 .text.HAL_ADC_ConvCpltCallback
                0x0800105c      0x118 build/adc.o
                0x0800105c                HAL_ADC_ConvCpltCallback
 .text.USER_ADC_Zero_calibration
                0x08001174       0x78 build/adc.o
                0x08001174                USER_ADC_Zero_calibration
 .text.MX_DMA_Init
                0x080011ec       0xa8 build/dma.o
                0x080011ec                MX_DMA_Init
 .text.MX_TIM2_Init
                0x08001294       0x64 build/tim.o
                0x08001294                MX_TIM2_Init
 .text.MX_TIM5_Init
                0x080012f8       0x64 build/tim.o
                0x080012f8                MX_TIM5_Init
 .text.MX_TIM7_Init
                0x0800135c       0x50 build/tim.o
                0x0800135c                MX_TIM7_Init
 .text.HAL_TIM_Encoder_MspInit
                0x080013ac       0xe0 build/tim.o
                0x080013ac                HAL_TIM_Encoder_MspInit
 .text.HAL_TIM_Base_MspInit
                0x0800148c      0x13c build/tim.o
                0x0800148c                HAL_TIM_Base_MspInit
 .text.HAL_TIM_MspPostInit
                0x080015c8       0xcc build/tim.o
                0x080015c8                HAL_TIM_MspPostInit
 .text.MX_TIM3_Init
                0x08001694       0xc4 build/tim.o
                0x08001694                MX_TIM3_Init
 .text.MX_TIM4_Init
                0x08001758       0xc0 build/tim.o
                0x08001758                MX_TIM4_Init
 .text.MX_TIM8_Init
                0x08001818      0x100 build/tim.o
                0x08001818                MX_TIM8_Init
 .text.HAL_TIM_Base_MspDeInit
                0x08001918       0x7c build/tim.o
                0x08001918                HAL_TIM_Base_MspDeInit
 .text.HAL_TIM_PeriodElapsedCallback
                0x08001994       0x18 build/tim.o
                0x08001994                HAL_TIM_PeriodElapsedCallback
 .text.HAL_TIM_PWM_PulseFinishedCallback
                0x080019ac       0x1e build/tim.o
                0x080019ac                HAL_TIM_PWM_PulseFinishedCallback
 .text.crc16_update
                0x080019ca       0x46 build/usart.o
 .text.MX_UART4_Init
                0x08001a10       0x34 build/usart.o
                0x08001a10                MX_UART4_Init
 .text.MX_UART5_Init
                0x08001a44       0x34 build/usart.o
                0x08001a44                MX_UART5_Init
 .text.MX_USART1_UART_Init
                0x08001a78       0x34 build/usart.o
                0x08001a78                MX_USART1_UART_Init
 .text.MX_USART3_UART_Init
                0x08001aac       0x34 build/usart.o
                0x08001aac                MX_USART3_UART_Init
 .text.HAL_UART_MspInit
                0x08001ae0      0x274 build/usart.o
                0x08001ae0                HAL_UART_MspInit
 .text.HAL_UART_MspDeInit
                0x08001d54       0xc8 build/usart.o
                0x08001d54                HAL_UART_MspDeInit
 .text.HAL_UART_DMA_StopRx
                0x08001e1c       0x9a build/usart.o
                0x08001e1c                HAL_UART_DMA_StopRx
 *fill*         0x08001eb6        0x2 
 .text.HI226_Decode
                0x08001eb8       0xdc build/usart.o
                0x08001eb8                HI226_Decode
 .text.USER_UART_RxIdleCallback
                0x08001f94      0x124 build/usart.o
                0x08001f94                USER_UART_RxIdleCallback
 .text.HAL_UART_RxCpltCallback
                0x080020b8       0x6c build/usart.o
                0x080020b8                HAL_UART_RxCpltCallback
 .text.NMI_Handler
                0x08002124        0x2 build/stm32f4xx_it.o
                0x08002124                NMI_Handler
 .text.HardFault_Handler
                0x08002126        0x2 build/stm32f4xx_it.o
                0x08002126                HardFault_Handler
 .text.MemManage_Handler
                0x08002128        0x2 build/stm32f4xx_it.o
                0x08002128                MemManage_Handler
 .text.BusFault_Handler
                0x0800212a        0x2 build/stm32f4xx_it.o
                0x0800212a                BusFault_Handler
 .text.UsageFault_Handler
                0x0800212c        0x2 build/stm32f4xx_it.o
                0x0800212c                UsageFault_Handler
 .text.SVC_Handler
                0x0800212e        0x2 build/stm32f4xx_it.o
                0x0800212e                SVC_Handler
 .text.DebugMon_Handler
                0x08002130        0x2 build/stm32f4xx_it.o
                0x08002130                DebugMon_Handler
 .text.PendSV_Handler
                0x08002132        0x2 build/stm32f4xx_it.o
                0x08002132                PendSV_Handler
 .text.SysTick_Handler
                0x08002134        0x8 build/stm32f4xx_it.o
                0x08002134                SysTick_Handler
 .text.DMA1_Stream0_IRQHandler
                0x0800213c       0x10 build/stm32f4xx_it.o
                0x0800213c                DMA1_Stream0_IRQHandler
 .text.DMA1_Stream1_IRQHandler
                0x0800214c       0x10 build/stm32f4xx_it.o
                0x0800214c                DMA1_Stream1_IRQHandler
 .text.DMA1_Stream3_IRQHandler
                0x0800215c       0x10 build/stm32f4xx_it.o
                0x0800215c                DMA1_Stream3_IRQHandler
 .text.USART1_IRQHandler
                0x0800216c       0x18 build/stm32f4xx_it.o
                0x0800216c                USART1_IRQHandler
 .text.USART3_IRQHandler
                0x08002184       0x18 build/stm32f4xx_it.o
                0x08002184                USART3_IRQHandler
 .text.TIM7_IRQHandler
                0x0800219c       0x10 build/stm32f4xx_it.o
                0x0800219c                TIM7_IRQHandler
 .text.DMA2_Stream0_IRQHandler
                0x080021ac       0x10 build/stm32f4xx_it.o
                0x080021ac                DMA2_Stream0_IRQHandler
 .text.DMA2_Stream2_IRQHandler
                0x080021bc       0x10 build/stm32f4xx_it.o
                0x080021bc                DMA2_Stream2_IRQHandler
 .text.DMA2_Stream5_IRQHandler
                0x080021cc       0x10 build/stm32f4xx_it.o
                0x080021cc                DMA2_Stream5_IRQHandler
 .text.DMA2_Stream7_IRQHandler
                0x080021dc       0x10 build/stm32f4xx_it.o
                0x080021dc                DMA2_Stream7_IRQHandler
 .text.HAL_MspInit
                0x080021ec       0x38 build/stm32f4xx_hal_msp.o
                0x080021ec                HAL_MspInit
 .text.ADC_Init
                0x08002224      0x134 build/stm32f4xx_hal_adc.o
 .text.HAL_ADC_Init
                0x08002358       0x56 build/stm32f4xx_hal_adc.o
                0x08002358                HAL_ADC_Init
 *fill*         0x080023ae        0x2 
 .text.HAL_ADC_Start_DMA
                0x080023b0      0x19c build/stm32f4xx_hal_adc.o
                0x080023b0                HAL_ADC_Start_DMA
 .text.HAL_ADC_ConvHalfCpltCallback
                0x0800254c        0x2 build/stm32f4xx_hal_adc.o
                0x0800254c                HAL_ADC_ConvHalfCpltCallback
 .text.ADC_DMAHalfConvCplt
                0x0800254e        0xa build/stm32f4xx_hal_adc.o
 .text.HAL_ADC_ErrorCallback
                0x08002558        0x2 build/stm32f4xx_hal_adc.o
                0x08002558                HAL_ADC_ErrorCallback
 .text.ADC_DMAError
                0x0800255a       0x16 build/stm32f4xx_hal_adc.o
 .text.ADC_DMAConvCplt
                0x08002570       0x72 build/stm32f4xx_hal_adc.o
 *fill*         0x080025e2        0x2 
 .text.HAL_ADC_ConfigChannel
                0x080025e4      0x194 build/stm32f4xx_hal_adc.o
                0x080025e4                HAL_ADC_ConfigChannel
 .text.HAL_RCC_OscConfig
                0x08002778      0x3f8 build/stm32f4xx_hal_rcc.o
                0x08002778                HAL_RCC_OscConfig
 .text.HAL_RCC_GetSysClockFreq
                0x08002b70       0xdc build/stm32f4xx_hal_rcc.o
                0x08002b70                HAL_RCC_GetSysClockFreq
 .text.HAL_RCC_ClockConfig
                0x08002c4c      0x160 build/stm32f4xx_hal_rcc.o
                0x08002c4c                HAL_RCC_ClockConfig
 .text.HAL_RCC_GetHCLKFreq
                0x08002dac        0xc build/stm32f4xx_hal_rcc.o
                0x08002dac                HAL_RCC_GetHCLKFreq
 .text.HAL_RCC_GetPCLK1Freq
                0x08002db8       0x20 build/stm32f4xx_hal_rcc.o
                0x08002db8                HAL_RCC_GetPCLK1Freq
 .text.HAL_RCC_GetPCLK2Freq
                0x08002dd8       0x20 build/stm32f4xx_hal_rcc.o
                0x08002dd8                HAL_RCC_GetPCLK2Freq
 .text.HAL_GPIO_Init
                0x08002df8      0x1ec build/stm32f4xx_hal_gpio.o
                0x08002df8                HAL_GPIO_Init
 .text.HAL_GPIO_DeInit
                0x08002fe4      0x134 build/stm32f4xx_hal_gpio.o
                0x08002fe4                HAL_GPIO_DeInit
 .text.HAL_GPIO_WritePin
                0x08003118        0xc build/stm32f4xx_hal_gpio.o
                0x08003118                HAL_GPIO_WritePin
 .text.DMA_SetConfig
                0x08003124       0x2c build/stm32f4xx_hal_dma.o
 .text.DMA_CalcBaseAndBitshift
                0x08003150       0x44 build/stm32f4xx_hal_dma.o
 .text.DMA_CheckFifoParam
                0x08003194       0x8e build/stm32f4xx_hal_dma.o
 *fill*         0x08003222        0x2 
 .text.HAL_DMA_Init
                0x08003224       0xcc build/stm32f4xx_hal_dma.o
                0x08003224                HAL_DMA_Init
 .text.HAL_DMA_DeInit
                0x080032f0       0x64 build/stm32f4xx_hal_dma.o
                0x080032f0                HAL_DMA_DeInit
 .text.HAL_DMA_Start_IT
                0x08003354       0x6a build/stm32f4xx_hal_dma.o
                0x08003354                HAL_DMA_Start_IT
 .text.HAL_DMA_Abort
                0x080033be       0x94 build/stm32f4xx_hal_dma.o
                0x080033be                HAL_DMA_Abort
 .text.HAL_DMA_Abort_IT
                0x08003452       0x26 build/stm32f4xx_hal_dma.o
                0x08003452                HAL_DMA_Abort_IT
 .text.HAL_DMA_IRQHandler
                0x08003478      0x1dc build/stm32f4xx_hal_dma.o
                0x08003478                HAL_DMA_IRQHandler
 .text.HAL_NVIC_SetPriorityGrouping
                0x08003654       0x24 build/stm32f4xx_hal_cortex.o
                0x08003654                HAL_NVIC_SetPriorityGrouping
 .text.HAL_NVIC_SetPriority
                0x08003678       0x70 build/stm32f4xx_hal_cortex.o
                0x08003678                HAL_NVIC_SetPriority
 .text.HAL_NVIC_EnableIRQ
                0x080036e8       0x1c build/stm32f4xx_hal_cortex.o
                0x080036e8                HAL_NVIC_EnableIRQ
 .text.HAL_NVIC_DisableIRQ
                0x08003704       0x24 build/stm32f4xx_hal_cortex.o
                0x08003704                HAL_NVIC_DisableIRQ
 .text.HAL_SYSTICK_Config
                0x08003728       0x28 build/stm32f4xx_hal_cortex.o
                0x08003728                HAL_SYSTICK_Config
 .text.HAL_InitTick
                0x08003750       0x4c build/stm32f4xx_hal.o
                0x08003750                HAL_InitTick
 .text.HAL_Init
                0x0800379c       0x34 build/stm32f4xx_hal.o
                0x0800379c                HAL_Init
 .text.HAL_IncTick
                0x080037d0       0x18 build/stm32f4xx_hal.o
                0x080037d0                HAL_IncTick
 .text.HAL_GetTick
                0x080037e8        0xc build/stm32f4xx_hal.o
                0x080037e8                HAL_GetTick
 .text.HAL_Delay
                0x080037f4       0x28 build/stm32f4xx_hal.o
                0x080037f4                HAL_Delay
 .text.TIM_OC1_SetConfig
                0x0800381c       0x70 build/stm32f4xx_hal_tim.o
 .text.TIM_OC3_SetConfig
                0x0800388c       0x70 build/stm32f4xx_hal_tim.o
 .text.TIM_OC4_SetConfig
                0x080038fc       0x50 build/stm32f4xx_hal_tim.o
 .text.TIM_TI1_ConfigInputStage
                0x0800394c       0x26 build/stm32f4xx_hal_tim.o
 .text.TIM_TI2_ConfigInputStage
                0x08003972       0x28 build/stm32f4xx_hal_tim.o
 .text.TIM_ITRx_SetConfig
                0x0800399a       0x10 build/stm32f4xx_hal_tim.o
 *fill*         0x080039aa        0x2 
 .text.HAL_TIM_Base_Start_IT
                0x080039ac       0x88 build/stm32f4xx_hal_tim.o
                0x080039ac                HAL_TIM_Base_Start_IT
 .text.HAL_TIM_PWM_MspInit
                0x08003a34        0x2 build/stm32f4xx_hal_tim.o
                0x08003a34                HAL_TIM_PWM_MspInit
 .text.HAL_TIM_OC_DelayElapsedCallback
                0x08003a36        0x2 build/stm32f4xx_hal_tim.o
                0x08003a36                HAL_TIM_OC_DelayElapsedCallback
 .text.HAL_TIM_IC_CaptureCallback
                0x08003a38        0x2 build/stm32f4xx_hal_tim.o
                0x08003a38                HAL_TIM_IC_CaptureCallback
 .text.TIM_DMADelayPulseCplt
                0x08003a3a       0x70 build/stm32f4xx_hal_tim.o
 .text.HAL_TIM_PWM_PulseFinishedHalfCpltCallback
                0x08003aaa        0x2 build/stm32f4xx_hal_tim.o
                0x08003aaa                HAL_TIM_PWM_PulseFinishedHalfCpltCallback
 .text.TIM_DMADelayPulseHalfCplt
                0x08003aac       0x3e build/stm32f4xx_hal_tim.o
                0x08003aac                TIM_DMADelayPulseHalfCplt
 .text.HAL_TIM_TriggerCallback
                0x08003aea        0x2 build/stm32f4xx_hal_tim.o
                0x08003aea                HAL_TIM_TriggerCallback
 .text.HAL_TIM_IRQHandler
                0x08003aec      0x17a build/stm32f4xx_hal_tim.o
                0x08003aec                HAL_TIM_IRQHandler
 .text.HAL_TIM_ErrorCallback
                0x08003c66        0x2 build/stm32f4xx_hal_tim.o
                0x08003c66                HAL_TIM_ErrorCallback
 .text.TIM_DMAError
                0x08003c68       0x5c build/stm32f4xx_hal_tim.o
                0x08003c68                TIM_DMAError
 .text.TIM_Base_SetConfig
                0x08003cc4       0xc8 build/stm32f4xx_hal_tim.o
                0x08003cc4                TIM_Base_SetConfig
 .text.HAL_TIM_Base_Init
                0x08003d8c       0x58 build/stm32f4xx_hal_tim.o
                0x08003d8c                HAL_TIM_Base_Init
 .text.HAL_TIM_PWM_Init
                0x08003de4       0x58 build/stm32f4xx_hal_tim.o
                0x08003de4                HAL_TIM_PWM_Init
 .text.HAL_TIM_Encoder_Init
                0x08003e3c       0xb0 build/stm32f4xx_hal_tim.o
                0x08003e3c                HAL_TIM_Encoder_Init
 .text.TIM_OC2_SetConfig
                0x08003eec       0x70 build/stm32f4xx_hal_tim.o
                0x08003eec                TIM_OC2_SetConfig
 .text.HAL_TIM_PWM_ConfigChannel
                0x08003f5c       0xdc build/stm32f4xx_hal_tim.o
                0x08003f5c                HAL_TIM_PWM_ConfigChannel
 .text.TIM_ETR_SetConfig
                0x08004038       0x1a build/stm32f4xx_hal_tim.o
                0x08004038                TIM_ETR_SetConfig
 .text.HAL_TIM_ConfigClockSource
                0x08004052       0xfe build/stm32f4xx_hal_tim.o
                0x08004052                HAL_TIM_ConfigClockSource
 .text.TIM_CCxChannelCmd
                0x08004150       0x1e build/stm32f4xx_hal_tim.o
                0x08004150                TIM_CCxChannelCmd
 *fill*         0x0800416e        0x2 
 .text.HAL_TIM_PWM_Start
                0x08004170      0x104 build/stm32f4xx_hal_tim.o
                0x08004170                HAL_TIM_PWM_Start
 .text.HAL_TIM_PWM_Start_DMA
                0x08004274      0x26c build/stm32f4xx_hal_tim.o
                0x08004274                HAL_TIM_PWM_Start_DMA
 .text.HAL_TIM_PWM_Stop_DMA
                0x080044e0       0xf4 build/stm32f4xx_hal_tim.o
                0x080044e0                HAL_TIM_PWM_Stop_DMA
 .text.HAL_TIM_Encoder_Start
                0x080045d4       0xcc build/stm32f4xx_hal_tim.o
                0x080045d4                HAL_TIM_Encoder_Start
 .text.HAL_TIMEx_MasterConfigSynchronization
                0x080046a0       0x8c build/stm32f4xx_hal_tim_ex.o
                0x080046a0                HAL_TIMEx_MasterConfigSynchronization
 .text.HAL_TIMEx_ConfigBreakDeadTime
                0x0800472c       0x52 build/stm32f4xx_hal_tim_ex.o
                0x0800472c                HAL_TIMEx_ConfigBreakDeadTime
 .text.HAL_TIMEx_CommutCallback
                0x0800477e        0x2 build/stm32f4xx_hal_tim_ex.o
                0x0800477e                HAL_TIMEx_CommutCallback
 .text.HAL_TIMEx_BreakCallback
                0x08004780        0x2 build/stm32f4xx_hal_tim_ex.o
                0x08004780                HAL_TIMEx_BreakCallback
 .text.UART_EndTxTransfer
                0x08004782       0x20 build/stm32f4xx_hal_uart.o
 .text.UART_EndRxTransfer
                0x080047a2       0x5c build/stm32f4xx_hal_uart.o
 .text.UART_Transmit_IT
                0x080047fe       0x60 build/stm32f4xx_hal_uart.o
 *fill*         0x0800485e        0x2 
 .text.UART_SetConfig
                0x08004860      0x110 build/stm32f4xx_hal_uart.o
 .text.HAL_UART_Init
                0x08004970       0x5e build/stm32f4xx_hal_uart.o
                0x08004970                HAL_UART_Init
 *fill*         0x080049ce        0x2 
 .text.HAL_UART_Transmit_DMA
                0x080049d0       0x9c build/stm32f4xx_hal_uart.o
                0x080049d0                HAL_UART_Transmit_DMA
 .text.HAL_UART_TxCpltCallback
                0x08004a6c        0x2 build/stm32f4xx_hal_uart.o
                0x08004a6c                HAL_UART_TxCpltCallback
 .text.UART_DMATransmitCplt
                0x08004a6e       0x4c build/stm32f4xx_hal_uart.o
 .text.UART_EndTransmit_IT
                0x08004aba       0x1a build/stm32f4xx_hal_uart.o
 .text.HAL_UART_TxHalfCpltCallback
                0x08004ad4        0x2 build/stm32f4xx_hal_uart.o
                0x08004ad4                HAL_UART_TxHalfCpltCallback
 .text.UART_DMATxHalfCplt
                0x08004ad6        0xa build/stm32f4xx_hal_uart.o
 .text.HAL_UART_RxHalfCpltCallback
                0x08004ae0        0x2 build/stm32f4xx_hal_uart.o
                0x08004ae0                HAL_UART_RxHalfCpltCallback
 .text.HAL_UART_ErrorCallback
                0x08004ae2        0x2 build/stm32f4xx_hal_uart.o
                0x08004ae2                HAL_UART_ErrorCallback
 .text.UART_DMAError
                0x08004ae4       0x58 build/stm32f4xx_hal_uart.o
 .text.UART_DMAAbortOnError
                0x08004b3c       0x10 build/stm32f4xx_hal_uart.o
 .text.HAL_UARTEx_RxEventCallback
                0x08004b4c        0x2 build/stm32f4xx_hal_uart.o
                0x08004b4c                HAL_UARTEx_RxEventCallback
 .text.UART_Receive_IT
                0x08004b4e       0xe2 build/stm32f4xx_hal_uart.o
 .text.HAL_UART_IRQHandler
                0x08004c30      0x280 build/stm32f4xx_hal_uart.o
                0x08004c30                HAL_UART_IRQHandler
 .text.UART_DMARxHalfCplt
                0x08004eb0       0x1a build/stm32f4xx_hal_uart.o
 .text.UART_DMAReceiveCplt
                0x08004eca       0x96 build/stm32f4xx_hal_uart.o
 .text.HAL_UART_GetState
                0x08004f60        0xc build/stm32f4xx_hal_uart.o
                0x08004f60                HAL_UART_GetState
 .text.UART_Start_Receive_DMA
                0x08004f6c       0xa8 build/stm32f4xx_hal_uart.o
                0x08004f6c                UART_Start_Receive_DMA
 .text.HAL_UART_Receive_DMA
                0x08005014       0x38 build/stm32f4xx_hal_uart.o
                0x08005014                HAL_UART_Receive_DMA
 .text.SystemInit
                0x0800504c       0x14 build/system_stm32f4xx.o
                0x0800504c                SystemInit
 .text.DeleteAllQueue
                0x08005060        0xc build/uart_fifo.o
                0x08005060                DeleteAllQueue
 .text.GetQueueReadCount
                0x0800506c       0x3a build/uart_fifo.o
                0x0800506c                GetQueueReadCount
 .text.RemoveQueue
                0x080050a6       0x60 build/uart_fifo.o
                0x080050a6                RemoveQueue
 .text.RemoveAQueue
                0x08005106       0x2a build/uart_fifo.o
                0x08005106                RemoveAQueue
 .text.QueryAQueue
                0x08005130       0x1e build/uart_fifo.o
                0x08005130                QueryAQueue
 .text.DeleteQueue
                0x0800514e       0x38 build/uart_fifo.o
                0x0800514e                DeleteQueue
 .text.GetQueueWriteCount
                0x08005186       0x3a build/uart_fifo.o
                0x08005186                GetQueueWriteCount
 .text.InsertQueue
                0x080051c0       0x5e build/uart_fifo.o
                0x080051c0                InsertQueue
 .text.Compare_QueryQueue
                0x0800521e       0x40 build/ifr-scope_device.o
                0x0800521e                Compare_QueryQueue
 .text.Get_Str_IndexOfQueue
                0x0800525e       0x6c build/ifr-scope_device.o
                0x0800525e                Get_Str_IndexOfQueue
 *fill*         0x080052ca        0x2 
 .text.Find_IFR_Head
                0x080052cc       0x34 build/ifr-scope_device.o
                0x080052cc                Find_IFR_Head
 .text.IFR_Scope_Main
                0x08005300      0x238 build/ifr-scope_device.o
                0x08005300                IFR_Scope_Main
 .text.UpdateOneColorToAllBit
                0x08005538       0x68 build/ws2812.o
                0x08005538                UpdateOneColorToAllBit
 .text.UpdateOneColorsToDesignatedBit
                0x080055a0       0x74 build/ws2812.o
                0x080055a0                UpdateOneColorsToDesignatedBit
 .text.shift_by_byte
                0x08005614       0x3c build/ws2812.o
                0x08005614                shift_by_byte
 .text.OneColorRamp
                0x08005650       0x3e build/ws2812.o
                0x08005650                OneColorRamp
 *fill*         0x0800568e        0x2 
 .text.normal_LightingEffects
                0x08005690       0xa4 build/ws2812.o
                0x08005690                normal_LightingEffects
 .text.connecting_LightingEffects
                0x08005734       0xd8 build/ws2812.o
                0x08005734                connecting_LightingEffects
 .text.connected_LightingEffects
                0x0800580c       0xa0 build/ws2812.o
                0x0800580c                connected_LightingEffects
 *fill*         0x080058ac        0x4 
 .text.StandTurn_Balance_step
                0x080058b0      0xde8 build/StandTurn_Balance.o
                0x080058b0                StandTurn_Balance_step
 .text.StandTurn_Balance_initialize
                0x08006698        0xa build/StandTurn_Balance.o
                0x08006698                StandTurn_Balance_initialize
 *fill*         0x080066a2        0x2 
 .text.timer_5ms_callback
                0x080066a4       0xd8 build/main.o
                0x080066a4                timer_5ms_callback
 .text.Deinit_ALL
                0x0800677c       0x84 build/main.o
                0x0800677c                Deinit_ALL
 .text.Error_Handler
                0x08006800        0x4 build/main.o
                0x08006800                Error_Handler
 .text.SystemClock_Config
                0x08006804       0xa8 build/main.o
                0x08006804                SystemClock_Config
 .text.main     0x080068ac      0x1e8 build/main.o
                0x080068ac                main
 *fill*         0x08006a94        0x4 
 .text.rtGetInf
                0x08006a98       0x10 build/rtGetInf.o
                0x08006a98                rtGetInf
 .text.rtGetInfF
                0x08006aa8        0xc build/rtGetInf.o
                0x08006aa8                rtGetInfF
 *fill*         0x08006ab4        0x4 
 .text.rtGetMinusInf
                0x08006ab8       0x10 build/rtGetInf.o
                0x08006ab8                rtGetMinusInf
 .text.rtGetMinusInfF
                0x08006ac8        0xc build/rtGetInf.o
                0x08006ac8                rtGetMinusInfF
 *fill*         0x08006ad4        0x4 
 .text.rtGetNaN
                0x08006ad8       0x10 build/rtGetNaN.o
                0x08006ad8                rtGetNaN
 .text.rtGetNaNF
                0x08006ae8        0xc build/rtGetNaN.o
                0x08006ae8                rtGetNaNF
 .text.rt_InitInfAndNaN
                0x08006af4       0x58 build/rt_nonfinite.o
                0x08006af4                rt_InitInfAndNaN
 .text.rtIsInf  0x08006b4c       0x3c build/rt_nonfinite.o
                0x08006b4c                rtIsInf
 .text.rtIsNaN  0x08006b88       0x28 build/rt_nonfinite.o
                0x08006b88                rtIsNaN
 .text.Reset_Handler
                0x08006bb0       0x50 build/startup_stm32f405xx.o
                0x08006bb0                Reset_Handler
 .text.Default_Handler
                0x08006c00        0x2 build/startup_stm32f405xx.o
                0x08006c00                RTC_Alarm_IRQHandler
                0x08006c00                HASH_RNG_IRQHandler
                0x08006c00                EXTI2_IRQHandler
                0x08006c00                TIM8_CC_IRQHandler
                0x08006c00                TIM1_CC_IRQHandler
                0x08006c00                DMA1_Stream5_IRQHandler
                0x08006c00                PVD_IRQHandler
                0x08006c00                SDIO_IRQHandler
                0x08006c00                TAMP_STAMP_IRQHandler
                0x08006c00                CAN2_RX1_IRQHandler
                0x08006c00                EXTI3_IRQHandler
                0x08006c00                TIM8_TRG_COM_TIM14_IRQHandler
                0x08006c00                TIM1_UP_TIM10_IRQHandler
                0x08006c00                TIM8_UP_TIM13_IRQHandler
                0x08006c00                I2C3_ER_IRQHandler
                0x08006c00                EXTI0_IRQHandler
                0x08006c00                I2C2_EV_IRQHandler
                0x08006c00                DMA1_Stream2_IRQHandler
                0x08006c00                CAN1_RX0_IRQHandler
                0x08006c00                FPU_IRQHandler
                0x08006c00                OTG_HS_WKUP_IRQHandler
                0x08006c00                CAN2_SCE_IRQHandler
                0x08006c00                SPI1_IRQHandler
                0x08006c00                TIM6_DAC_IRQHandler
                0x08006c00                TIM1_BRK_TIM9_IRQHandler
                0x08006c00                CAN2_RX0_IRQHandler
                0x08006c00                DMA2_Stream3_IRQHandler
                0x08006c00                USART6_IRQHandler
                0x08006c00                CAN1_RX1_IRQHandler
                0x08006c00                UART5_IRQHandler
                0x08006c00                TIM4_IRQHandler
                0x08006c00                I2C1_EV_IRQHandler
                0x08006c00                DMA1_Stream6_IRQHandler
                0x08006c00                UART4_IRQHandler
                0x08006c00                TIM3_IRQHandler
                0x08006c00                RCC_IRQHandler
                0x08006c00                TIM8_BRK_TIM12_IRQHandler
                0x08006c00                Default_Handler
                0x08006c00                EXTI15_10_IRQHandler
                0x08006c00                ADC_IRQHandler
                0x08006c00                DMA1_Stream7_IRQHandler
                0x08006c00                CAN2_TX_IRQHandler
                0x08006c00                TIM5_IRQHandler
                0x08006c00                I2C3_EV_IRQHandler
                0x08006c00                EXTI9_5_IRQHandler
                0x08006c00                RTC_WKUP_IRQHandler
                0x08006c00                SPI2_IRQHandler
                0x08006c00                OTG_HS_EP1_IN_IRQHandler
                0x08006c00                CAN1_TX_IRQHandler
                0x08006c00                EXTI4_IRQHandler
                0x08006c00                FSMC_IRQHandler
                0x08006c00                OTG_HS_EP1_OUT_IRQHandler
                0x08006c00                WWDG_IRQHandler
                0x08006c00                TIM2_IRQHandler
                0x08006c00                OTG_FS_WKUP_IRQHandler
                0x08006c00                TIM1_TRG_COM_TIM11_IRQHandler
                0x08006c00                OTG_HS_IRQHandler
                0x08006c00                EXTI1_IRQHandler
                0x08006c00                USART2_IRQHandler
                0x08006c00                I2C2_ER_IRQHandler
                0x08006c00                DMA2_Stream1_IRQHandler
                0x08006c00                CAN1_SCE_IRQHandler
                0x08006c00                FLASH_IRQHandler
                0x08006c00                DMA2_Stream4_IRQHandler
                0x08006c00                OTG_FS_IRQHandler
                0x08006c00                SPI3_IRQHandler
                0x08006c00                DMA1_Stream4_IRQHandler
                0x08006c00                I2C1_ER_IRQHandler
                0x08006c00                DMA2_Stream6_IRQHandler
 *fill*         0x08006c02        0x2 
 .text.__libc_init_array
                0x08006c04       0x48 c:/program files (x86)/arm gnu toolchain arm-none-eabi/11.2 2022.02/bin/../lib/gcc/arm-none-eabi/11.2.1/thumb/v7e-m+fp/hard\libc_nano.a(lib_a-init.o)
                0x08006c04                __libc_init_array
 .text.memcpy   0x08006c4c       0x1c c:/program files (x86)/arm gnu toolchain arm-none-eabi/11.2 2022.02/bin/../lib/gcc/arm-none-eabi/11.2.1/thumb/v7e-m+fp/hard\libc_nano.a(lib_a-memcpy-stub.o)
                0x08006c4c                memcpy
 .text.memset   0x08006c68       0x10 c:/program files (x86)/arm gnu toolchain arm-none-eabi/11.2 2022.02/bin/../lib/gcc/arm-none-eabi/11.2.1/thumb/v7e-m+fp/hard\libc_nano.a(lib_a-memset.o)
                0x08006c68                memset
 .text.sprintf  0x08006c78       0x40 c:/program files (x86)/arm gnu toolchain arm-none-eabi/11.2 2022.02/bin/../lib/gcc/arm-none-eabi/11.2.1/thumb/v7e-m+fp/hard\libc_nano.a(lib_a-sprintf.o)
                0x08006c78                siprintf
                0x08006c78                sprintf
 .text.__ssputs_r
                0x08006cb8       0xb4 c:/program files (x86)/arm gnu toolchain arm-none-eabi/11.2 2022.02/bin/../lib/gcc/arm-none-eabi/11.2.1/thumb/v7e-m+fp/hard\libc_nano.a(lib_a-nano-svfprintf.o)
                0x08006cb8                __ssputs_r
 .text._svfprintf_r
                0x08006d6c      0x1fc c:/program files (x86)/arm gnu toolchain arm-none-eabi/11.2 2022.02/bin/../lib/gcc/arm-none-eabi/11.2.1/thumb/v7e-m+fp/hard\libc_nano.a(lib_a-nano-svfprintf.o)
                0x08006d6c                _svfiprintf_r
                0x08006d6c                _svfprintf_r
 .text._printf_common
                0x08006f68       0xda c:/program files (x86)/arm gnu toolchain arm-none-eabi/11.2 2022.02/bin/../lib/gcc/arm-none-eabi/11.2.1/thumb/v7e-m+fp/hard\libc_nano.a(lib_a-nano-vfprintf_i.o)
                0x08006f68                _printf_common
 *fill*         0x08007042        0x2 
 .text._printf_i
                0x08007044      0x244 c:/program files (x86)/arm gnu toolchain arm-none-eabi/11.2 2022.02/bin/../lib/gcc/arm-none-eabi/11.2.1/thumb/v7e-m+fp/hard\libc_nano.a(lib_a-nano-vfprintf_i.o)
                0x08007044                _printf_i
 .text.memmove  0x08007288       0x34 c:/program files (x86)/arm gnu toolchain arm-none-eabi/11.2 2022.02/bin/../lib/gcc/arm-none-eabi/11.2.1/thumb/v7e-m+fp/hard\libc_nano.a(lib_a-memmove.o)
                0x08007288                memmove
 .text._free_r  0x080072bc       0x98 c:/program files (x86)/arm gnu toolchain arm-none-eabi/11.2 2022.02/bin/../lib/gcc/arm-none-eabi/11.2.1/thumb/v7e-m+fp/hard\libc_nano.a(lib_a-nano-freer.o)
                0x080072bc                _free_r
 .text.sbrk_aligned
                0x08007354       0x40 c:/program files (x86)/arm gnu toolchain arm-none-eabi/11.2 2022.02/bin/../lib/gcc/arm-none-eabi/11.2.1/thumb/v7e-m+fp/hard\libc_nano.a(lib_a-nano-mallocr.o)
 .text._malloc_r
                0x08007394       0xe8 c:/program files (x86)/arm gnu toolchain arm-none-eabi/11.2 2022.02/bin/../lib/gcc/arm-none-eabi/11.2.1/thumb/v7e-m+fp/hard\libc_nano.a(lib_a-nano-mallocr.o)
                0x08007394                _malloc_r
 .text._realloc_r
                0x0800747c       0x5e c:/program files (x86)/arm gnu toolchain arm-none-eabi/11.2 2022.02/bin/../lib/gcc/arm-none-eabi/11.2.1/thumb/v7e-m+fp/hard\libc_nano.a(lib_a-nano-reallocr.o)
                0x0800747c                _realloc_r
 *fill*         0x080074da        0x2 
 .text._sbrk_r  0x080074dc       0x20 c:/program files (x86)/arm gnu toolchain arm-none-eabi/11.2 2022.02/bin/../lib/gcc/arm-none-eabi/11.2.1/thumb/v7e-m+fp/hard\libc_nano.a(lib_a-sbrkr.o)
                0x080074dc                _sbrk_r
 .text.__malloc_lock
                0x080074fc        0x2 c:/program files (x86)/arm gnu toolchain arm-none-eabi/11.2 2022.02/bin/../lib/gcc/arm-none-eabi/11.2.1/thumb/v7e-m+fp/hard\libc_nano.a(lib_a-mlock.o)
                0x080074fc                __malloc_lock
 .text.__malloc_unlock
                0x080074fe        0x2 c:/program files (x86)/arm gnu toolchain arm-none-eabi/11.2 2022.02/bin/../lib/gcc/arm-none-eabi/11.2.1/thumb/v7e-m+fp/hard\libc_nano.a(lib_a-mlock.o)
                0x080074fe                __malloc_unlock
 .text._malloc_usable_size_r
                0x08007500       0x10 c:/program files (x86)/arm gnu toolchain arm-none-eabi/11.2 2022.02/bin/../lib/gcc/arm-none-eabi/11.2.1/thumb/v7e-m+fp/hard\libc_nano.a(lib_a-nano-msizer.o)
                0x08007500                _malloc_usable_size_r
 .text.floor    0x08007510      0x118 c:/program files (x86)/arm gnu toolchain arm-none-eabi/11.2 2022.02/bin/../lib/gcc/arm-none-eabi/11.2.1/thumb/v7e-m+fp/hard\libm.a(lib_a-s_floor.o)
                0x08007510                floor
 .text.fmod     0x08007628       0x6c c:/program files (x86)/arm gnu toolchain arm-none-eabi/11.2 2022.02/bin/../lib/gcc/arm-none-eabi/11.2.1/thumb/v7e-m+fp/hard\libm.a(lib_a-w_fmod.o)
                0x08007628                fmod
 .text.__ieee754_fmod
                0x08007694      0x27c c:/program files (x86)/arm gnu toolchain arm-none-eabi/11.2 2022.02/bin/../lib/gcc/arm-none-eabi/11.2.1/thumb/v7e-m+fp/hard\libm.a(lib_a-e_fmod.o)
                0x08007694                __ieee754_fmod
 .text._sbrk    0x08007910       0x1c c:/program files (x86)/arm gnu toolchain arm-none-eabi/11.2 2022.02/bin/../lib/gcc/arm-none-eabi/11.2.1/thumb/v7e-m+fp/hard\libnosys.a(sbrk.o)
                0x08007910                _sbrk
 .text.__udivmoddi4
                0x0800792c      0x2c8 c:/program files (x86)/arm gnu toolchain arm-none-eabi/11.2 2022.02/bin/../lib/gcc/arm-none-eabi/11.2.1/thumb/v7e-m+fp/hard\libgcc.a(_udivmoddi4.o)
                0x0800792c                __udivmoddi4
 .text.__errno  0x08007bf4        0xc c:/program files (x86)/arm gnu toolchain arm-none-eabi/11.2 2022.02/bin/../lib/gcc/arm-none-eabi/11.2.1/thumb/v7e-m+fp/hard\libc_nano.a(lib_a-errno.o)
                0x08007bf4                __errno
 *(.glue_7)
 .glue_7        0x08007c00        0x0 linker stubs
 *(.glue_7t)
 .glue_7t       0x08007c00        0x0 linker stubs
 *(.eh_frame)
 .eh_frame      0x08007c00        0x0 c:/program files (x86)/arm gnu toolchain arm-none-eabi/11.2 2022.02/bin/../lib/gcc/arm-none-eabi/11.2.1/thumb/v7e-m+fp/hard/crtbegin.o
 *(.init)
 .init          0x08007c00        0x4 c:/program files (x86)/arm gnu toolchain arm-none-eabi/11.2 2022.02/bin/../lib/gcc/arm-none-eabi/11.2.1/thumb/v7e-m+fp/hard/crti.o
                0x08007c00                _init
 .init          0x08007c04        0x8 c:/program files (x86)/arm gnu toolchain arm-none-eabi/11.2 2022.02/bin/../lib/gcc/arm-none-eabi/11.2.1/thumb/v7e-m+fp/hard/crtn.o
 *(.fini)
 .fini          0x08007c0c        0x4 c:/program files (x86)/arm gnu toolchain arm-none-eabi/11.2 2022.02/bin/../lib/gcc/arm-none-eabi/11.2.1/thumb/v7e-m+fp/hard/crti.o
                0x08007c0c                _fini
 .fini          0x08007c10        0x8 c:/program files (x86)/arm gnu toolchain arm-none-eabi/11.2 2022.02/bin/../lib/gcc/arm-none-eabi/11.2.1/thumb/v7e-m+fp/hard/crtn.o
                0x08007c18                . = ALIGN (0x4)
                0x08007c18                _etext = .

.vfp11_veneer   0x08007c18        0x0
 .vfp11_veneer  0x08007c18        0x0 linker stubs

.v4_bx          0x08007c18        0x0
 .v4_bx         0x08007c18        0x0 linker stubs

.iplt           0x08007c18        0x0
 .iplt          0x08007c18        0x0 c:/program files (x86)/arm gnu toolchain arm-none-eabi/11.2 2022.02/bin/../lib/gcc/arm-none-eabi/11.2.1/thumb/v7e-m+fp/hard/crtbegin.o

.rodata         0x08007c18       0xb8
                0x08007c18                . = ALIGN (0x4)
 *(.rodata)
 *(.rodata*)
 .rodata.flagBitshiftOffset.0
                0x08007c18        0x8 build/stm32f4xx_hal_dma.o
 .rodata.AHBPrescTable
                0x08007c20       0x10 build/system_stm32f4xx.o
                0x08007c20                AHBPrescTable
 .rodata.APBPrescTable
                0x08007c30        0x8 build/system_stm32f4xx.o
                0x08007c30                APBPrescTable
 .rodata.IFR_Scope_Main.str1.4
                0x08007c38        0x7 build/ifr-scope_device.o
 *fill*         0x08007c3f        0x1 
 .rodata.WFDBG_DATA_MASK
                0x08007c40        0x6 build/ifr-scope_device.o
                0x08007c40                WFDBG_DATA_MASK
 *fill*         0x08007c46        0x2 
 .rodata.WFDBG_HANDSHAKE_Fail
                0x08007c48        0xc build/ifr-scope_device.o
                0x08007c48                WFDBG_HANDSHAKE_Fail
 .rodata.WFDBG_HANDSHAKE_KEY
                0x08007c54        0x5 build/ifr-scope_device.o
                0x08007c54                WFDBG_HANDSHAKE_KEY
 *fill*         0x08007c59        0x3 
 .rodata.WFDBG_HANDSHAKE_OK
                0x08007c5c        0xc build/ifr-scope_device.o
                0x08007c5c                WFDBG_HANDSHAKE_OK
 .rodata.WFDBG_HEAD
                0x08007c68        0x6 build/ifr-scope_device.o
                0x08007c68                WFDBG_HEAD
 *fill*         0x08007c6e        0x2 
 .rodata.WFDBG_REP_DCY1
                0x08007c70        0xb build/ifr-scope_device.o
                0x08007c70                WFDBG_REP_DCY1
 *fill*         0x08007c7b        0x1 
 .rodata.WFDBG_REP_DCY2
                0x08007c7c        0xc build/ifr-scope_device.o
                0x08007c7c                WFDBG_REP_DCY2
 .rodata.WS2812BitDef
                0x08007c88        0x2 build/ws2812.o
                0x08007c88                WS2812BitDef
 .rodata.StandTurn_Balance_U8GND
                0x08007c8a        0x1 build/StandTurn_Balance.o
                0x08007c8a                StandTurn_Balance_U8GND
 .rodata._svfprintf_r.str1.1
                0x08007c8b       0x11 c:/program files (x86)/arm gnu toolchain arm-none-eabi/11.2 2022.02/bin/../lib/gcc/arm-none-eabi/11.2.1/thumb/v7e-m+fp/hard\libc_nano.a(lib_a-nano-svfprintf.o)
 .rodata._printf_i.str1.1
                0x08007c9c       0x22 c:/program files (x86)/arm gnu toolchain arm-none-eabi/11.2 2022.02/bin/../lib/gcc/arm-none-eabi/11.2.1/thumb/v7e-m+fp/hard\libc_nano.a(lib_a-nano-vfprintf_i.o)
 *fill*         0x08007cbe        0x2 
 .rodata.Zero   0x08007cc0       0x10 c:/program files (x86)/arm gnu toolchain arm-none-eabi/11.2 2022.02/bin/../lib/gcc/arm-none-eabi/11.2.1/thumb/v7e-m+fp/hard\libm.a(lib_a-e_fmod.o)
                0x08007cd0                . = ALIGN (0x4)

.ARM.extab
 *(.ARM.extab* .gnu.linkonce.armextab.*)

.ARM            0x08007cd0        0x8
                0x08007cd0                __exidx_start = .
 *(.ARM.exidx*)
 .ARM.exidx.text.__udivmoddi4
                0x08007cd0        0x8 c:/program files (x86)/arm gnu toolchain arm-none-eabi/11.2 2022.02/bin/../lib/gcc/arm-none-eabi/11.2.1/thumb/v7e-m+fp/hard\libgcc.a(_udivmoddi4.o)
                0x08007cd8                __exidx_end = .

.rel.dyn        0x08007cd8        0x0
 .rel.iplt      0x08007cd8        0x0 c:/program files (x86)/arm gnu toolchain arm-none-eabi/11.2 2022.02/bin/../lib/gcc/arm-none-eabi/11.2.1/thumb/v7e-m+fp/hard/crtbegin.o

.preinit_array  0x08007cd8        0x0
                0x08007cd8                PROVIDE (__preinit_array_start = .)
 *(.preinit_array*)
                0x08007cd8                PROVIDE (__preinit_array_end = .)

.init_array     0x08007cd8        0x4
                0x08007cd8                PROVIDE (__init_array_start = .)
 *(SORT_BY_NAME(.init_array.*))
 *(.init_array*)
 .init_array    0x08007cd8        0x4 c:/program files (x86)/arm gnu toolchain arm-none-eabi/11.2 2022.02/bin/../lib/gcc/arm-none-eabi/11.2.1/thumb/v7e-m+fp/hard/crtbegin.o
                0x08007cdc                PROVIDE (__init_array_end = .)

.fini_array     0x08007cdc        0x4
                [!provide]                PROVIDE (__fini_array_start = .)
 *(SORT_BY_NAME(.fini_array.*))
 *(.fini_array*)
 .fini_array    0x08007cdc        0x4 c:/program files (x86)/arm gnu toolchain arm-none-eabi/11.2 2022.02/bin/../lib/gcc/arm-none-eabi/11.2.1/thumb/v7e-m+fp/hard/crtbegin.o
                [!provide]                PROVIDE (__fini_array_end = .)
                0x08007ce0                _sidata = LOADADDR (.data)

.data           0x20000000       0xe8 load address 0x08007ce0
                0x20000000                . = ALIGN (0x4)
                0x20000000                _sdata = .
 *(.data)
 *(.data*)
 .data.uwTickFreq
                0x20000000        0x1 build/stm32f4xx_hal.o
                0x20000000                uwTickFreq
 *fill*         0x20000001        0x3 
 .data.uwTickPrio
                0x20000004        0x4 build/stm32f4xx_hal.o
                0x20000004                uwTickPrio
 .data.SystemCoreClock
                0x20000008        0x4 build/system_stm32f4xx.o
                0x20000008                SystemCoreClock
 .data.DataLink_UpFrameData
                0x2000000c       0x5e build/ifr-scope_device.o
                0x2000000c                DataLink_UpFrameData
 *fill*         0x2000006a        0x2 
 .data.WFDBG_HANDSHAKE
                0x2000006c        0x6 build/ifr-scope_device.o
                0x2000006c                WFDBG_HANDSHAKE
 *fill*         0x20000072        0x2 
 .data.WFDBG_REP_DESCRI
                0x20000074        0xf build/ifr-scope_device.o
                0x20000074                WFDBG_REP_DESCRI
 *fill*         0x20000083        0x1 
 .data._impure_ptr
                0x20000084        0x4 c:/program files (x86)/arm gnu toolchain arm-none-eabi/11.2 2022.02/bin/../lib/gcc/arm-none-eabi/11.2.1/thumb/v7e-m+fp/hard\libc_nano.a(lib_a-impure.o)
                0x20000084                _impure_ptr
 .data.impure_data
                0x20000088       0x60 c:/program files (x86)/arm gnu toolchain arm-none-eabi/11.2 2022.02/bin/../lib/gcc/arm-none-eabi/11.2.1/thumb/v7e-m+fp/hard\libc_nano.a(lib_a-impure.o)
                0x200000e8                . = ALIGN (0x4)
                0x200000e8                _edata = .
                0x08007dc8                _siccmram = LOADADDR (.ccmram)

.tm_clone_table
                0x200000e8        0x0 load address 0x08007dc8
 .tm_clone_table
                0x200000e8        0x0 c:/program files (x86)/arm gnu toolchain arm-none-eabi/11.2 2022.02/bin/../lib/gcc/arm-none-eabi/11.2.1/thumb/v7e-m+fp/hard/crtbegin.o
 .tm_clone_table
                0x200000e8        0x0 c:/program files (x86)/arm gnu toolchain arm-none-eabi/11.2 2022.02/bin/../lib/gcc/arm-none-eabi/11.2.1/thumb/v7e-m+fp/hard/crtend.o

.igot.plt       0x200000e8        0x0 load address 0x08007dc8
 .igot.plt      0x200000e8        0x0 c:/program files (x86)/arm gnu toolchain arm-none-eabi/11.2 2022.02/bin/../lib/gcc/arm-none-eabi/11.2.1/thumb/v7e-m+fp/hard/crtbegin.o

.ccmram         0x10000000        0x0 load address 0x08007dc8
                0x10000000                . = ALIGN (0x4)
                0x10000000                _sccmram = .
 *(.ccmram)
 *(.ccmram*)
                0x10000000                . = ALIGN (0x4)
                0x10000000                _eccmram = .
                0x10000000                . = ALIGN (0x4)

.bss            0x200000e8     0x15fc
                0x200000e8                _sbss = .
                0x200000e8                __bss_start__ = _sbss
 *(.bss)
 *(.bss*)
 .bss.completed.1
                0x200000e8        0x1 c:/program files (x86)/arm gnu toolchain arm-none-eabi/11.2 2022.02/bin/../lib/gcc/arm-none-eabi/11.2.1/thumb/v7e-m+fp/hard/crtbegin.o
 *fill*         0x200000e9        0x3 
 .bss.object.0  0x200000ec       0x18 c:/program files (x86)/arm gnu toolchain arm-none-eabi/11.2 2022.02/bin/../lib/gcc/arm-none-eabi/11.2.1/thumb/v7e-m+fp/hard/crtbegin.o
 .bss.adc_rawvalue
                0x20000104       0x14 build/adc.o
                0x20000104                adc_rawvalue
 .bss.adc_zerooffset
                0x20000118        0x4 build/adc.o
                0x20000118                adc_zerooffset
 .bss.hadc1     0x2000011c       0x48 build/adc.o
                0x2000011c                hadc1
 .bss.hadc2     0x20000164       0x48 build/adc.o
                0x20000164                hadc2
 .bss.hdma_adc1
                0x200001ac       0x60 build/adc.o
                0x200001ac                hdma_adc1
 .bss.hdma_adc2
                0x2000020c       0x60 build/adc.o
                0x2000020c                hdma_adc2
 .bss.simulinkRunFlag
                0x2000026c        0x8 build/adc.o
                0x2000026c                simulinkRunFlag
 .bss.tim3cnt   0x20000274        0x2 build/adc.o
                0x20000274                tim3cnt
 .bss.tim8cnt   0x20000276        0x2 build/adc.o
                0x20000276                tim8cnt
 .bss.hdma_tim4_ch1
                0x20000278       0x60 build/tim.o
                0x20000278                hdma_tim4_ch1
 .bss.hdma_tim4_ch2
                0x200002d8       0x60 build/tim.o
                0x200002d8                hdma_tim4_ch2
 .bss.htim2     0x20000338       0x48 build/tim.o
                0x20000338                htim2
 .bss.htim3     0x20000380       0x48 build/tim.o
                0x20000380                htim3
 .bss.htim4     0x200003c8       0x48 build/tim.o
                0x200003c8                htim4
 .bss.htim5     0x20000410       0x48 build/tim.o
                0x20000410                htim5
 .bss.htim7     0x20000458       0x48 build/tim.o
                0x20000458                htim7
 .bss.htim8     0x200004a0       0x48 build/tim.o
                0x200004a0                htim8
 .bss.DMA_NDTR  0x200004e8        0x2 build/usart.o
                0x200004e8                DMA_NDTR
 *fill*         0x200004ea        0x2 
 .bss.HI226_Angle
                0x200004ec        0x6 build/usart.o
                0x200004ec                HI226_Angle
 *fill*         0x200004f2        0x2 
 .bss.HI226_AngleV
                0x200004f4        0x6 build/usart.o
                0x200004f4                HI226_AngleV
 .bss.HI226_Calccrc
                0x200004fa        0x2 build/usart.o
                0x200004fa                HI226_Calccrc
 .bss.HI226_ErrorCount
                0x200004fc        0x2 build/usart.o
                0x200004fc                HI226_ErrorCount
 .bss.HI226_FreqCount
                0x200004fe        0x2 build/usart.o
                0x200004fe                HI226_FreqCount
 .bss.HI226_Recvcrc
                0x20000500        0x2 build/usart.o
                0x20000500                HI226_Recvcrc
 .bss.HI226_len
                0x20000502        0x2 build/usart.o
                0x20000502                HI226_len
 .bss.UART1_DMA_NDTR
                0x20000504        0x2 build/usart.o
                0x20000504                UART1_DMA_NDTR
 *fill*         0x20000506        0x2 
 .bss.USART1_Software_FIFO
                0x20000508      0x108 build/usart.o
                0x20000508                USART1_Software_FIFO
 .bss.Uart1DMAData
                0x20000610       0x68 build/usart.o
                0x20000610                Uart1DMAData
 .bss.hdma_usart1_rx
                0x20000678       0x60 build/usart.o
                0x20000678                hdma_usart1_rx
 .bss.hdma_usart1_tx
                0x200006d8       0x60 build/usart.o
                0x200006d8                hdma_usart1_tx
 .bss.hdma_usart3_rx
                0x20000738       0x60 build/usart.o
                0x20000738                hdma_usart3_rx
 .bss.huart1    0x20000798       0x44 build/usart.o
                0x20000798                huart1
 .bss.huart3    0x200007dc       0x44 build/usart.o
                0x200007dc                huart3
 .bss.huart4    0x20000820       0x44 build/usart.o
                0x20000820                huart4
 .bss.huart5    0x20000864       0x44 build/usart.o
                0x20000864                huart5
 .bss.uart1rev_errorconut
                0x200008a8        0x4 build/usart.o
                0x200008a8                uart1rev_errorconut
 .bss.uart3rx_bufnum
                0x200008ac        0x2 build/usart.o
                0x200008ac                uart3rx_bufnum
 *fill*         0x200008ae        0x2 
 .bss.uwTick    0x200008b0        0x4 build/stm32f4xx_hal.o
                0x200008b0                uwTick
 .bss.DataLink_RevData
                0x200008b4       0x28 build/ifr-scope_device.o
                0x200008b4                DataLink_RevData
 .bss.IFRScopeRunState
                0x200008dc        0x1 build/ifr-scope_device.o
                0x200008dc                IFRScopeRunState
 *fill*         0x200008dd        0x3 
 .bss.WFDBG_REPDCY
                0x200008e0       0x28 build/ifr-scope_device.o
                0x200008e0                WFDBG_REPDCY
 .bss.error_uart1tx
                0x20000908        0x4 build/ifr-scope_device.o
                0x20000908                error_uart1tx
 .bss.last_revtime
                0x2000090c        0x4 build/ifr-scope_device.o
                0x2000090c                last_revtime
 .bss.led_Designated
                0x20000910       0x1e build/ws2812.o
                0x20000910                led_Designated
 *fill*         0x2000092e        0x2 
 .bss.sendcolors
                0x20000930        0x3 build/ws2812.o
 *fill*         0x20000933        0x1 
 .bss.tarcolors
                0x20000934        0x3 build/ws2812.o
 *fill*         0x20000937        0x1 
 .bss.StandTurn_Balance_B
                0x20000938       0x80 build/StandTurn_Balance.o
                0x20000938                StandTurn_Balance_B
 .bss.StandTurn_Balance_DW
                0x200009b8      0x110 build/StandTurn_Balance.o
                0x200009b8                StandTurn_Balance_DW
 .bss.HI226_Freq
                0x20000ac8        0x2 build/main.o
                0x20000ac8                HI226_Freq
 *fill*         0x20000aca        0x2 
 .bss.Uart3DMABuffer
                0x20000acc       0x32 build/main.o
                0x20000acc                Uart3DMABuffer
 *fill*         0x20000afe        0x2 
 .bss.adc1_DMAData
                0x20000b00       0x14 build/main.o
                0x20000b00                adc1_DMAData
 .bss.adc2_DMAData
                0x20000b14       0x14 build/main.o
                0x20000b14                adc2_DMAData
 .bss.adcrunfreq
                0x20000b28        0x8 build/main.o
                0x20000b28                adcrunfreq
 .bss.motor1_PwmData
                0x20000b30        0x2 build/main.o
                0x20000b30                motor1_PwmData
 *fill*         0x20000b32        0x2 
 .bss.motor1_speed
                0x20000b34        0x4 build/main.o
                0x20000b34                motor1_speed
 .bss.motor2_PwmData
                0x20000b38        0x2 build/main.o
                0x20000b38                motor2_PwmData
 *fill*         0x20000b3a        0x2 
 .bss.motor2_speed
                0x20000b3c        0x4 build/main.o
                0x20000b3c                motor2_speed
 .bss.pwm4_1_DMAData
                0x20000b40      0x5a2 build/main.o
                0x20000b40                pwm4_1_DMAData
 *fill*         0x200010e2        0x2 
 .bss.pwm4_2_DMAData
                0x200010e4      0x5a2 build/main.o
                0x200010e4                pwm4_2_DMAData
 *fill*         0x20001686        0x2 
 .bss.simulinkOverrunCount
                0x20001688        0x4 build/main.o
                0x20001688                simulinkOverrunCount
 .bss.time2_enc
                0x2000168c        0x8 build/main.o
                0x2000168c                time2_enc
 .bss.time5_enc
                0x20001694        0x8 build/main.o
                0x20001694                time5_enc
 .bss.time_5ms_count
                0x2000169c        0x4 build/main.o
                0x2000169c                time_5ms_count
 .bss.ws2812_data
                0x200016a0        0x3 build/main.o
                0x200016a0                ws2812_data
 *fill*         0x200016a3        0x5 
 .bss.rtInf     0x200016a8        0x8 build/rt_nonfinite.o
                0x200016a8                rtInf
 .bss.rtInfF    0x200016b0        0x4 build/rt_nonfinite.o
                0x200016b0                rtInfF
 *fill*         0x200016b4        0x4 
 .bss.rtMinusInf
                0x200016b8        0x8 build/rt_nonfinite.o
                0x200016b8                rtMinusInf
 .bss.rtMinusInfF
                0x200016c0        0x4 build/rt_nonfinite.o
                0x200016c0                rtMinusInfF
 *fill*         0x200016c4        0x4 
 .bss.rtNaN     0x200016c8        0x8 build/rt_nonfinite.o
                0x200016c8                rtNaN
 .bss.rtNaNF    0x200016d0        0x4 build/rt_nonfinite.o
                0x200016d0                rtNaNF
 .bss.__malloc_free_list
                0x200016d4        0x4 c:/program files (x86)/arm gnu toolchain arm-none-eabi/11.2 2022.02/bin/../lib/gcc/arm-none-eabi/11.2.1/thumb/v7e-m+fp/hard\libc_nano.a(lib_a-nano-mallocr.o)
                0x200016d4                __malloc_free_list
 .bss.__malloc_sbrk_start
                0x200016d8        0x4 c:/program files (x86)/arm gnu toolchain arm-none-eabi/11.2 2022.02/bin/../lib/gcc/arm-none-eabi/11.2.1/thumb/v7e-m+fp/hard\libc_nano.a(lib_a-nano-mallocr.o)
                0x200016d8                __malloc_sbrk_start
 .bss.errno     0x200016dc        0x4 c:/program files (x86)/arm gnu toolchain arm-none-eabi/11.2 2022.02/bin/../lib/gcc/arm-none-eabi/11.2.1/thumb/v7e-m+fp/hard\libc_nano.a(lib_a-reent.o)
                0x200016dc                errno
 .bss.heap_end.0
                0x200016e0        0x4 c:/program files (x86)/arm gnu toolchain arm-none-eabi/11.2 2022.02/bin/../lib/gcc/arm-none-eabi/11.2.1/thumb/v7e-m+fp/hard\libnosys.a(sbrk.o)
 *(COMMON)
                0x200016e4                . = ALIGN (0x4)
                0x200016e4                _ebss = .
                0x200016e4                __bss_end__ = _ebss

._user_heap_stack
                0x200016e4      0x604
                0x200016e8                . = ALIGN (0x8)
 *fill*         0x200016e4        0x4 
                0x200016e8                PROVIDE (end = .)
                [!provide]                PROVIDE (_end = .)
                0x200018e8                . = (. + _Min_Heap_Size)
 *fill*         0x200016e8      0x200 
                0x20001ce8                . = (. + _Min_Stack_Size)
 *fill*         0x200018e8      0x400 
                0x20001ce8                . = ALIGN (0x8)

/DISCARD/
 libc.a(*)
 libm.a(*)
 libgcc.a(*)

.ARM.attributes
                0x00000000       0x30
 *(.ARM.attributes)
 .ARM.attributes
                0x00000000       0x1e c:/program files (x86)/arm gnu toolchain arm-none-eabi/11.2 2022.02/bin/../lib/gcc/arm-none-eabi/11.2.1/thumb/v7e-m+fp/hard/crti.o
 .ARM.attributes
                0x0000001e       0x34 c:/program files (x86)/arm gnu toolchain arm-none-eabi/11.2 2022.02/bin/../lib/gcc/arm-none-eabi/11.2.1/thumb/v7e-m+fp/hard/crtbegin.o
 .ARM.attributes
                0x00000052       0x34 build/gpio.o
 .ARM.attributes
                0x00000086       0x34 build/adc.o
 .ARM.attributes
                0x000000ba       0x34 build/dma.o
 .ARM.attributes
                0x000000ee       0x34 build/tim.o
 .ARM.attributes
                0x00000122       0x34 build/usart.o
 .ARM.attributes
                0x00000156       0x34 build/stm32f4xx_it.o
 .ARM.attributes
                0x0000018a       0x34 build/stm32f4xx_hal_msp.o
 .ARM.attributes
                0x000001be       0x34 build/stm32f4xx_hal_adc.o
 .ARM.attributes
                0x000001f2       0x34 build/stm32f4xx_hal_rcc.o
 .ARM.attributes
                0x00000226       0x34 build/stm32f4xx_hal_gpio.o
 .ARM.attributes
                0x0000025a       0x34 build/stm32f4xx_hal_dma.o
 .ARM.attributes
                0x0000028e       0x34 build/stm32f4xx_hal_cortex.o
 .ARM.attributes
                0x000002c2       0x34 build/stm32f4xx_hal.o
 .ARM.attributes
                0x000002f6       0x34 build/stm32f4xx_hal_tim.o
 .ARM.attributes
                0x0000032a       0x34 build/stm32f4xx_hal_tim_ex.o
 .ARM.attributes
                0x0000035e       0x34 build/stm32f4xx_hal_uart.o
 .ARM.attributes
                0x00000392       0x34 build/system_stm32f4xx.o
 .ARM.attributes
                0x000003c6       0x34 build/uart_fifo.o
 .ARM.attributes
                0x000003fa       0x34 build/ifr-scope_device.o
 .ARM.attributes
                0x0000042e       0x34 build/ws2812.o
 .ARM.attributes
                0x00000462       0x34 build/StandTurn_Balance.o
 .ARM.attributes
                0x00000496       0x34 build/main.o
 .ARM.attributes
                0x000004ca       0x34 build/rtGetInf.o
 .ARM.attributes
                0x000004fe       0x34 build/rtGetNaN.o
 .ARM.attributes
                0x00000532       0x34 build/rt_nonfinite.o
 .ARM.attributes
                0x00000566       0x21 build/startup_stm32f405xx.o
 .ARM.attributes
                0x00000587       0x34 c:/program files (x86)/arm gnu toolchain arm-none-eabi/11.2 2022.02/bin/../lib/gcc/arm-none-eabi/11.2.1/thumb/v7e-m+fp/hard\libc_nano.a(lib_a-impure.o)
 .ARM.attributes
                0x000005bb       0x34 c:/program files (x86)/arm gnu toolchain arm-none-eabi/11.2 2022.02/bin/../lib/gcc/arm-none-eabi/11.2.1/thumb/v7e-m+fp/hard\libc_nano.a(lib_a-init.o)
 .ARM.attributes
                0x000005ef       0x34 c:/program files (x86)/arm gnu toolchain arm-none-eabi/11.2 2022.02/bin/../lib/gcc/arm-none-eabi/11.2.1/thumb/v7e-m+fp/hard\libc_nano.a(lib_a-memcpy-stub.o)
 .ARM.attributes
                0x00000623       0x34 c:/program files (x86)/arm gnu toolchain arm-none-eabi/11.2 2022.02/bin/../lib/gcc/arm-none-eabi/11.2.1/thumb/v7e-m+fp/hard\libc_nano.a(lib_a-memset.o)
 .ARM.attributes
                0x00000657       0x34 c:/program files (x86)/arm gnu toolchain arm-none-eabi/11.2 2022.02/bin/../lib/gcc/arm-none-eabi/11.2.1/thumb/v7e-m+fp/hard\libc_nano.a(lib_a-sprintf.o)
 .ARM.attributes
                0x0000068b       0x1c c:/program files (x86)/arm gnu toolchain arm-none-eabi/11.2 2022.02/bin/../lib/gcc/arm-none-eabi/11.2.1/thumb/v7e-m+fp/hard\libc_nano.a(lib_a-strcmp.o)
 .ARM.attributes
                0x000006a7       0x17 c:/program files (x86)/arm gnu toolchain arm-none-eabi/11.2 2022.02/bin/../lib/gcc/arm-none-eabi/11.2.1/thumb/v7e-m+fp/hard\libc_nano.a(lib_a-strlen.o)
 .ARM.attributes
                0x000006be       0x34 c:/program files (x86)/arm gnu toolchain arm-none-eabi/11.2 2022.02/bin/../lib/gcc/arm-none-eabi/11.2.1/thumb/v7e-m+fp/hard\libc_nano.a(lib_a-nano-svfprintf.o)
 .ARM.attributes
                0x000006f2       0x34 c:/program files (x86)/arm gnu toolchain arm-none-eabi/11.2 2022.02/bin/../lib/gcc/arm-none-eabi/11.2.1/thumb/v7e-m+fp/hard\libc_nano.a(lib_a-nano-vfprintf_i.o)
 .ARM.attributes
                0x00000726       0x1c c:/program files (x86)/arm gnu toolchain arm-none-eabi/11.2 2022.02/bin/../lib/gcc/arm-none-eabi/11.2.1/thumb/v7e-m+fp/hard\libc_nano.a(lib_a-memchr.o)
 .ARM.attributes
                0x00000742       0x34 c:/program files (x86)/arm gnu toolchain arm-none-eabi/11.2 2022.02/bin/../lib/gcc/arm-none-eabi/11.2.1/thumb/v7e-m+fp/hard\libc_nano.a(lib_a-memmove.o)
 .ARM.attributes
                0x00000776       0x34 c:/program files (x86)/arm gnu toolchain arm-none-eabi/11.2 2022.02/bin/../lib/gcc/arm-none-eabi/11.2.1/thumb/v7e-m+fp/hard\libc_nano.a(lib_a-nano-freer.o)
 .ARM.attributes
                0x000007aa       0x34 c:/program files (x86)/arm gnu toolchain arm-none-eabi/11.2 2022.02/bin/../lib/gcc/arm-none-eabi/11.2.1/thumb/v7e-m+fp/hard\libc_nano.a(lib_a-nano-mallocr.o)
 .ARM.attributes
                0x000007de       0x34 c:/program files (x86)/arm gnu toolchain arm-none-eabi/11.2 2022.02/bin/../lib/gcc/arm-none-eabi/11.2.1/thumb/v7e-m+fp/hard\libc_nano.a(lib_a-nano-reallocr.o)
 .ARM.attributes
                0x00000812       0x34 c:/program files (x86)/arm gnu toolchain arm-none-eabi/11.2 2022.02/bin/../lib/gcc/arm-none-eabi/11.2.1/thumb/v7e-m+fp/hard\libc_nano.a(lib_a-sbrkr.o)
 .ARM.attributes
                0x00000846       0x34 c:/program files (x86)/arm gnu toolchain arm-none-eabi/11.2 2022.02/bin/../lib/gcc/arm-none-eabi/11.2.1/thumb/v7e-m+fp/hard\libc_nano.a(lib_a-mlock.o)
 .ARM.attributes
                0x0000087a       0x34 c:/program files (x86)/arm gnu toolchain arm-none-eabi/11.2 2022.02/bin/../lib/gcc/arm-none-eabi/11.2.1/thumb/v7e-m+fp/hard\libc_nano.a(lib_a-nano-msizer.o)
 .ARM.attributes
                0x000008ae       0x34 c:/program files (x86)/arm gnu toolchain arm-none-eabi/11.2 2022.02/bin/../lib/gcc/arm-none-eabi/11.2.1/thumb/v7e-m+fp/hard\libc_nano.a(lib_a-reent.o)
 .ARM.attributes
                0x000008e2       0x34 c:/program files (x86)/arm gnu toolchain arm-none-eabi/11.2 2022.02/bin/../lib/gcc/arm-none-eabi/11.2.1/thumb/v7e-m+fp/hard\libm.a(lib_a-s_floor.o)
 .ARM.attributes
                0x00000916       0x34 c:/program files (x86)/arm gnu toolchain arm-none-eabi/11.2 2022.02/bin/../lib/gcc/arm-none-eabi/11.2.1/thumb/v7e-m+fp/hard\libm.a(lib_a-w_fmod.o)
 .ARM.attributes
                0x0000094a       0x34 c:/program files (x86)/arm gnu toolchain arm-none-eabi/11.2 2022.02/bin/../lib/gcc/arm-none-eabi/11.2.1/thumb/v7e-m+fp/hard\libm.a(lib_a-e_fmod.o)
 .ARM.attributes
                0x0000097e       0x34 c:/program files (x86)/arm gnu toolchain arm-none-eabi/11.2 2022.02/bin/../lib/gcc/arm-none-eabi/11.2.1/thumb/v7e-m+fp/hard\libnosys.a(sbrk.o)
 .ARM.attributes
                0x000009b2       0x1e c:/program files (x86)/arm gnu toolchain arm-none-eabi/11.2 2022.02/bin/../lib/gcc/arm-none-eabi/11.2.1/thumb/v7e-m+fp/hard\libgcc.a(_arm_addsubdf3.o)
 .ARM.attributes
                0x000009d0       0x1e c:/program files (x86)/arm gnu toolchain arm-none-eabi/11.2 2022.02/bin/../lib/gcc/arm-none-eabi/11.2.1/thumb/v7e-m+fp/hard\libgcc.a(_arm_muldivdf3.o)
 .ARM.attributes
                0x000009ee       0x1e c:/program files (x86)/arm gnu toolchain arm-none-eabi/11.2 2022.02/bin/../lib/gcc/arm-none-eabi/11.2.1/thumb/v7e-m+fp/hard\libgcc.a(_arm_cmpdf2.o)
 .ARM.attributes
                0x00000a0c       0x1e c:/program files (x86)/arm gnu toolchain arm-none-eabi/11.2 2022.02/bin/../lib/gcc/arm-none-eabi/11.2.1/thumb/v7e-m+fp/hard\libgcc.a(_arm_unorddf2.o)
 .ARM.attributes
                0x00000a2a       0x1e c:/program files (x86)/arm gnu toolchain arm-none-eabi/11.2 2022.02/bin/../lib/gcc/arm-none-eabi/11.2.1/thumb/v7e-m+fp/hard\libgcc.a(_arm_fixdfsi.o)
 .ARM.attributes
                0x00000a48       0x1e c:/program files (x86)/arm gnu toolchain arm-none-eabi/11.2 2022.02/bin/../lib/gcc/arm-none-eabi/11.2.1/thumb/v7e-m+fp/hard\libgcc.a(_arm_fixunsdfsi.o)
 .ARM.attributes
                0x00000a66       0x1e c:/program files (x86)/arm gnu toolchain arm-none-eabi/11.2 2022.02/bin/../lib/gcc/arm-none-eabi/11.2.1/thumb/v7e-m+fp/hard\libgcc.a(_arm_truncdfsf2.o)
 .ARM.attributes
                0x00000a84       0x1e c:/program files (x86)/arm gnu toolchain arm-none-eabi/11.2 2022.02/bin/../lib/gcc/arm-none-eabi/11.2.1/thumb/v7e-m+fp/hard\libgcc.a(_aeabi_uldivmod.o)
 .ARM.attributes
                0x00000aa2       0x34 c:/program files (x86)/arm gnu toolchain arm-none-eabi/11.2 2022.02/bin/../lib/gcc/arm-none-eabi/11.2.1/thumb/v7e-m+fp/hard\libgcc.a(_udivmoddi4.o)
 .ARM.attributes
                0x00000ad6       0x1e c:/program files (x86)/arm gnu toolchain arm-none-eabi/11.2 2022.02/bin/../lib/gcc/arm-none-eabi/11.2.1/thumb/v7e-m+fp/hard\libgcc.a(_dvmd_tls.o)
 .ARM.attributes
                0x00000af4       0x34 c:/program files (x86)/arm gnu toolchain arm-none-eabi/11.2 2022.02/bin/../lib/gcc/arm-none-eabi/11.2.1/thumb/v7e-m+fp/hard\libc_nano.a(lib_a-errno.o)
 .ARM.attributes
                0x00000b28       0x34 c:/program files (x86)/arm gnu toolchain arm-none-eabi/11.2 2022.02/bin/../lib/gcc/arm-none-eabi/11.2.1/thumb/v7e-m+fp/hard/crtend.o
 .ARM.attributes
                0x00000b5c       0x1e c:/program files (x86)/arm gnu toolchain arm-none-eabi/11.2 2022.02/bin/../lib/gcc/arm-none-eabi/11.2.1/thumb/v7e-m+fp/hard/crtn.o
OUTPUT(build/StandTurn_Balance.elf elf32-littlearm)
LOAD linker stubs
LOAD c:/program files (x86)/arm gnu toolchain arm-none-eabi/11.2 2022.02/bin/../lib/gcc/arm-none-eabi/11.2.1/thumb/v7e-m+fp/hard\libc.a
LOAD c:/program files (x86)/arm gnu toolchain arm-none-eabi/11.2 2022.02/bin/../lib/gcc/arm-none-eabi/11.2.1/thumb/v7e-m+fp/hard\libm.a
LOAD c:/program files (x86)/arm gnu toolchain arm-none-eabi/11.2 2022.02/bin/../lib/gcc/arm-none-eabi/11.2.1/thumb/v7e-m+fp/hard\libgcc.a

.comment        0x00000000       0x57
 .comment       0x00000000       0x57 c:/program files (x86)/arm gnu toolchain arm-none-eabi/11.2 2022.02/bin/../lib/gcc/arm-none-eabi/11.2.1/thumb/v7e-m+fp/hard/crtbegin.o
                                 0x58 (size before relaxing)
 .comment       0x00000057       0x58 build/gpio.o
 .comment       0x00000057       0x58 build/adc.o
 .comment       0x00000057       0x58 build/dma.o
 .comment       0x00000057       0x58 build/tim.o
 .comment       0x00000057       0x58 build/usart.o
 .comment       0x00000057       0x58 build/stm32f4xx_it.o
 .comment       0x00000057       0x58 build/stm32f4xx_hal_msp.o
 .comment       0x00000057       0x58 build/stm32f4xx_hal_adc.o
 .comment       0x00000057       0x58 build/stm32f4xx_hal_rcc.o
 .comment       0x00000057       0x58 build/stm32f4xx_hal_gpio.o
 .comment       0x00000057       0x58 build/stm32f4xx_hal_dma.o
 .comment       0x00000057       0x58 build/stm32f4xx_hal_cortex.o
 .comment       0x00000057       0x58 build/stm32f4xx_hal.o
 .comment       0x00000057       0x58 build/stm32f4xx_hal_tim.o
 .comment       0x00000057       0x58 build/stm32f4xx_hal_tim_ex.o
 .comment       0x00000057       0x58 build/stm32f4xx_hal_uart.o
 .comment       0x00000057       0x58 build/system_stm32f4xx.o
 .comment       0x00000057       0x58 build/uart_fifo.o
 .comment       0x00000057       0x58 build/ifr-scope_device.o
 .comment       0x00000057       0x58 build/ws2812.o
 .comment       0x00000057       0x58 build/StandTurn_Balance.o
 .comment       0x00000057       0x58 build/main.o
 .comment       0x00000057       0x58 build/rtGetInf.o
 .comment       0x00000057       0x58 build/rtGetNaN.o
 .comment       0x00000057       0x58 build/rt_nonfinite.o
 .comment       0x00000057       0x58 c:/program files (x86)/arm gnu toolchain arm-none-eabi/11.2 2022.02/bin/../lib/gcc/arm-none-eabi/11.2.1/thumb/v7e-m+fp/hard\libc_nano.a(lib_a-impure.o)
 .comment       0x00000057       0x58 c:/program files (x86)/arm gnu toolchain arm-none-eabi/11.2 2022.02/bin/../lib/gcc/arm-none-eabi/11.2.1/thumb/v7e-m+fp/hard\libc_nano.a(lib_a-init.o)
 .comment       0x00000057       0x58 c:/program files (x86)/arm gnu toolchain arm-none-eabi/11.2 2022.02/bin/../lib/gcc/arm-none-eabi/11.2.1/thumb/v7e-m+fp/hard\libc_nano.a(lib_a-memcpy-stub.o)
 .comment       0x00000057       0x58 c:/program files (x86)/arm gnu toolchain arm-none-eabi/11.2 2022.02/bin/../lib/gcc/arm-none-eabi/11.2.1/thumb/v7e-m+fp/hard\libc_nano.a(lib_a-memset.o)
 .comment       0x00000057       0x58 c:/program files (x86)/arm gnu toolchain arm-none-eabi/11.2 2022.02/bin/../lib/gcc/arm-none-eabi/11.2.1/thumb/v7e-m+fp/hard\libc_nano.a(lib_a-sprintf.o)
 .comment       0x00000057       0x58 c:/program files (x86)/arm gnu toolchain arm-none-eabi/11.2 2022.02/bin/../lib/gcc/arm-none-eabi/11.2.1/thumb/v7e-m+fp/hard\libc_nano.a(lib_a-nano-svfprintf.o)
 .comment       0x00000057       0x58 c:/program files (x86)/arm gnu toolchain arm-none-eabi/11.2 2022.02/bin/../lib/gcc/arm-none-eabi/11.2.1/thumb/v7e-m+fp/hard\libc_nano.a(lib_a-nano-vfprintf_i.o)
 .comment       0x00000057       0x58 c:/program files (x86)/arm gnu toolchain arm-none-eabi/11.2 2022.02/bin/../lib/gcc/arm-none-eabi/11.2.1/thumb/v7e-m+fp/hard\libc_nano.a(lib_a-memmove.o)
 .comment       0x00000057       0x58 c:/program files (x86)/arm gnu toolchain arm-none-eabi/11.2 2022.02/bin/../lib/gcc/arm-none-eabi/11.2.1/thumb/v7e-m+fp/hard\libc_nano.a(lib_a-nano-freer.o)
 .comment       0x00000057       0x58 c:/program files (x86)/arm gnu toolchain arm-none-eabi/11.2 2022.02/bin/../lib/gcc/arm-none-eabi/11.2.1/thumb/v7e-m+fp/hard\libc_nano.a(lib_a-nano-mallocr.o)
 .comment       0x00000057       0x58 c:/program files (x86)/arm gnu toolchain arm-none-eabi/11.2 2022.02/bin/../lib/gcc/arm-none-eabi/11.2.1/thumb/v7e-m+fp/hard\libc_nano.a(lib_a-nano-reallocr.o)
 .comment       0x00000057       0x58 c:/program files (x86)/arm gnu toolchain arm-none-eabi/11.2 2022.02/bin/../lib/gcc/arm-none-eabi/11.2.1/thumb/v7e-m+fp/hard\libc_nano.a(lib_a-sbrkr.o)
 .comment       0x00000057       0x58 c:/program files (x86)/arm gnu toolchain arm-none-eabi/11.2 2022.02/bin/../lib/gcc/arm-none-eabi/11.2.1/thumb/v7e-m+fp/hard\libc_nano.a(lib_a-mlock.o)
 .comment       0x00000057       0x58 c:/program files (x86)/arm gnu toolchain arm-none-eabi/11.2 2022.02/bin/../lib/gcc/arm-none-eabi/11.2.1/thumb/v7e-m+fp/hard\libc_nano.a(lib_a-nano-msizer.o)
 .comment       0x00000057       0x58 c:/program files (x86)/arm gnu toolchain arm-none-eabi/11.2 2022.02/bin/../lib/gcc/arm-none-eabi/11.2.1/thumb/v7e-m+fp/hard\libc_nano.a(lib_a-reent.o)
 .comment       0x00000057       0x58 c:/program files (x86)/arm gnu toolchain arm-none-eabi/11.2 2022.02/bin/../lib/gcc/arm-none-eabi/11.2.1/thumb/v7e-m+fp/hard\libm.a(lib_a-s_floor.o)
 .comment       0x00000057       0x58 c:/program files (x86)/arm gnu toolchain arm-none-eabi/11.2 2022.02/bin/../lib/gcc/arm-none-eabi/11.2.1/thumb/v7e-m+fp/hard\libm.a(lib_a-w_fmod.o)
 .comment       0x00000057       0x58 c:/program files (x86)/arm gnu toolchain arm-none-eabi/11.2 2022.02/bin/../lib/gcc/arm-none-eabi/11.2.1/thumb/v7e-m+fp/hard\libm.a(lib_a-e_fmod.o)
 .comment       0x00000057       0x58 c:/program files (x86)/arm gnu toolchain arm-none-eabi/11.2 2022.02/bin/../lib/gcc/arm-none-eabi/11.2.1/thumb/v7e-m+fp/hard\libnosys.a(sbrk.o)
 .comment       0x00000057       0x58 c:/program files (x86)/arm gnu toolchain arm-none-eabi/11.2 2022.02/bin/../lib/gcc/arm-none-eabi/11.2.1/thumb/v7e-m+fp/hard\libgcc.a(_udivmoddi4.o)
 .comment       0x00000057       0x58 c:/program files (x86)/arm gnu toolchain arm-none-eabi/11.2 2022.02/bin/../lib/gcc/arm-none-eabi/11.2.1/thumb/v7e-m+fp/hard\libc_nano.a(lib_a-errno.o)
 .comment       0x00000057       0x58 c:/program files (x86)/arm gnu toolchain arm-none-eabi/11.2 2022.02/bin/../lib/gcc/arm-none-eabi/11.2.1/thumb/v7e-m+fp/hard/crtend.o

.debug_info     0x00000000    0x23da8
 .debug_info    0x00000000      0x548 build/gpio.o
 .debug_info    0x00000548     0x13b9 build/adc.o
 .debug_info    0x00001901      0x6a6 build/dma.o
 .debug_info    0x00001fa7     0x1c05 build/tim.o
 .debug_info    0x00003bac     0x1b95 build/usart.o
 .debug_info    0x00005741      0xd08 build/stm32f4xx_it.o
 .debug_info    0x00006449      0x2eb build/stm32f4xx_hal_msp.o
 .debug_info    0x00006734     0x1039 build/stm32f4xx_hal_adc.o
 .debug_info    0x0000776d      0xc0a build/stm32f4xx_hal_rcc.o
 .debug_info    0x00008377      0x848 build/stm32f4xx_hal_gpio.o
 .debug_info    0x00008bbf      0xbce build/stm32f4xx_hal_dma.o
 .debug_info    0x0000978d     0x1168 build/stm32f4xx_hal_cortex.o
 .debug_info    0x0000a8f5      0xae8 build/stm32f4xx_hal.o
 .debug_info    0x0000b3dd     0x40c2 build/stm32f4xx_hal_tim.o
 .debug_info    0x0000f49f     0x1d52 build/stm32f4xx_hal_tim_ex.o
 .debug_info    0x000111f1     0x4425 build/stm32f4xx_hal_uart.o
 .debug_info    0x00015616      0x5b3 build/system_stm32f4xx.o
 .debug_info    0x00015bc9      0x79d build/uart_fifo.o
 .debug_info    0x00016366     0x117a build/ifr-scope_device.o
 .debug_info    0x000174e0      0x744 build/ws2812.o
 .debug_info    0x00017c24     0x17e1 build/StandTurn_Balance.o
 .debug_info    0x00019405     0x19f6 build/main.o
 .debug_info    0x0001adfb      0x284 build/rtGetInf.o
 .debug_info    0x0001b07f      0x1e1 build/rtGetNaN.o
 .debug_info    0x0001b260      0x3fd build/rt_nonfinite.o
 .debug_info    0x0001b65d       0x22 build/startup_stm32f405xx.o
 .debug_info    0x0001b67f      0x7fc c:/program files (x86)/arm gnu toolchain arm-none-eabi/11.2 2022.02/bin/../lib/gcc/arm-none-eabi/11.2.1/thumb/v7e-m+fp/hard\libc_nano.a(lib_a-impure.o)
 .debug_info    0x0001be7b      0x10b c:/program files (x86)/arm gnu toolchain arm-none-eabi/11.2 2022.02/bin/../lib/gcc/arm-none-eabi/11.2.1/thumb/v7e-m+fp/hard\libc_nano.a(lib_a-init.o)
 .debug_info    0x0001bf86      0x121 c:/program files (x86)/arm gnu toolchain arm-none-eabi/11.2 2022.02/bin/../lib/gcc/arm-none-eabi/11.2.1/thumb/v7e-m+fp/hard\libc_nano.a(lib_a-memcpy-stub.o)
 .debug_info    0x0001c0a7       0xe0 c:/program files (x86)/arm gnu toolchain arm-none-eabi/11.2 2022.02/bin/../lib/gcc/arm-none-eabi/11.2.1/thumb/v7e-m+fp/hard\libc_nano.a(lib_a-memset.o)
 .debug_info    0x0001c187      0x8d5 c:/program files (x86)/arm gnu toolchain arm-none-eabi/11.2 2022.02/bin/../lib/gcc/arm-none-eabi/11.2.1/thumb/v7e-m+fp/hard\libc_nano.a(lib_a-sprintf.o)
 .debug_info    0x0001ca5c       0x24 c:/program files (x86)/arm gnu toolchain arm-none-eabi/11.2 2022.02/bin/../lib/gcc/arm-none-eabi/11.2.1/thumb/v7e-m+fp/hard\libc_nano.a(lib_a-strcmp.o)
 .debug_info    0x0001ca80       0x24 c:/program files (x86)/arm gnu toolchain arm-none-eabi/11.2 2022.02/bin/../lib/gcc/arm-none-eabi/11.2.1/thumb/v7e-m+fp/hard\libc_nano.a(lib_a-strlen.o)
 .debug_info    0x0001caa4     0x111a c:/program files (x86)/arm gnu toolchain arm-none-eabi/11.2 2022.02/bin/../lib/gcc/arm-none-eabi/11.2.1/thumb/v7e-m+fp/hard\libc_nano.a(lib_a-nano-svfprintf.o)
 .debug_info    0x0001dbbe      0xe38 c:/program files (x86)/arm gnu toolchain arm-none-eabi/11.2 2022.02/bin/../lib/gcc/arm-none-eabi/11.2.1/thumb/v7e-m+fp/hard\libc_nano.a(lib_a-nano-vfprintf_i.o)
 .debug_info    0x0001e9f6       0x25 c:/program files (x86)/arm gnu toolchain arm-none-eabi/11.2 2022.02/bin/../lib/gcc/arm-none-eabi/11.2.1/thumb/v7e-m+fp/hard\libc_nano.a(lib_a-memchr.o)
 .debug_info    0x0001ea1b      0x10f c:/program files (x86)/arm gnu toolchain arm-none-eabi/11.2 2022.02/bin/../lib/gcc/arm-none-eabi/11.2.1/thumb/v7e-m+fp/hard\libc_nano.a(lib_a-memmove.o)
 .debug_info    0x0001eb2a      0x89c c:/program files (x86)/arm gnu toolchain arm-none-eabi/11.2 2022.02/bin/../lib/gcc/arm-none-eabi/11.2.1/thumb/v7e-m+fp/hard\libc_nano.a(lib_a-nano-freer.o)
 .debug_info    0x0001f3c6      0xa12 c:/program files (x86)/arm gnu toolchain arm-none-eabi/11.2 2022.02/bin/../lib/gcc/arm-none-eabi/11.2.1/thumb/v7e-m+fp/hard\libc_nano.a(lib_a-nano-mallocr.o)
 .debug_info    0x0001fdd8      0x91d c:/program files (x86)/arm gnu toolchain arm-none-eabi/11.2 2022.02/bin/../lib/gcc/arm-none-eabi/11.2.1/thumb/v7e-m+fp/hard\libc_nano.a(lib_a-nano-reallocr.o)
 .debug_info    0x000206f5      0x7d2 c:/program files (x86)/arm gnu toolchain arm-none-eabi/11.2 2022.02/bin/../lib/gcc/arm-none-eabi/11.2.1/thumb/v7e-m+fp/hard\libc_nano.a(lib_a-sbrkr.o)
 .debug_info    0x00020ec7      0x77c c:/program files (x86)/arm gnu toolchain arm-none-eabi/11.2 2022.02/bin/../lib/gcc/arm-none-eabi/11.2.1/thumb/v7e-m+fp/hard\libc_nano.a(lib_a-mlock.o)
 .debug_info    0x00021643      0x7ea c:/program files (x86)/arm gnu toolchain arm-none-eabi/11.2 2022.02/bin/../lib/gcc/arm-none-eabi/11.2.1/thumb/v7e-m+fp/hard\libc_nano.a(lib_a-nano-msizer.o)
 .debug_info    0x00021e2d      0x92c c:/program files (x86)/arm gnu toolchain arm-none-eabi/11.2 2022.02/bin/../lib/gcc/arm-none-eabi/11.2.1/thumb/v7e-m+fp/hard\libc_nano.a(lib_a-reent.o)
 .debug_info    0x00022759      0x216 c:/program files (x86)/arm gnu toolchain arm-none-eabi/11.2 2022.02/bin/../lib/gcc/arm-none-eabi/11.2.1/thumb/v7e-m+fp/hard\libm.a(lib_a-s_floor.o)
 .debug_info    0x0002296f      0x16c c:/program files (x86)/arm gnu toolchain arm-none-eabi/11.2 2022.02/bin/../lib/gcc/arm-none-eabi/11.2.1/thumb/v7e-m+fp/hard\libm.a(lib_a-w_fmod.o)
 .debug_info    0x00022adb      0x2b3 c:/program files (x86)/arm gnu toolchain arm-none-eabi/11.2 2022.02/bin/../lib/gcc/arm-none-eabi/11.2.1/thumb/v7e-m+fp/hard\libm.a(lib_a-e_fmod.o)
 .debug_info    0x00022d8e       0x9e c:/program files (x86)/arm gnu toolchain arm-none-eabi/11.2 2022.02/bin/../lib/gcc/arm-none-eabi/11.2.1/thumb/v7e-m+fp/hard\libnosys.a(sbrk.o)
 .debug_info    0x00022e2c       0x25 c:/program files (x86)/arm gnu toolchain arm-none-eabi/11.2 2022.02/bin/../lib/gcc/arm-none-eabi/11.2.1/thumb/v7e-m+fp/hard\libgcc.a(_arm_addsubdf3.o)
 .debug_info    0x00022e51       0x25 c:/program files (x86)/arm gnu toolchain arm-none-eabi/11.2 2022.02/bin/../lib/gcc/arm-none-eabi/11.2.1/thumb/v7e-m+fp/hard\libgcc.a(_arm_muldivdf3.o)
 .debug_info    0x00022e76       0x25 c:/program files (x86)/arm gnu toolchain arm-none-eabi/11.2 2022.02/bin/../lib/gcc/arm-none-eabi/11.2.1/thumb/v7e-m+fp/hard\libgcc.a(_arm_cmpdf2.o)
 .debug_info    0x00022e9b       0x24 c:/program files (x86)/arm gnu toolchain arm-none-eabi/11.2 2022.02/bin/../lib/gcc/arm-none-eabi/11.2.1/thumb/v7e-m+fp/hard\libgcc.a(_arm_unorddf2.o)
 .debug_info    0x00022ebf       0x24 c:/program files (x86)/arm gnu toolchain arm-none-eabi/11.2 2022.02/bin/../lib/gcc/arm-none-eabi/11.2.1/thumb/v7e-m+fp/hard\libgcc.a(_arm_fixdfsi.o)
 .debug_info    0x00022ee3       0x24 c:/program files (x86)/arm gnu toolchain arm-none-eabi/11.2 2022.02/bin/../lib/gcc/arm-none-eabi/11.2.1/thumb/v7e-m+fp/hard\libgcc.a(_arm_fixunsdfsi.o)
 .debug_info    0x00022f07       0x25 c:/program files (x86)/arm gnu toolchain arm-none-eabi/11.2 2022.02/bin/../lib/gcc/arm-none-eabi/11.2.1/thumb/v7e-m+fp/hard\libgcc.a(_arm_truncdfsf2.o)
 .debug_info    0x00022f2c       0x24 c:/program files (x86)/arm gnu toolchain arm-none-eabi/11.2 2022.02/bin/../lib/gcc/arm-none-eabi/11.2.1/thumb/v7e-m+fp/hard\libgcc.a(_aeabi_uldivmod.o)
 .debug_info    0x00022f50      0x6e3 c:/program files (x86)/arm gnu toolchain arm-none-eabi/11.2 2022.02/bin/../lib/gcc/arm-none-eabi/11.2.1/thumb/v7e-m+fp/hard\libgcc.a(_udivmoddi4.o)
 .debug_info    0x00023633       0x24 c:/program files (x86)/arm gnu toolchain arm-none-eabi/11.2 2022.02/bin/../lib/gcc/arm-none-eabi/11.2.1/thumb/v7e-m+fp/hard\libgcc.a(_dvmd_tls.o)
 .debug_info    0x00023657      0x751 c:/program files (x86)/arm gnu toolchain arm-none-eabi/11.2 2022.02/bin/../lib/gcc/arm-none-eabi/11.2.1/thumb/v7e-m+fp/hard\libc_nano.a(lib_a-errno.o)

.debug_abbrev   0x00000000     0x59c3
 .debug_abbrev  0x00000000      0x160 build/gpio.o
 .debug_abbrev  0x00000160      0x2b1 build/adc.o
 .debug_abbrev  0x00000411      0x12f build/dma.o
 .debug_abbrev  0x00000540      0x284 build/tim.o
 .debug_abbrev  0x000007c4      0x3f9 build/usart.o
 .debug_abbrev  0x00000bbd      0x1ec build/stm32f4xx_it.o
 .debug_abbrev  0x00000da9       0xd3 build/stm32f4xx_hal_msp.o
 .debug_abbrev  0x00000e7c      0x2c7 build/stm32f4xx_hal_adc.o
 .debug_abbrev  0x00001143      0x2de build/stm32f4xx_hal_rcc.o
 .debug_abbrev  0x00001421      0x22b build/stm32f4xx_hal_gpio.o
 .debug_abbrev  0x0000164c      0x2fe build/stm32f4xx_hal_dma.o
 .debug_abbrev  0x0000194a      0x371 build/stm32f4xx_hal_cortex.o
 .debug_abbrev  0x00001cbb      0x244 build/stm32f4xx_hal.o
 .debug_abbrev  0x00001eff      0x2b6 build/stm32f4xx_hal_tim.o
 .debug_abbrev  0x000021b5      0x2b0 build/stm32f4xx_hal_tim_ex.o
 .debug_abbrev  0x00002465      0x36f build/stm32f4xx_hal_uart.o
 .debug_abbrev  0x000027d4      0x11b build/system_stm32f4xx.o
 .debug_abbrev  0x000028ef      0x1d5 build/uart_fifo.o
 .debug_abbrev  0x00002ac4      0x2c4 build/ifr-scope_device.o
 .debug_abbrev  0x00002d88      0x1aa build/ws2812.o
 .debug_abbrev  0x00002f32      0x281 build/StandTurn_Balance.o
 .debug_abbrev  0x000031b3      0x2fc build/main.o
 .debug_abbrev  0x000034af      0x104 build/rtGetInf.o
 .debug_abbrev  0x000035b3       0xf0 build/rtGetNaN.o
 .debug_abbrev  0x000036a3      0x192 build/rt_nonfinite.o
 .debug_abbrev  0x00003835       0x12 build/startup_stm32f405xx.o
 .debug_abbrev  0x00003847      0x15a c:/program files (x86)/arm gnu toolchain arm-none-eabi/11.2 2022.02/bin/../lib/gcc/arm-none-eabi/11.2.1/thumb/v7e-m+fp/hard\libc_nano.a(lib_a-impure.o)
 .debug_abbrev  0x000039a1       0xc9 c:/program files (x86)/arm gnu toolchain arm-none-eabi/11.2 2022.02/bin/../lib/gcc/arm-none-eabi/11.2.1/thumb/v7e-m+fp/hard\libc_nano.a(lib_a-init.o)
 .debug_abbrev  0x00003a6a       0xc1 c:/program files (x86)/arm gnu toolchain arm-none-eabi/11.2 2022.02/bin/../lib/gcc/arm-none-eabi/11.2.1/thumb/v7e-m+fp/hard\libc_nano.a(lib_a-memcpy-stub.o)
 .debug_abbrev  0x00003b2b       0x9e c:/program files (x86)/arm gnu toolchain arm-none-eabi/11.2 2022.02/bin/../lib/gcc/arm-none-eabi/11.2.1/thumb/v7e-m+fp/hard\libc_nano.a(lib_a-memset.o)
 .debug_abbrev  0x00003bc9      0x21c c:/program files (x86)/arm gnu toolchain arm-none-eabi/11.2 2022.02/bin/../lib/gcc/arm-none-eabi/11.2.1/thumb/v7e-m+fp/hard\libc_nano.a(lib_a-sprintf.o)
 .debug_abbrev  0x00003de5       0x14 c:/program files (x86)/arm gnu toolchain arm-none-eabi/11.2 2022.02/bin/../lib/gcc/arm-none-eabi/11.2.1/thumb/v7e-m+fp/hard\libc_nano.a(lib_a-strcmp.o)
 .debug_abbrev  0x00003df9       0x14 c:/program files (x86)/arm gnu toolchain arm-none-eabi/11.2 2022.02/bin/../lib/gcc/arm-none-eabi/11.2.1/thumb/v7e-m+fp/hard\libc_nano.a(lib_a-strlen.o)
 .debug_abbrev  0x00003e0d      0x315 c:/program files (x86)/arm gnu toolchain arm-none-eabi/11.2 2022.02/bin/../lib/gcc/arm-none-eabi/11.2.1/thumb/v7e-m+fp/hard\libc_nano.a(lib_a-nano-svfprintf.o)
 .debug_abbrev  0x00004122      0x285 c:/program files (x86)/arm gnu toolchain arm-none-eabi/11.2 2022.02/bin/../lib/gcc/arm-none-eabi/11.2.1/thumb/v7e-m+fp/hard\libc_nano.a(lib_a-nano-vfprintf_i.o)
 .debug_abbrev  0x000043a7       0x14 c:/program files (x86)/arm gnu toolchain arm-none-eabi/11.2 2022.02/bin/../lib/gcc/arm-none-eabi/11.2.1/thumb/v7e-m+fp/hard\libc_nano.a(lib_a-memchr.o)
 .debug_abbrev  0x000043bb       0xac c:/program files (x86)/arm gnu toolchain arm-none-eabi/11.2 2022.02/bin/../lib/gcc/arm-none-eabi/11.2.1/thumb/v7e-m+fp/hard\libc_nano.a(lib_a-memmove.o)
 .debug_abbrev  0x00004467      0x23b c:/program files (x86)/arm gnu toolchain arm-none-eabi/11.2 2022.02/bin/../lib/gcc/arm-none-eabi/11.2.1/thumb/v7e-m+fp/hard\libc_nano.a(lib_a-nano-freer.o)
 .debug_abbrev  0x000046a2      0x24a c:/program files (x86)/arm gnu toolchain arm-none-eabi/11.2 2022.02/bin/../lib/gcc/arm-none-eabi/11.2.1/thumb/v7e-m+fp/hard\libc_nano.a(lib_a-nano-mallocr.o)
 .debug_abbrev  0x000048ec      0x217 c:/program files (x86)/arm gnu toolchain arm-none-eabi/11.2 2022.02/bin/../lib/gcc/arm-none-eabi/11.2.1/thumb/v7e-m+fp/hard\libc_nano.a(lib_a-nano-reallocr.o)
 .debug_abbrev  0x00004b03      0x1da c:/program files (x86)/arm gnu toolchain arm-none-eabi/11.2 2022.02/bin/../lib/gcc/arm-none-eabi/11.2.1/thumb/v7e-m+fp/hard\libc_nano.a(lib_a-sbrkr.o)
 .debug_abbrev  0x00004cdd      0x192 c:/program files (x86)/arm gnu toolchain arm-none-eabi/11.2 2022.02/bin/../lib/gcc/arm-none-eabi/11.2.1/thumb/v7e-m+fp/hard\libc_nano.a(lib_a-mlock.o)
 .debug_abbrev  0x00004e6f      0x196 c:/program files (x86)/arm gnu toolchain arm-none-eabi/11.2 2022.02/bin/../lib/gcc/arm-none-eabi/11.2.1/thumb/v7e-m+fp/hard\libc_nano.a(lib_a-nano-msizer.o)